              :-) GROMACS - gmx mdrun, 2020.1-Ubuntu-2020.1-1 (-:

                            GROMACS is written by:
     Emile Apol      Rossen Apostolov      Paul Bauer     Herman J.C. Berendsen
    Par Bjelkmar      Christian Blau   Viacheslav Bolnykh     Kevin Boyd    
 Aldert van Buuren   Rudi van Drunen     Anton Feenstra       Alan Gray     
  Gerrit Groenhof     Anca Hamuraru    Vincent Hindriksen  M. Eric Irrgang  
  Aleksei Iupinov   Christoph Junghans     Joe Jordan     Dimitrios Karkoulis
    Peter Kasson        Jiri Kraus      Carsten Kutzner      Per Larsson    
  Justin A. Lemkul    Viveca Lindahl    Magnus Lundborg     Erik Marklund   
    Pascal Merz     Pieter Meulenhoff    Teemu Murtola       Szilard Pall   
    Sander Pronk      Roland Schulz      Michael Shirts    Alexey Shvetsov  
   Alfons Sijbers     Peter Tieleman      Jon Vincent      Teemu Virolainen 
 Christian Wennberg    Maarten Wolf      Artem Zhmurov   
                           and the project leaders:
        Mark Abraham, Berk Hess, Erik Lindahl, and David van der Spoel

Copyright (c) 1991-2000, University of Groningen, The Netherlands.
Copyright (c) 2001-2019, The GROMACS development team at
Uppsala University, Stockholm University and
the Royal Institute of Technology, Sweden.
check out http://www.gromacs.org for more information.

GROMACS is free software; you can redistribute it and/or modify it
under the terms of the GNU Lesser General Public License
as published by the Free Software Foundation; either version 2.1
of the License, or (at your option) any later version.

GROMACS:      gmx mdrun, version 2020.1-Ubuntu-2020.1-1
Executable:   /usr/bin/gmx
Data prefix:  /usr
Working dir:  /home/hacortes/Li-EMDLab/input_files
Process ID:   22611
Command line:
  gmx mdrun -v -deffnm em

GROMACS version:    2020.1-Ubuntu-2020.1-1
Precision:          single
Memory model:       64 bit
MPI library:        thread_mpi
OpenMP support:     enabled (GMX_OPENMP_MAX_THREADS = 64)
GPU support:        disabled
SIMD instructions:  SSE2
FFT library:        fftw-3.3.8-sse2-avx
RDTSCP usage:       disabled
TNG support:        enabled
Hwloc support:      hwloc-2.1.0
Tracing support:    disabled
C compiler:         /usr/bin/cc GNU 9.3.0
C compiler flags:   -msse2 -fexcess-precision=fast -funroll-all-loops
C++ compiler:       /usr/bin/c++ GNU 9.3.0
C++ compiler flags: -msse2 -fexcess-precision=fast -funroll-all-loops -fopenmp


Running on 1 node with total 4 cores, 8 logical cores
Hardware detected:
  CPU info:
    Vendor: Intel
    Brand:  Intel(R) Core(TM) i7-10510U CPU @ 1.80GHz
    Family: 6   Model: 142   Stepping: 12
    Features: aes apic avx avx2 clfsh cmov cx8 cx16 f16c fma htt intel lahf mmx msr nonstop_tsc pcid pclmuldq pdcm pdpe1gb popcnt pse rdrnd rdtscp sse2 sse3 sse4.1 sse4.2 ssse3 tdt x2apic
  Hardware topology: Full, with devices
    Sockets, cores, and logical processors:
      Socket  0: [   0   4] [   1   5] [   2   6] [   3   7]
    Numa nodes:
      Node  0 (16443695104 bytes mem):   0   4   1   5   2   6   3   7
      Latency:
               0
         0  1.00
    Caches:
      L1: 32768 bytes, linesize 64 bytes, assoc. 8, shared 2 ways
      L2: 262144 bytes, linesize 64 bytes, assoc. 4, shared 2 ways
      L3: 8388608 bytes, linesize 64 bytes, assoc. 16, shared 8 ways
    PCI devices:
      0000:00:02.0  Id: 8086:9b41  Class: 0x0300  Numa: 0
      0000:02:00.0  Id: 8086:2723  Class: 0x0280  Numa: 0
      0000:71:00.0  Id: 15b7:5006  Class: 0x0108  Numa: 0

Highest SIMD level requested by all nodes in run: AVX2_256
SIMD instructions selected at compile time:       SSE2
This program was compiled for different hardware than you are running on,
which could influence performance.
The current CPU can measure timings more accurately than the code in
gmx mdrun was configured to use. This might affect your simulation
speed as accurate timings are needed for load-balancing.
Please consider rebuilding gmx mdrun with the GMX_USE_RDTSCP=ON CMake option.

++++ PLEASE READ AND CITE THE FOLLOWING REFERENCE ++++
M. J. Abraham, T. Murtola, R. Schulz, S. Páll, J. C. Smith, B. Hess, E.
Lindahl
GROMACS: High performance molecular simulations through multi-level
parallelism from laptops to supercomputers
SoftwareX 1 (2015) pp. 19-25
-------- -------- --- Thank You --- -------- --------


++++ PLEASE READ AND CITE THE FOLLOWING REFERENCE ++++
S. Páll, M. J. Abraham, C. Kutzner, B. Hess, E. Lindahl
Tackling Exascale Software Challenges in Molecular Dynamics Simulations with
GROMACS
In S. Markidis & E. Laure (Eds.), Solving Software Challenges for Exascale 8759 (2015) pp. 3-27
-------- -------- --- Thank You --- -------- --------


++++ PLEASE READ AND CITE THE FOLLOWING REFERENCE ++++
S. Pronk, S. Páll, R. Schulz, P. Larsson, P. Bjelkmar, R. Apostolov, M. R.
Shirts, J. C. Smith, P. M. Kasson, D. van der Spoel, B. Hess, and E. Lindahl
GROMACS 4.5: a high-throughput and highly parallel open source molecular
simulation toolkit
Bioinformatics 29 (2013) pp. 845-54
-------- -------- --- Thank You --- -------- --------


++++ PLEASE READ AND CITE THE FOLLOWING REFERENCE ++++
B. Hess and C. Kutzner and D. van der Spoel and E. Lindahl
GROMACS 4: Algorithms for highly efficient, load-balanced, and scalable
molecular simulation
J. Chem. Theory Comput. 4 (2008) pp. 435-447
-------- -------- --- Thank You --- -------- --------


++++ PLEASE READ AND CITE THE FOLLOWING REFERENCE ++++
D. van der Spoel, E. Lindahl, B. Hess, G. Groenhof, A. E. Mark and H. J. C.
Berendsen
GROMACS: Fast, Flexible and Free
J. Comp. Chem. 26 (2005) pp. 1701-1719
-------- -------- --- Thank You --- -------- --------


++++ PLEASE READ AND CITE THE FOLLOWING REFERENCE ++++
E. Lindahl and B. Hess and D. van der Spoel
GROMACS 3.0: A package for molecular simulation and trajectory analysis
J. Mol. Mod. 7 (2001) pp. 306-317
-------- -------- --- Thank You --- -------- --------


++++ PLEASE READ AND CITE THE FOLLOWING REFERENCE ++++
H. J. C. Berendsen, D. van der Spoel and R. van Drunen
GROMACS: A message-passing parallel molecular dynamics implementation
Comp. Phys. Comm. 91 (1995) pp. 43-56
-------- -------- --- Thank You --- -------- --------

Input Parameters:
   integrator                     = steep
   tinit                          = 0
   dt                             = 0.001
   nsteps                         = 50000
   init-step                      = 0
   simulation-part                = 1
   comm-mode                      = Linear
   nstcomm                        = 100
   bd-fric                        = 0
   ld-seed                        = -948198329
   emtol                          = 1000
   emstep                         = 0.01
   niter                          = 20
   fcstep                         = 0
   nstcgsteep                     = 1000
   nbfgscorr                      = 10
   rtpi                           = 0.05
   nstxout                        = 0
   nstvout                        = 0
   nstfout                        = 0
   nstlog                         = 1000
   nstcalcenergy                  = 100
   nstenergy                      = 1000
   nstxout-compressed             = 0
   compressed-x-precision         = 1000
   cutoff-scheme                  = Verlet
   nstlist                        = 1
   pbc                            = xyz
   periodic-molecules             = false
   verlet-buffer-tolerance        = 0.005
   rlist                          = 1
   coulombtype                    = PME
   coulomb-modifier               = Potential-shift
   rcoulomb-switch                = 0
   rcoulomb                       = 1
   epsilon-r                      = 1
   epsilon-rf                     = inf
   vdw-type                       = Cut-off
   vdw-modifier                   = Potential-shift
   rvdw-switch                    = 0
   rvdw                           = 1
   DispCorr                       = No
   table-extension                = 1
   fourierspacing                 = 0.12
   fourier-nx                     = 36
   fourier-ny                     = 36
   fourier-nz                     = 36
   pme-order                      = 4
   ewald-rtol                     = 1e-05
   ewald-rtol-lj                  = 0.001
   lj-pme-comb-rule               = Geometric
   ewald-geometry                 = 0
   epsilon-surface                = 0
   tcoupl                         = No
   nsttcouple                     = -1
   nh-chain-length                = 0
   print-nose-hoover-chain-variables = false
   pcoupl                         = No
   pcoupltype                     = Isotropic
   nstpcouple                     = -1
   tau-p                          = 1
   compressibility (3x3):
      compressibility[    0]={ 0.00000e+00,  0.00000e+00,  0.00000e+00}
      compressibility[    1]={ 0.00000e+00,  0.00000e+00,  0.00000e+00}
      compressibility[    2]={ 0.00000e+00,  0.00000e+00,  0.00000e+00}
   ref-p (3x3):
      ref-p[    0]={ 0.00000e+00,  0.00000e+00,  0.00000e+00}
      ref-p[    1]={ 0.00000e+00,  0.00000e+00,  0.00000e+00}
      ref-p[    2]={ 0.00000e+00,  0.00000e+00,  0.00000e+00}
   refcoord-scaling               = No
   posres-com (3):
      posres-com[0]= 0.00000e+00
      posres-com[1]= 0.00000e+00
      posres-com[2]= 0.00000e+00
   posres-comB (3):
      posres-comB[0]= 0.00000e+00
      posres-comB[1]= 0.00000e+00
      posres-comB[2]= 0.00000e+00
   QMMM                           = false
   QMconstraints                  = 0
   QMMMscheme                     = 0
   MMChargeScaleFactor            = 1
qm-opts:
   ngQM                           = 0
   constraint-algorithm           = Lincs
   continuation                   = false
   Shake-SOR                      = false
   shake-tol                      = 0.0001
   lincs-order                    = 4
   lincs-iter                     = 1
   lincs-warnangle                = 30
   nwall                          = 0
   wall-type                      = 9-3
   wall-r-linpot                  = -1
   wall-atomtype[0]               = -1
   wall-atomtype[1]               = -1
   wall-density[0]                = 0
   wall-density[1]                = 0
   wall-ewald-zfac                = 3
   pull                           = false
   awh                            = false
   rotation                       = false
   interactiveMD                  = false
   disre                          = No
   disre-weighting                = Conservative
   disre-mixed                    = false
   dr-fc                          = 1000
   dr-tau                         = 0
   nstdisreout                    = 100
   orire-fc                       = 0
   orire-tau                      = 0
   nstorireout                    = 100
   free-energy                    = no
   cos-acceleration               = 0
   deform (3x3):
      deform[    0]={ 0.00000e+00,  0.00000e+00,  0.00000e+00}
      deform[    1]={ 0.00000e+00,  0.00000e+00,  0.00000e+00}
      deform[    2]={ 0.00000e+00,  0.00000e+00,  0.00000e+00}
   simulated-tempering            = false
   swapcoords                     = no
   userint1                       = 0
   userint2                       = 0
   userint3                       = 0
   userint4                       = 0
   userreal1                      = 0
   userreal2                      = 0
   userreal3                      = 0
   userreal4                      = 0
   applied-forces:
     electric-field:
       x:
         E0                       = 0
         omega                    = 0
         t0                       = 0
         sigma                    = 0
       y:
         E0                       = 0
         omega                    = 0
         t0                       = 0
         sigma                    = 0
       z:
         E0                       = 0
         omega                    = 0
         t0                       = 0
         sigma                    = 0
     density-guided-simulation:
       active                     = false
       group                      = protein
       similarity-measure         = inner-product
       atom-spreading-weight      = unity
       force-constant             = 1e+09
       gaussian-transform-spreading-width = 0.2
       gaussian-transform-spreading-range-in-multiples-of-width = 4
       reference-density-filename = reference.mrc
       nst                        = 1
       normalize-densities        = true
       adaptive-force-scaling     = false
       adaptive-force-scaling-time-constant = 4
grpopts:
   nrdf:        9285
   ref-t:           0
   tau-t:           0
annealing:          No
annealing-npoints:           0
   acc:	           0           0           0
   nfreeze:           N           N           N
   energygrp-flags[  0]: 0


Using 1 MPI thread

Non-default thread affinity set, disabling internal thread affinity

Using 8 OpenMP threads 

System total charge: -0.000
Will do PME sum in reciprocal space for electrostatic interactions.

++++ PLEASE READ AND CITE THE FOLLOWING REFERENCE ++++
U. Essmann, L. Perera, M. L. Berkowitz, T. Darden, H. Lee and L. G. Pedersen 
A smooth particle mesh Ewald method
J. Chem. Phys. 103 (1995) pp. 8577-8592
-------- -------- --- Thank You --- -------- --------

Using a Gaussian width (1/beta) of 0.320163 nm for Ewald
Potential shift: LJ r^-12: -1.000e+00 r^-6: -1.000e+00, Ewald -1.000e-05
Initialized non-bonded Coulomb Ewald tables, spacing: 9.33e-04 size: 1073

Generated table with 1000 data points for 1-4 COUL.
Tabscale = 500 points/nm
Generated table with 1000 data points for 1-4 LJ6.
Tabscale = 500 points/nm
Generated table with 1000 data points for 1-4 LJ12.
Tabscale = 500 points/nm

Using SIMD 4x4 nonbonded short-range kernels

Using a 4x4 pair-list setup:
  updated every 1 steps, buffer 0.000 nm, rlist 1.000 nm

Using Lorentz-Berthelot Lennard-Jones combination rule

Removing pbc first time

Note that activating steepest-descent energy minimization via the integrator .mdp option and the command gmx mdrun may be available in a different form in a future version of GROMACS, e.g. gmx minimize and an .mdp option.
Initiating Steepest Descents
Started Steepest Descents on rank 0 Tue Dec 30 15:01:45 2025


Steepest Descents:
   Tolerance (Fmax)   =  1.00000e+03
   Number of steps    =        50000
           Step           Time
              0        0.00000

   Energies (kJ/mol)
           Bond          Angle Ryckaert-Bell.          LJ-14     Coulomb-14
    5.74115e+03    4.68843e+03   -5.55054e+03    0.00000e+00   -4.34204e+04
        LJ (SR)   Coulomb (SR)   Coul. recip.      Potential Pressure (bar)
    1.38492e+06   -1.62763e+04    1.69089e+04    1.34702e+06    1.45992e+06

           Step           Time
              1        1.00000

   Energies (kJ/mol)
           Bond          Angle Ryckaert-Bell.          LJ-14     Coulomb-14
    5.72617e+03    4.68852e+03   -5.55032e+03    0.00000e+00   -4.34223e+04
        LJ (SR)   Coulomb (SR)   Coul. recip.      Potential Pressure (bar)
    8.09480e+05   -1.62671e+04    1.69156e+04    7.71571e+05    8.62292e+05

           Step           Time
              2        2.00000

   Energies (kJ/mol)
           Bond          Angle Ryckaert-Bell.          LJ-14     Coulomb-14
    5.75273e+03    4.69967e+03   -5.54889e+03    0.00000e+00   -4.34298e+04
        LJ (SR)   Coulomb (SR)   Coul. recip.      Potential Pressure (bar)
    5.24834e+05   -1.62762e+04    1.69218e+04    4.86953e+05    5.66338e+05

           Step           Time
              3        3.00000

   Energies (kJ/mol)
           Bond          Angle Ryckaert-Bell.          LJ-14     Coulomb-14
    5.91058e+03    4.74609e+03   -5.54586e+03    0.00000e+00   -4.34523e+04
        LJ (SR)   Coulomb (SR)   Coul. recip.      Potential Pressure (bar)
    3.83626e+05   -1.62662e+04    1.69238e+04    3.45942e+05    4.19458e+05

           Step           Time
              4        4.00000

   Energies (kJ/mol)
           Bond          Angle Ryckaert-Bell.          LJ-14     Coulomb-14
    6.31139e+03    4.84000e+03   -5.53711e+03    0.00000e+00   -4.35293e+04
        LJ (SR)   Coulomb (SR)   Coul. recip.      Potential Pressure (bar)
    2.87457e+05   -1.62533e+04    1.69056e+04    2.50194e+05    3.20141e+05

           Step           Time
              5        5.00000

   Energies (kJ/mol)
           Bond          Angle Ryckaert-Bell.          LJ-14     Coulomb-14
    8.26539e+03    5.01301e+03   -5.50642e+03    0.00000e+00   -4.38356e+04
        LJ (SR)   Coulomb (SR)   Coul. recip.      Potential Pressure (bar)
    1.68903e+05   -1.62654e+04    1.67482e+04    1.33322e+05    2.00803e+05

           Step           Time
              6        6.00000

   Energies (kJ/mol)
           Bond          Angle Ryckaert-Bell.          LJ-14     Coulomb-14
    1.31262e+04    5.39627e+03   -5.43024e+03    0.00000e+00   -4.44951e+04
        LJ (SR)   Coulomb (SR)   Coul. recip.      Potential Pressure (bar)
    8.22788e+04   -1.63174e+04    1.62164e+04    5.07750e+04    1.19989e+05

           Step           Time
              7        7.00000

   Energies (kJ/mol)
           Bond          Angle Ryckaert-Bell.          LJ-14     Coulomb-14
    9.71410e+03    5.45837e+03   -5.40441e+03    0.00000e+00   -4.48508e+04
        LJ (SR)   Coulomb (SR)   Coul. recip.      Potential Pressure (bar)
    5.90753e+04   -1.66953e+04    1.58659e+04    2.31632e+04    9.83574e+04

           Step           Time
              8        8.00000

   Energies (kJ/mol)
           Bond          Angle Ryckaert-Bell.          LJ-14     Coulomb-14
    8.97250e+03    5.38111e+03   -5.40306e+03    0.00000e+00   -4.50147e+04
        LJ (SR)   Coulomb (SR)   Coul. recip.      Potential Pressure (bar)
    5.10030e+04   -1.69020e+04    1.56755e+04    1.37123e+04    9.08335e+04

           Step           Time
              9        9.00000

   Energies (kJ/mol)
           Bond          Angle Ryckaert-Bell.          LJ-14     Coulomb-14
    7.65604e+03    5.62952e+03   -5.44429e+03    0.00000e+00   -4.54442e+04
        LJ (SR)   Coulomb (SR)   Coul. recip.      Potential Pressure (bar)
    3.70306e+04   -1.75095e+04    1.51303e+04   -2.95150e+03    7.71664e+04

           Step           Time
             10       10.00000

   Energies (kJ/mol)
           Bond          Angle Ryckaert-Bell.          LJ-14     Coulomb-14
    7.32476e+03    5.49218e+03   -5.47136e+03    0.00000e+00   -4.55559e+04
        LJ (SR)   Coulomb (SR)   Coul. recip.      Potential Pressure (bar)
    3.33499e+04   -1.76817e+04    1.49221e+04   -7.62005e+03    7.36494e+04

           Step           Time
             11       11.00000

   Energies (kJ/mol)
           Bond          Angle Ryckaert-Bell.          LJ-14     Coulomb-14
    6.29172e+03    5.49882e+03   -5.59687e+03    0.00000e+00   -4.58773e+04
        LJ (SR)   Coulomb (SR)   Coul. recip.      Potential Pressure (bar)
    2.80065e+04   -1.83250e+04    1.42732e+04   -1.57290e+04    6.65608e+04

           Step           Time
             12       12.00000

   Energies (kJ/mol)
           Bond          Angle Ryckaert-Bell.          LJ-14     Coulomb-14
    5.83546e+03    5.40443e+03   -5.62339e+03    0.00000e+00   -4.59276e+04
        LJ (SR)   Coulomb (SR)   Coul. recip.      Potential Pressure (bar)
    2.49214e+04   -1.84189e+04    1.41498e+04   -1.96588e+04    6.32412e+04

           Step           Time
             13       13.00000

   Energies (kJ/mol)
           Bond          Angle Ryckaert-Bell.          LJ-14     Coulomb-14
    4.91587e+03    5.38922e+03   -5.74237e+03    0.00000e+00   -4.61153e+04
        LJ (SR)   Coulomb (SR)   Coul. recip.      Potential Pressure (bar)
    2.16064e+04   -1.89535e+04    1.35809e+04   -2.53187e+04    5.82393e+04

           Step           Time
             14       14.00000

   Energies (kJ/mol)
           Bond          Angle Ryckaert-Bell.          LJ-14     Coulomb-14
    5.03234e+03    5.36527e+03   -5.80480e+03    0.00000e+00   -4.61796e+04
        LJ (SR)   Coulomb (SR)   Coul. recip.      Potential Pressure (bar)
    1.91917e+04   -1.90612e+04    1.34589e+04   -2.79974e+04    5.50113e+04

           Step           Time
             15       15.00000

           Step           Time
             16       16.00000

   Energies (kJ/mol)
           Bond          Angle Ryckaert-Bell.          LJ-14     Coulomb-14
    4.60822e+03    5.52426e+03   -5.91914e+03    0.00000e+00   -4.62806e+04
        LJ (SR)   Coulomb (SR)   Coul. recip.      Potential Pressure (bar)
    1.68354e+04   -1.94357e+04    1.30703e+04   -3.15973e+04    5.19485e+04

           Step           Time
             17       17.00000

   Energies (kJ/mol)
           Bond          Angle Ryckaert-Bell.          LJ-14     Coulomb-14
    4.37477e+03    5.35240e+03   -5.98404e+03    0.00000e+00   -4.63322e+04
        LJ (SR)   Coulomb (SR)   Coul. recip.      Potential Pressure (bar)
    1.54824e+04   -1.95496e+04    1.29816e+04   -3.36746e+04    4.98454e+04

           Step           Time
             18       18.00000

           Step           Time
             19       19.00000

   Energies (kJ/mol)
           Bond          Angle Ryckaert-Bell.          LJ-14     Coulomb-14
    4.46551e+03    5.46834e+03   -6.07203e+03    0.00000e+00   -4.63703e+04
        LJ (SR)   Coulomb (SR)   Coul. recip.      Potential Pressure (bar)
    1.39962e+04   -1.97788e+04    1.27141e+04   -3.55771e+04    4.75982e+04

           Step           Time
             20       20.00000

   Energies (kJ/mol)
           Bond          Angle Ryckaert-Bell.          LJ-14     Coulomb-14
    4.73043e+03    5.42042e+03   -6.14231e+03    0.00000e+00   -4.64121e+04
        LJ (SR)   Coulomb (SR)   Coul. recip.      Potential Pressure (bar)
    1.29444e+04   -1.99165e+04    1.26475e+04   -3.67282e+04    4.62389e+04

           Step           Time
             21       21.00000

   Energies (kJ/mol)
           Bond          Angle Ryckaert-Bell.          LJ-14     Coulomb-14
    5.29893e+03    5.64488e+03   -6.20791e+03    0.00000e+00   -4.64309e+04
        LJ (SR)   Coulomb (SR)   Coul. recip.      Potential Pressure (bar)
    1.22120e+04   -2.01084e+04    1.23845e+04   -3.72069e+04    4.44873e+04

           Step           Time
             22       22.00000

   Energies (kJ/mol)
           Bond          Angle Ryckaert-Bell.          LJ-14     Coulomb-14
    5.49142e+03    5.52317e+03   -6.26471e+03    0.00000e+00   -4.64692e+04
        LJ (SR)   Coulomb (SR)   Coul. recip.      Potential Pressure (bar)
    1.13690e+04   -2.01939e+04    1.24120e+04   -3.81323e+04    4.36709e+04

           Step           Time
             23       23.00000

           Step           Time
             24       24.00000

   Energies (kJ/mol)
           Bond          Angle Ryckaert-Bell.          LJ-14     Coulomb-14
    3.16382e+03    5.03815e+03   -6.30321e+03    0.00000e+00   -4.64737e+04
        LJ (SR)   Coulomb (SR)   Coul. recip.      Potential Pressure (bar)
    1.10025e+04   -2.02956e+04    1.22247e+04   -4.16434e+04    4.32150e+04

           Step           Time
             25       25.00000

           Step           Time
             26       26.00000

   Energies (kJ/mol)
           Bond          Angle Ryckaert-Bell.          LJ-14     Coulomb-14
    3.40341e+03    5.10604e+03   -6.38205e+03    0.00000e+00   -4.65071e+04
        LJ (SR)   Coulomb (SR)   Coul. recip.      Potential Pressure (bar)
    1.01028e+04   -2.04393e+04    1.21514e+04   -4.25648e+04    4.18896e+04

           Step           Time
             27       27.00000

   Energies (kJ/mol)
           Bond          Angle Ryckaert-Bell.          LJ-14     Coulomb-14
    3.01687e+03    5.00632e+03   -6.41949e+03    0.00000e+00   -4.65154e+04
        LJ (SR)   Coulomb (SR)   Coul. recip.      Potential Pressure (bar)
    9.69605e+03   -2.05315e+04    1.20038e+04   -4.37434e+04    4.11853e+04

           Step           Time
             28       28.00000

   Energies (kJ/mol)
           Bond          Angle Ryckaert-Bell.          LJ-14     Coulomb-14
    3.28186e+03    5.10179e+03   -6.47784e+03    0.00000e+00   -4.65375e+04
        LJ (SR)   Coulomb (SR)   Coul. recip.      Potential Pressure (bar)
    9.07190e+03   -2.06378e+04    1.19734e+04   -4.42242e+04    4.02102e+04

           Step           Time
             29       29.00000

   Energies (kJ/mol)
           Bond          Angle Ryckaert-Bell.          LJ-14     Coulomb-14
    3.07787e+03    5.05828e+03   -6.51394e+03    0.00000e+00   -4.65453e+04
        LJ (SR)   Coulomb (SR)   Coul. recip.      Potential Pressure (bar)
    8.66380e+03   -2.07300e+04    1.18193e+04   -4.51700e+04    3.95118e+04

           Step           Time
             30       30.00000

   Energies (kJ/mol)
           Bond          Angle Ryckaert-Bell.          LJ-14     Coulomb-14
    3.52489e+03    5.21898e+03   -6.56228e+03    0.00000e+00   -4.65614e+04
        LJ (SR)   Coulomb (SR)   Coul. recip.      Potential Pressure (bar)
    8.19089e+03   -2.08122e+04    1.18284e+04   -4.51728e+04    3.86917e+04

           Step           Time
             31       31.00000

   Energies (kJ/mol)
           Bond          Angle Ryckaert-Bell.          LJ-14     Coulomb-14
    3.45359e+03    5.26046e+03   -6.59671e+03    0.00000e+00   -4.65682e+04
        LJ (SR)   Coulomb (SR)   Coul. recip.      Potential Pressure (bar)
    7.78744e+03   -2.09108e+04    1.16549e+04   -4.59194e+04    3.79896e+04

           Step           Time
             32       32.00000

           Step           Time
             33       33.00000

   Energies (kJ/mol)
           Bond          Angle Ryckaert-Bell.          LJ-14     Coulomb-14
    2.49549e+03    4.79673e+03   -6.61792e+03    0.00000e+00   -4.65745e+04
        LJ (SR)   Coulomb (SR)   Coul. recip.      Potential Pressure (bar)
    7.56806e+03   -2.09292e+04    1.16664e+04   -4.75950e+04    3.79698e+04

           Step           Time
             34       34.00000

           Step           Time
             35       35.00000

   Energies (kJ/mol)
           Bond          Angle Ryckaert-Bell.          LJ-14     Coulomb-14
    2.63429e+03    4.87724e+03   -6.67496e+03    0.00000e+00   -4.65876e+04
        LJ (SR)   Coulomb (SR)   Coul. recip.      Potential Pressure (bar)
    6.99169e+03   -2.10623e+04    1.15236e+04   -4.82981e+04    3.69167e+04

           Step           Time
             36       36.00000

   Energies (kJ/mol)
           Bond          Angle Ryckaert-Bell.          LJ-14     Coulomb-14
    2.42501e+03    4.76062e+03   -6.70123e+03    0.00000e+00   -4.65934e+04
        LJ (SR)   Coulomb (SR)   Coul. recip.      Potential Pressure (bar)
    6.73927e+03   -2.11016e+04    1.15137e+04   -4.89577e+04    3.65878e+04

           Step           Time
             37       37.00000

   Energies (kJ/mol)
           Bond          Angle Ryckaert-Bell.          LJ-14     Coulomb-14
    2.74548e+03    4.92301e+03   -6.74694e+03    0.00000e+00   -4.66022e+04
        LJ (SR)   Coulomb (SR)   Coul. recip.      Potential Pressure (bar)
    6.27538e+03   -2.12205e+04    1.13796e+04   -4.92462e+04    3.57062e+04

           Step           Time
             38       38.00000

   Energies (kJ/mol)
           Bond          Angle Ryckaert-Bell.          LJ-14     Coulomb-14
    2.48106e+03    4.76936e+03   -6.77291e+03    0.00000e+00   -4.66070e+04
        LJ (SR)   Coulomb (SR)   Coul. recip.      Potential Pressure (bar)
    6.03650e+03   -2.12513e+04    1.13869e+04   -4.99574e+04    3.54203e+04

           Step           Time
             39       39.00000

           Step           Time
             40       40.00000

   Energies (kJ/mol)
           Bond          Angle Ryckaert-Bell.          LJ-14     Coulomb-14
    2.24550e+03    4.69452e+03   -6.79243e+03    0.00000e+00   -4.66101e+04
        LJ (SR)   Coulomb (SR)   Coul. recip.      Potential Pressure (bar)
    5.83147e+03   -2.13068e+04    1.13104e+04   -5.06274e+04    3.51416e+04

           Step           Time
             41       41.00000

   Energies (kJ/mol)
           Bond          Angle Ryckaert-Bell.          LJ-14     Coulomb-14
    2.52175e+03    4.77220e+03   -6.85068e+03    0.00000e+00   -4.66190e+04
        LJ (SR)   Coulomb (SR)   Coul. recip.      Potential Pressure (bar)
    5.30197e+03   -2.14181e+04    1.12431e+04   -5.10487e+04    3.41584e+04

           Step           Time
             42       42.00000

   Energies (kJ/mol)
           Bond          Angle Ryckaert-Bell.          LJ-14     Coulomb-14
    2.25510e+03    4.69459e+03   -6.87115e+03    0.00000e+00   -4.66215e+04
        LJ (SR)   Coulomb (SR)   Coul. recip.      Potential Pressure (bar)
    5.08520e+03   -2.14848e+04    1.11488e+04   -5.17937e+04    3.38792e+04

           Step           Time
             43       43.00000

           Step           Time
             44       44.00000

   Energies (kJ/mol)
           Bond          Angle Ryckaert-Bell.          LJ-14     Coulomb-14
    2.10863e+03    4.61290e+03   -6.89162e+03    0.00000e+00   -4.66239e+04
        LJ (SR)   Coulomb (SR)   Coul. recip.      Potential Pressure (bar)
    4.90206e+03   -2.15151e+04    1.11375e+04   -5.22696e+04    3.36261e+04

           Step           Time
             45       45.00000

   Energies (kJ/mol)
           Bond          Angle Ryckaert-Bell.          LJ-14     Coulomb-14
    2.30064e+03    4.70662e+03   -6.93167e+03    0.00000e+00   -4.66279e+04
        LJ (SR)   Coulomb (SR)   Coul. recip.      Potential Pressure (bar)
    4.52822e+03   -2.16244e+04    1.10245e+04   -5.26239e+04    3.29199e+04

           Step           Time
             46       46.00000

   Energies (kJ/mol)
           Bond          Angle Ryckaert-Bell.          LJ-14     Coulomb-14
    2.11223e+03    4.59792e+03   -6.95238e+03    0.00000e+00   -4.66298e+04
        LJ (SR)   Coulomb (SR)   Coul. recip.      Potential Pressure (bar)
    4.34829e+03   -2.16481e+04    1.10250e+04   -5.31469e+04    3.26953e+04

           Step           Time
             47       47.00000

   Energies (kJ/mol)
           Bond          Angle Ryckaert-Bell.          LJ-14     Coulomb-14
    2.46431e+03    4.76945e+03   -6.98590e+03    0.00000e+00   -4.66320e+04
        LJ (SR)   Coulomb (SR)   Coul. recip.      Potential Pressure (bar)
    4.03989e+03   -2.17539e+04    1.09108e+04   -5.31874e+04    3.20470e+04

           Step           Time
             48       48.00000

   Energies (kJ/mol)
           Bond          Angle Ryckaert-Bell.          LJ-14     Coulomb-14
    2.23654e+03    4.62761e+03   -7.00689e+03    0.00000e+00   -4.66334e+04
        LJ (SR)   Coulomb (SR)   Coul. recip.      Potential Pressure (bar)
    3.86412e+03   -2.17671e+04    1.09287e+04   -5.37504e+04    3.18521e+04

           Step           Time
             49       49.00000

           Step           Time
             50       50.00000

   Energies (kJ/mol)
           Bond          Angle Ryckaert-Bell.          LJ-14     Coulomb-14
    1.95233e+03    4.53707e+03   -7.02157e+03    0.00000e+00   -4.66340e+04
        LJ (SR)   Coulomb (SR)   Coul. recip.      Potential Pressure (bar)
    3.72140e+03   -2.18208e+04    1.08580e+04   -5.44075e+04    3.16808e+04

           Step           Time
             51       51.00000

   Energies (kJ/mol)
           Bond          Angle Ryckaert-Bell.          LJ-14     Coulomb-14
    2.34133e+03    4.64960e+03   -7.07275e+03    0.00000e+00   -4.66357e+04
        LJ (SR)   Coulomb (SR)   Coul. recip.      Potential Pressure (bar)
    3.30151e+03   -2.19162e+04    1.08047e+04   -5.45276e+04    3.08328e+04

           Step           Time
             52       52.00000

   Energies (kJ/mol)
           Bond          Angle Ryckaert-Bell.          LJ-14     Coulomb-14
    1.99495e+03    4.54631e+03   -7.08838e+03    0.00000e+00   -4.66358e+04
        LJ (SR)   Coulomb (SR)   Coul. recip.      Potential Pressure (bar)
    3.14731e+03   -2.19835e+04    1.07142e+04   -5.53048e+04    3.06694e+04

           Step           Time
             53       53.00000

           Step           Time
             54       54.00000

   Energies (kJ/mol)
           Bond          Angle Ryckaert-Bell.          LJ-14     Coulomb-14
    1.87415e+03    4.47130e+03   -7.10597e+03    0.00000e+00   -4.66360e+04
        LJ (SR)   Coulomb (SR)   Coul. recip.      Potential Pressure (bar)
    3.00468e+03   -2.20037e+04    1.07100e+04   -5.56855e+04    3.04746e+04

           Step           Time
             55       55.00000

   Energies (kJ/mol)
           Bond          Angle Ryckaert-Bell.          LJ-14     Coulomb-14
    2.07264e+03    4.57005e+03   -7.13492e+03    0.00000e+00   -4.66356e+04
        LJ (SR)   Coulomb (SR)   Coul. recip.      Potential Pressure (bar)
    2.75965e+03   -2.20970e+04    1.06141e+04   -5.58511e+04    2.99716e+04

           Step           Time
             56       56.00000

   Energies (kJ/mol)
           Bond          Angle Ryckaert-Bell.          LJ-14     Coulomb-14
    1.92755e+03    4.47243e+03   -7.15299e+03    0.00000e+00   -4.66354e+04
        LJ (SR)   Coulomb (SR)   Coul. recip.      Potential Pressure (bar)
    2.61763e+03   -2.21074e+04    1.06230e+04   -5.62552e+04    2.97974e+04

           Step           Time
             57       57.00000

           Step           Time
             58       58.00000

   Energies (kJ/mol)
           Bond          Angle Ryckaert-Bell.          LJ-14     Coulomb-14
    1.77122e+03    4.42816e+03   -7.16569e+03    0.00000e+00   -4.66350e+04
        LJ (SR)   Coulomb (SR)   Coul. recip.      Potential Pressure (bar)
    2.50626e+03   -2.21547e+04    1.05666e+04   -5.66831e+04    2.96391e+04

           Step           Time
             59       59.00000

   Energies (kJ/mol)
           Bond          Angle Ryckaert-Bell.          LJ-14     Coulomb-14
    1.96755e+03    4.46712e+03   -7.21002e+03    0.00000e+00   -4.66332e+04
        LJ (SR)   Coulomb (SR)   Coul. recip.      Potential Pressure (bar)
    2.16217e+03   -2.22341e+04    1.05122e+04   -5.69684e+04    2.89796e+04

           Step           Time
             60       60.00000

   Energies (kJ/mol)
           Bond          Angle Ryckaert-Bell.          LJ-14     Coulomb-14
    1.77719e+03    4.41923e+03   -7.22368e+03    0.00000e+00   -4.66323e+04
        LJ (SR)   Coulomb (SR)   Coul. recip.      Potential Pressure (bar)
    2.04129e+03   -2.22923e+04    1.04406e+04   -5.74700e+04    2.88188e+04

           Step           Time
             61       61.00000

           Step           Time
             62       62.00000

   Energies (kJ/mol)
           Bond          Angle Ryckaert-Bell.          LJ-14     Coulomb-14
    1.70180e+03    4.36563e+03   -7.23910e+03    0.00000e+00   -4.66314e+04
        LJ (SR)   Coulomb (SR)   Coul. recip.      Potential Pressure (bar)
    1.92205e+03   -2.23087e+04    1.04325e+04   -5.77572e+04    2.86470e+04

           Step           Time
             63       63.00000

   Energies (kJ/mol)
           Bond          Angle Ryckaert-Bell.          LJ-14     Coulomb-14
    1.80823e+03    4.42165e+03   -7.26438e+03    0.00000e+00   -4.66294e+04
        LJ (SR)   Coulomb (SR)   Coul. recip.      Potential Pressure (bar)
    1.71982e+03   -2.23870e+04    1.03516e+04   -5.79794e+04    2.82458e+04

           Step           Time
             64       64.00000

   Energies (kJ/mol)
           Bond          Angle Ryckaert-Bell.          LJ-14     Coulomb-14
    1.71783e+03    4.35206e+03   -7.28022e+03    0.00000e+00   -4.66282e+04
        LJ (SR)   Coulomb (SR)   Coul. recip.      Potential Pressure (bar)
    1.59937e+03   -2.23951e+04    1.03529e+04   -5.82812e+04    2.80851e+04

           Step           Time
             65       65.00000

   Energies (kJ/mol)
           Bond          Angle Ryckaert-Bell.          LJ-14     Coulomb-14
    1.90931e+03    4.45413e+03   -7.30231e+03    0.00000e+00   -4.66258e+04
        LJ (SR)   Coulomb (SR)   Coul. recip.      Potential Pressure (bar)
    1.42290e+03   -2.24764e+04    1.02662e+04   -5.83520e+04    2.76969e+04

           Step           Time
             66       66.00000

   Energies (kJ/mol)
           Bond          Angle Ryckaert-Bell.          LJ-14     Coulomb-14
    1.81175e+03    4.36642e+03   -7.31841e+03    0.00000e+00   -4.66243e+04
        LJ (SR)   Coulomb (SR)   Coul. recip.      Potential Pressure (bar)
    1.30241e+03   -2.24719e+04    1.02822e+04   -5.86518e+04    2.75495e+04

           Step           Time
             67       67.00000

           Step           Time
             68       68.00000

   Energies (kJ/mol)
           Bond          Angle Ryckaert-Bell.          LJ-14     Coulomb-14
    1.60051e+03    4.30630e+03   -7.32834e+03    0.00000e+00   -4.66230e+04
        LJ (SR)   Coulomb (SR)   Coul. recip.      Potential Pressure (bar)
    1.21753e+03   -2.25170e+04    1.02272e+04   -5.91169e+04    2.74474e+04

           Step           Time
             69       69.00000

   Energies (kJ/mol)
           Bond          Angle Ryckaert-Bell.          LJ-14     Coulomb-14
    1.88417e+03    4.36833e+03   -7.37405e+03    0.00000e+00   -4.66172e+04
        LJ (SR)   Coulomb (SR)   Coul. recip.      Potential Pressure (bar)
    8.75728e+02   -2.25889e+04    1.01691e+04   -5.92828e+04    2.67549e+04

           Step           Time
             70       70.00000

   Energies (kJ/mol)
           Bond          Angle Ryckaert-Bell.          LJ-14     Coulomb-14
    1.61177e+03    4.29756e+03   -7.38456e+03    0.00000e+00   -4.66155e+04
        LJ (SR)   Coulomb (SR)   Coul. recip.      Potential Pressure (bar)
    7.81124e+02   -2.26482e+04    1.00968e+04   -5.98610e+04    2.66593e+04

           Step           Time
             71       71.00000

           Step           Time
             72       72.00000

   Energies (kJ/mol)
           Bond          Angle Ryckaert-Bell.          LJ-14     Coulomb-14
    1.56531e+03    4.24911e+03   -7.39871e+03    0.00000e+00   -4.66134e+04
        LJ (SR)   Coulomb (SR)   Coul. recip.      Potential Pressure (bar)
    6.72537e+02   -2.26563e+04    1.00922e+04   -6.00893e+04    2.64999e+04

           Step           Time
             73       73.00000

   Energies (kJ/mol)
           Bond          Angle Ryckaert-Bell.          LJ-14     Coulomb-14
    1.65699e+03    4.30672e+03   -7.41655e+03    0.00000e+00   -4.66104e+04
        LJ (SR)   Coulomb (SR)   Coul. recip.      Potential Pressure (bar)
    5.29206e+02   -2.27248e+04    1.00197e+04   -6.02391e+04    2.62008e+04

           Step           Time
             74       74.00000

   Energies (kJ/mol)
           Bond          Angle Ryckaert-Bell.          LJ-14     Coulomb-14
    1.61179e+03    4.24625e+03   -7.43073e+03    0.00000e+00   -4.66080e+04
        LJ (SR)   Coulomb (SR)   Coul. recip.      Potential Pressure (bar)
    4.21054e+02   -2.27224e+04    1.00268e+04   -6.04553e+04    2.60501e+04

           Step           Time
             75       75.00000

   Energies (kJ/mol)
           Bond          Angle Ryckaert-Bell.          LJ-14     Coulomb-14
    1.77765e+03    4.34900e+03   -7.44693e+03    0.00000e+00   -4.66048e+04
        LJ (SR)   Coulomb (SR)   Coul. recip.      Potential Pressure (bar)
    2.89341e+02   -2.28020e+04    9.94304e+03   -6.04947e+04    2.57396e+04

           Step           Time
             76       76.00000

   Energies (kJ/mol)
           Bond          Angle Ryckaert-Bell.          LJ-14     Coulomb-14
    1.75180e+03    4.27723e+03   -7.46107e+03    0.00000e+00   -4.66023e+04
        LJ (SR)   Coulomb (SR)   Coul. recip.      Potential Pressure (bar)
    1.82467e+02   -2.27833e+04    9.96798e+03   -6.06672e+04    2.55989e+04

           Step           Time
             77       77.00000

           Step           Time
             78       78.00000

   Energies (kJ/mol)
           Bond          Angle Ryckaert-Bell.          LJ-14     Coulomb-14
    1.45878e+03    4.19293e+03   -7.46852e+03    0.00000e+00   -4.66007e+04
        LJ (SR)   Coulomb (SR)   Coul. recip.      Potential Pressure (bar)
    1.15222e+02   -2.28315e+04    9.91096e+03   -6.12228e+04    2.55458e+04

           Step           Time
             79       79.00000

   Energies (kJ/mol)
           Bond          Angle Ryckaert-Bell.          LJ-14     Coulomb-14
    1.86588e+03    4.28551e+03   -7.51932e+03    0.00000e+00   -4.65895e+04
        LJ (SR)   Coulomb (SR)   Coul. recip.      Potential Pressure (bar)
   -2.72868e+02   -2.29149e+04    9.83666e+03   -6.13086e+04    2.47099e+04

           Step           Time
             80       80.00000

   Energies (kJ/mol)
           Bond          Angle Ryckaert-Bell.          LJ-14     Coulomb-14
    1.46609e+03    4.18104e+03   -7.52698e+03    0.00000e+00   -4.65876e+04
        LJ (SR)   Coulomb (SR)   Coul. recip.      Potential Pressure (bar)
   -3.49369e+02   -2.29833e+04    9.75843e+03   -6.20417e+04    2.46810e+04

           Step           Time
             81       81.00000

           Step           Time
             82       82.00000

   Energies (kJ/mol)
           Bond          Angle Ryckaert-Bell.          LJ-14     Coulomb-14
    1.46426e+03    4.13921e+03   -7.53992e+03    0.00000e+00   -4.65846e+04
        LJ (SR)   Coulomb (SR)   Coul. recip.      Potential Pressure (bar)
   -4.52504e+02   -2.29847e+04    9.75818e+03   -6.22001e+04    2.45242e+04

           Step           Time
             83       83.00000

   Energies (kJ/mol)
           Bond          Angle Ryckaert-Bell.          LJ-14     Coulomb-14
    1.52381e+03    4.19644e+03   -7.55204e+03    0.00000e+00   -4.65813e+04
        LJ (SR)   Coulomb (SR)   Coul. recip.      Potential Pressure (bar)
   -5.55111e+02   -2.30552e+04    9.68760e+03   -6.23358e+04    2.42997e+04

           Step           Time
             84       84.00000

   Energies (kJ/mol)
           Bond          Angle Ryckaert-Bell.          LJ-14     Coulomb-14
    1.54684e+03    4.14794e+03   -7.56466e+03    0.00000e+00   -4.65781e+04
        LJ (SR)   Coulomb (SR)   Coul. recip.      Potential Pressure (bar)
   -6.53484e+02   -2.30414e+04    9.70280e+03   -6.24401e+04    2.41503e+04

           Step           Time
             85       85.00000

   Energies (kJ/mol)
           Bond          Angle Ryckaert-Bell.          LJ-14     Coulomb-14
    1.66662e+03    4.25030e+03   -7.57619e+03    0.00000e+00   -4.65747e+04
        LJ (SR)   Coulomb (SR)   Coul. recip.      Potential Pressure (bar)
   -7.51901e+02   -2.31302e+04    9.61551e+03   -6.25006e+04    2.39016e+04

           Step           Time
             86       86.00000

           Step           Time
             87       87.00000

   Energies (kJ/mol)
           Bond          Angle Ryckaert-Bell.          LJ-14     Coulomb-14
    1.33593e+03    4.07996e+03   -7.58240e+03    0.00000e+00   -4.65731e+04
        LJ (SR)   Coulomb (SR)   Coul. recip.      Potential Pressure (bar)
   -8.03635e+02   -2.31110e+04    9.62978e+03   -6.30245e+04    2.39318e+04

           Step           Time
             88       88.00000

   Energies (kJ/mol)
           Bond          Angle Ryckaert-Bell.          LJ-14     Coulomb-14
    1.75576e+03    4.26029e+03   -7.64955e+03    0.00000e+00   -4.65518e+04
        LJ (SR)   Coulomb (SR)   Coul. recip.      Potential Pressure (bar)
   -1.33520e+03   -2.33498e+04    9.40484e+03   -6.34654e+04    2.27097e+04

           Step           Time
             89       89.00000

   Energies (kJ/mol)
           Bond          Angle Ryckaert-Bell.          LJ-14     Coulomb-14
    1.29361e+03    4.01778e+03   -7.65612e+03    0.00000e+00   -4.65503e+04
        LJ (SR)   Coulomb (SR)   Coul. recip.      Potential Pressure (bar)
   -1.39480e+03   -2.33107e+04    9.43345e+03   -6.41671e+04    2.28155e+04

           Step           Time
             90       90.00000

           Step           Time
             91       91.00000

   Energies (kJ/mol)
           Bond          Angle Ryckaert-Bell.          LJ-14     Coulomb-14
    1.36842e+03    4.07360e+03   -7.66759e+03    0.00000e+00   -4.65465e+04
        LJ (SR)   Coulomb (SR)   Coul. recip.      Potential Pressure (bar)
   -1.49427e+03   -2.33792e+04    9.36851e+03   -6.42771e+04    2.26123e+04

           Step           Time
             92       92.00000

   Energies (kJ/mol)
           Bond          Angle Ryckaert-Bell.          LJ-14     Coulomb-14
    1.33125e+03    4.00679e+03   -7.67694e+03    0.00000e+00   -4.65436e+04
        LJ (SR)   Coulomb (SR)   Coul. recip.      Potential Pressure (bar)
   -1.56813e+03   -2.33652e+04    9.37935e+03   -6.44364e+04    2.25233e+04

           Step           Time
             93       93.00000

   Energies (kJ/mol)
           Bond          Angle Ryckaert-Bell.          LJ-14     Coulomb-14
    1.45716e+03    4.10348e+03   -7.68760e+03    0.00000e+00   -4.65397e+04
        LJ (SR)   Coulomb (SR)   Coul. recip.      Potential Pressure (bar)
   -1.65716e+03   -2.34483e+04    9.30246e+03   -6.44696e+04    2.22933e+04

           Step           Time
             94       94.00000

   Energies (kJ/mol)
           Bond          Angle Ryckaert-Bell.          LJ-14     Coulomb-14
    1.43219e+03    4.01932e+03   -7.69728e+03    0.00000e+00   -4.65366e+04
        LJ (SR)   Coulomb (SR)   Coul. recip.      Potential Pressure (bar)
   -1.73055e+03   -2.34151e+04    9.33028e+03   -6.45978e+04    2.22121e+04

           Step           Time
             95       95.00000

           Step           Time
             96       96.00000

   Energies (kJ/mol)
           Bond          Angle Ryckaert-Bell.          LJ-14     Coulomb-14
    1.23092e+03    3.97980e+03   -7.70228e+03    0.00000e+00   -4.65347e+04
        LJ (SR)   Coulomb (SR)   Coul. recip.      Potential Pressure (bar)
   -1.77566e+03   -2.34678e+04    9.27825e+03   -6.49914e+04    2.21651e+04

           Step           Time
             97       97.00000

   Energies (kJ/mol)
           Bond          Angle Ryckaert-Bell.          LJ-14     Coulomb-14
    1.52083e+03    4.01561e+03   -7.73804e+03    0.00000e+00   -4.65217e+04
        LJ (SR)   Coulomb (SR)   Coul. recip.      Potential Pressure (bar)
   -2.04491e+03   -2.35282e+04    9.21778e+03   -6.50786e+04    2.15789e+04

           Step           Time
             98       98.00000

   Energies (kJ/mol)
           Bond          Angle Ryckaert-Bell.          LJ-14     Coulomb-14
    1.23972e+03    3.96935e+03   -7.74351e+03    0.00000e+00   -4.65195e+04
        LJ (SR)   Coulomb (SR)   Coul. recip.      Potential Pressure (bar)
   -2.09686e+03   -2.36044e+04    9.14492e+03   -6.56104e+04    2.15437e+04

           Step           Time
             99       99.00000

           Step           Time
            100      100.00000

   Energies (kJ/mol)
           Bond          Angle Ryckaert-Bell.          LJ-14     Coulomb-14
    1.23854e+03    3.92094e+03   -7.75325e+03    0.00000e+00   -4.65161e+04
        LJ (SR)   Coulomb (SR)   Coul. recip.      Potential Pressure (bar)
   -2.16990e+03   -2.35963e+04    9.14781e+03   -6.57283e+04    2.14358e+04

           Step           Time
            101      101.00000

   Energies (kJ/mol)
           Bond          Angle Ryckaert-Bell.          LJ-14     Coulomb-14
    1.28296e+03    3.98178e+03   -7.76206e+03    0.00000e+00   -4.65126e+04
        LJ (SR)   Coulomb (SR)   Coul. recip.      Potential Pressure (bar)
   -2.24038e+03   -2.36698e+04    9.08182e+03   -6.58383e+04    2.12649e+04

           Step           Time
            102      102.00000

   Energies (kJ/mol)
           Bond          Angle Ryckaert-Bell.          LJ-14     Coulomb-14
    1.30135e+03    3.92123e+03   -7.77175e+03    0.00000e+00   -4.65092e+04
        LJ (SR)   Coulomb (SR)   Coul. recip.      Potential Pressure (bar)
   -2.31051e+03   -2.36432e+04    9.10021e+03   -6.59118e+04    2.11654e+04

           Step           Time
            103      103.00000

   Energies (kJ/mol)
           Bond          Angle Ryckaert-Bell.          LJ-14     Coulomb-14
    1.38954e+03    4.02407e+03   -7.78026e+03    0.00000e+00   -4.65056e+04
        LJ (SR)   Coulomb (SR)   Coul. recip.      Potential Pressure (bar)
   -2.37926e+03   -2.37388e+04    9.01682e+03   -6.59735e+04    2.09708e+04

           Step           Time
            104      104.00000

           Step           Time
            105      105.00000

   Energies (kJ/mol)
           Bond          Angle Ryckaert-Bell.          LJ-14     Coulomb-14
    1.14789e+03    3.88227e+03   -7.78508e+03    0.00000e+00   -4.65039e+04
        LJ (SR)   Coulomb (SR)   Coul. recip.      Potential Pressure (bar)
   -2.41606e+03   -2.37115e+04    9.03405e+03   -6.63524e+04    2.10005e+04

           Step           Time
            106      106.00000

   Energies (kJ/mol)
           Bond          Angle Ryckaert-Bell.          LJ-14     Coulomb-14
    1.46444e+03    4.03469e+03   -7.83039e+03    0.00000e+00   -4.64851e+04
        LJ (SR)   Coulomb (SR)   Coul. recip.      Potential Pressure (bar)
   -2.75221e+03   -2.39130e+04    8.85031e+03   -6.66313e+04    2.01847e+04

           Step           Time
            107      107.00000

   Energies (kJ/mol)
           Bond          Angle Ryckaert-Bell.          LJ-14     Coulomb-14
    1.12843e+03    3.83191e+03   -7.83567e+03    0.00000e+00   -4.64834e+04
        LJ (SR)   Coulomb (SR)   Coul. recip.      Potential Pressure (bar)
   -2.79520e+03   -2.38646e+04    8.88196e+03   -6.71365e+04    2.02666e+04

           Step           Time
            108      108.00000

           Step           Time
            109      109.00000

   Energies (kJ/mol)
           Bond          Angle Ryckaert-Bell.          LJ-14     Coulomb-14
    1.18116e+03    3.88771e+03   -7.84417e+03    0.00000e+00   -4.64797e+04
        LJ (SR)   Coulomb (SR)   Coul. recip.      Potential Pressure (bar)
   -2.86536e+03   -2.39342e+04    8.82159e+03   -6.72330e+04    2.01064e+04

           Step           Time
            110      110.00000

   Energies (kJ/mol)
           Bond          Angle Ryckaert-Bell.          LJ-14     Coulomb-14
    1.15822e+03    3.82040e+03   -7.85169e+03    0.00000e+00   -4.64767e+04
        LJ (SR)   Coulomb (SR)   Coul. recip.      Potential Pressure (bar)
   -2.92189e+03   -2.39117e+04    8.83488e+03   -6.73485e+04    2.00404e+04

           Step           Time
            111      111.00000

   Energies (kJ/mol)
           Bond          Angle Ryckaert-Bell.          LJ-14     Coulomb-14
    1.24908e+03    3.91318e+03   -7.85953e+03    0.00000e+00   -4.64731e+04
        LJ (SR)   Coulomb (SR)   Coul. recip.      Potential Pressure (bar)
   -2.98692e+03   -2.39994e+04    8.76148e+03   -6.73952e+04    1.98580e+04

           Step           Time
            112      112.00000

   Energies (kJ/mol)
           Bond          Angle Ryckaert-Bell.          LJ-14     Coulomb-14
    1.23894e+03    3.82523e+03   -7.86709e+03    0.00000e+00   -4.64701e+04
        LJ (SR)   Coulomb (SR)   Coul. recip.      Potential Pressure (bar)
   -3.04261e+03   -2.39541e+04    8.79262e+03   -6.74771e+04    1.98022e+04

           Step           Time
            113      113.00000

           Step           Time
            114      114.00000

   Energies (kJ/mol)
           Bond          Angle Ryckaert-Bell.          LJ-14     Coulomb-14
    1.08055e+03    3.80977e+03   -7.87070e+03    0.00000e+00   -4.64683e+04
        LJ (SR)   Coulomb (SR)   Coul. recip.      Potential Pressure (bar)
   -3.07630e+03   -2.40122e+04    8.74275e+03   -6.77944e+04    1.97600e+04

           Step           Time
            115      115.00000

   Energies (kJ/mol)
           Bond          Angle Ryckaert-Bell.          LJ-14     Coulomb-14
    1.32180e+03    3.81659e+03   -7.90196e+03    0.00000e+00   -4.64536e+04
        LJ (SR)   Coulomb (SR)   Coul. recip.      Potential Pressure (bar)
   -3.31597e+03   -2.40738e+04    8.67787e+03   -6.79291e+04    1.92313e+04

           Step           Time
            116      116.00000

   Energies (kJ/mol)
           Bond          Angle Ryckaert-Bell.          LJ-14     Coulomb-14
    1.08547e+03    3.80002e+03   -7.90560e+03    0.00000e+00   -4.64518e+04
        LJ (SR)   Coulomb (SR)   Coul. recip.      Potential Pressure (bar)
   -3.35585e+03   -2.41612e+04    8.60594e+03   -6.83830e+04    1.91999e+04

           Step           Time
            117      117.00000

           Step           Time
            118      118.00000

   Energies (kJ/mol)
           Bond          Angle Ryckaert-Bell.          LJ-14     Coulomb-14
    1.09371e+03    3.74771e+03   -7.91284e+03    0.00000e+00   -4.64483e+04
        LJ (SR)   Coulomb (SR)   Coul. recip.      Potential Pressure (bar)
   -3.41435e+03   -2.41460e+04    8.61248e+03   -6.84676e+04    1.91169e+04

           Step           Time
            119      119.00000

   Energies (kJ/mol)
           Bond          Angle Ryckaert-Bell.          LJ-14     Coulomb-14
    1.12341e+03    3.81311e+03   -7.91845e+03    0.00000e+00   -4.64454e+04
        LJ (SR)   Coulomb (SR)   Coul. recip.      Potential Pressure (bar)
   -3.46553e+03   -2.42261e+04    8.54875e+03   -6.85702e+04    1.89818e+04

           Step           Time
            120      120.00000

   Energies (kJ/mol)
           Bond          Angle Ryckaert-Bell.          LJ-14     Coulomb-14
    1.15365e+03    3.74589e+03   -7.92539e+03    0.00000e+00   -4.64420e+04
        LJ (SR)   Coulomb (SR)   Coul. recip.      Potential Pressure (bar)
   -3.51977e+03   -2.41880e+04    8.57273e+03   -6.86028e+04    1.89082e+04

           Step           Time
            121      121.00000

   Energies (kJ/mol)
           Bond          Angle Ryckaert-Bell.          LJ-14     Coulomb-14
    1.21691e+03    3.85373e+03   -7.93077e+03    0.00000e+00   -4.64390e+04
        LJ (SR)   Coulomb (SR)   Coul. recip.      Potential Pressure (bar)
   -3.57120e+03   -2.42955e+04    8.48959e+03   -6.86762e+04    1.87476e+04

           Step           Time
            122      122.00000

           Step           Time
            123      123.00000

   Energies (kJ/mol)
           Bond          Angle Ryckaert-Bell.          LJ-14     Coulomb-14
    1.01764e+03    3.72063e+03   -7.93413e+03    0.00000e+00   -4.64373e+04
        LJ (SR)   Coulomb (SR)   Coul. recip.      Potential Pressure (bar)
   -3.59898e+03   -2.42602e+04    8.51144e+03   -6.89809e+04    1.87819e+04

           Step           Time
            124      124.00000

   Energies (kJ/mol)
           Bond          Angle Ryckaert-Bell.          LJ-14     Coulomb-14
    1.29572e+03    3.87379e+03   -7.95675e+03    0.00000e+00   -4.64246e+04
        LJ (SR)   Coulomb (SR)   Coul. recip.      Potential Pressure (bar)
   -3.79133e+03   -2.44310e+04    8.37392e+03   -6.90603e+04    1.82643e+04

           Step           Time
            125      125.00000

   Energies (kJ/mol)
           Bond          Angle Ryckaert-Bell.          LJ-14     Coulomb-14
    1.01839e+03    3.68372e+03   -7.96045e+03    0.00000e+00   -4.64228e+04
        LJ (SR)   Coulomb (SR)   Coul. recip.      Potential Pressure (bar)
   -3.82312e+03   -2.43721e+04    8.41137e+03   -6.94650e+04    1.83392e+04

           Step           Time
            126      126.00000

           Step           Time
            127      127.00000

   Energies (kJ/mol)
           Bond          Angle Ryckaert-Bell.          LJ-14     Coulomb-14
    1.05593e+03    3.74218e+03   -7.96565e+03    0.00000e+00   -4.64198e+04
        LJ (SR)   Coulomb (SR)   Coul. recip.      Potential Pressure (bar)
   -3.87236e+03   -2.44453e+04    8.35492e+03   -6.95501e+04    1.82106e+04

           Step           Time
            128      128.00000

   Energies (kJ/mol)
           Bond          Angle Ryckaert-Bell.          LJ-14     Coulomb-14
    1.04927e+03    3.67318e+03   -7.97112e+03    0.00000e+00   -4.64168e+04
        LJ (SR)   Coulomb (SR)   Coul. recip.      Potential Pressure (bar)
   -3.91719e+03   -2.44151e+04    8.37279e+03   -6.96250e+04    1.81584e+04

           Step           Time
            129      129.00000

   Energies (kJ/mol)
           Bond          Angle Ryckaert-Bell.          LJ-14     Coulomb-14
    1.11703e+03    3.76789e+03   -7.97603e+03    0.00000e+00   -4.64138e+04
        LJ (SR)   Coulomb (SR)   Coul. recip.      Potential Pressure (bar)
   -3.96499e+03   -2.45104e+04    8.30130e+03   -6.96790e+04    1.80091e+04

           Step           Time
            130      130.00000

   Energies (kJ/mol)
           Bond          Angle Ryckaert-Bell.          LJ-14     Coulomb-14
    1.11831e+03    3.67411e+03   -7.98138e+03    0.00000e+00   -4.64109e+04
        LJ (SR)   Coulomb (SR)   Coul. recip.      Potential Pressure (bar)
   -4.00681e+03   -2.44533e+04    8.33832e+03   -6.97217e+04    1.79738e+04

           Step           Time
            131      131.00000

   Energies (kJ/mol)
           Bond          Angle Ryckaert-Bell.          LJ-14     Coulomb-14
    1.22830e+03    3.81715e+03   -7.98598e+03    0.00000e+00   -4.64080e+04
        LJ (SR)   Coulomb (SR)   Coul. recip.      Potential Pressure (bar)
   -4.05370e+03   -2.45769e+04    8.24758e+03   -6.97316e+04    1.77987e+04

           Step           Time
            132      132.00000

           Step           Time
            133      133.00000

   Energies (kJ/mol)
           Bond          Angle Ryckaert-Bell.          LJ-14     Coulomb-14
    9.64594e+02    3.65049e+03   -7.98868e+03    0.00000e+00   -4.64065e+04
        LJ (SR)   Coulomb (SR)   Coul. recip.      Potential Pressure (bar)
   -4.07658e+03   -2.45319e+04    8.27533e+03   -7.01133e+04    1.78648e+04

           Step           Time
            134      134.00000

   Energies (kJ/mol)
           Bond          Angle Ryckaert-Bell.          LJ-14     Coulomb-14
    1.30463e+03    3.82636e+03   -8.01723e+03    0.00000e+00   -4.63883e+04
        LJ (SR)   Coulomb (SR)   Coul. recip.      Potential Pressure (bar)
   -4.31892e+03   -2.47603e+04    8.09776e+03   -7.02560e+04    1.71843e+04

           Step           Time
            135      135.00000

   Energies (kJ/mol)
           Bond          Angle Ryckaert-Bell.          LJ-14     Coulomb-14
    9.52777e+02    3.60008e+03   -8.02021e+03    0.00000e+00   -4.63869e+04
        LJ (SR)   Coulomb (SR)   Coul. recip.      Potential Pressure (bar)
   -4.34624e+03   -2.46879e+04    8.14196e+03   -7.07464e+04    1.73041e+04

           Step           Time
            136      136.00000

           Step           Time
            137      137.00000

   Energies (kJ/mol)
           Bond          Angle Ryckaert-Bell.          LJ-14     Coulomb-14
    1.01705e+03    3.67146e+03   -8.02508e+03    0.00000e+00   -4.63840e+04
        LJ (SR)   Coulomb (SR)   Coul. recip.      Potential Pressure (bar)
   -4.39570e+03   -2.47639e+04    8.08413e+03   -7.07960e+04    1.71760e+04

           Step           Time
            138      138.00000

   Energies (kJ/mol)
           Bond          Angle Ryckaert-Bell.          LJ-14     Coulomb-14
    9.79343e+02    3.58701e+03   -8.02919e+03    0.00000e+00   -4.63816e+04
        LJ (SR)   Coulomb (SR)   Coul. recip.      Potential Pressure (bar)
   -4.43047e+03   -2.47220e+04    8.10853e+03   -7.08884e+04    1.71567e+04

           Step           Time
            139      139.00000

   Energies (kJ/mol)
           Bond          Angle Ryckaert-Bell.          LJ-14     Coulomb-14
    1.07688e+03    3.69594e+03   -8.03368e+03    0.00000e+00   -4.63787e+04
        LJ (SR)   Coulomb (SR)   Coul. recip.      Potential Pressure (bar)
   -4.47612e+03   -2.48178e+04    8.03781e+03   -7.08956e+04    1.70039e+04

           Step           Time
            140      140.00000

   Energies (kJ/mol)
           Bond          Angle Ryckaert-Bell.          LJ-14     Coulomb-14
    1.04445e+03    3.58563e+03   -8.03798e+03    0.00000e+00   -4.63763e+04
        LJ (SR)   Coulomb (SR)   Coul. recip.      Potential Pressure (bar)
   -4.51050e+03   -2.47501e+04    8.07951e+03   -7.09652e+04    1.69957e+04

           Step           Time
            141      141.00000

           Step           Time
            142      142.00000

   Energies (kJ/mol)
           Bond          Angle Ryckaert-Bell.          LJ-14     Coulomb-14
    9.22049e+02    3.59256e+03   -8.04005e+03    0.00000e+00   -4.63749e+04
        LJ (SR)   Coulomb (SR)   Coul. recip.      Potential Pressure (bar)
   -4.53471e+03   -2.48138e+04    8.03215e+03   -7.12166e+04    1.69584e+04

           Step           Time
            143      143.00000

   Energies (kJ/mol)
           Bond          Angle Ryckaert-Bell.          LJ-14     Coulomb-14
    1.07186e+03    3.56845e+03   -8.05588e+03    0.00000e+00   -4.63648e+04
        LJ (SR)   Coulomb (SR)   Coul. recip.      Potential Pressure (bar)
   -4.67214e+03   -2.48315e+04    8.00241e+03   -7.12816e+04    1.66561e+04

           Step           Time
            144      144.00000

   Energies (kJ/mol)
           Bond          Angle Ryckaert-Bell.          LJ-14     Coulomb-14
    9.30178e+02    3.58816e+03   -8.05815e+03    0.00000e+00   -4.63633e+04
        LJ (SR)   Coulomb (SR)   Coul. recip.      Potential Pressure (bar)
   -4.70119e+03   -2.49164e+04    7.94078e+03   -7.15800e+04    1.66139e+04

           Step           Time
            145      145.00000

           Step           Time
            146      146.00000

   Energies (kJ/mol)
           Bond          Angle Ryckaert-Bell.          LJ-14     Coulomb-14
    9.20753e+02    3.53468e+03   -8.06238e+03    0.00000e+00   -4.63607e+04
        LJ (SR)   Coulomb (SR)   Coul. recip.      Potential Pressure (bar)
   -4.73822e+03   -2.48943e+04    7.95019e+03   -7.16500e+04    1.65683e+04

           Step           Time
            147      147.00000

   Energies (kJ/mol)
           Bond          Angle Ryckaert-Bell.          LJ-14     Coulomb-14
    9.51922e+02    3.59569e+03   -8.06609e+03    0.00000e+00   -4.63582e+04
        LJ (SR)   Coulomb (SR)   Coul. recip.      Potential Pressure (bar)
   -4.77612e+03   -2.49641e+04    7.89846e+03   -7.17185e+04    1.64608e+04

           Step           Time
            148      148.00000

   Energies (kJ/mol)
           Bond          Angle Ryckaert-Bell.          LJ-14     Coulomb-14
    9.47289e+02    3.52519e+03   -8.07027e+03    0.00000e+00   -4.63556e+04
        LJ (SR)   Coulomb (SR)   Coul. recip.      Potential Pressure (bar)
   -4.81120e+03   -2.49234e+04    7.92021e+03   -7.17678e+04    1.64246e+04

           Step           Time
            149      149.00000

   Energies (kJ/mol)
           Bond          Angle Ryckaert-Bell.          LJ-14     Coulomb-14
    1.00049e+03    3.61754e+03   -8.07387e+03    0.00000e+00   -4.63532e+04
        LJ (SR)   Coulomb (SR)   Coul. recip.      Potential Pressure (bar)
   -4.84935e+03   -2.50145e+04    7.85466e+03   -7.18182e+04    1.62994e+04

           Step           Time
            150      150.00000

   Energies (kJ/mol)
           Bond          Angle Ryckaert-Bell.          LJ-14     Coulomb-14
    1.01120e+03    3.52538e+03   -8.07804e+03    0.00000e+00   -4.63506e+04
        LJ (SR)   Coulomb (SR)   Coul. recip.      Potential Pressure (bar)
   -4.88206e+03   -2.49473e+04    7.89398e+03   -7.18274e+04    1.62760e+04

           Step           Time
            151      151.00000

   Energies (kJ/mol)
           Bond          Angle Ryckaert-Bell.          LJ-14     Coulomb-14
    1.10232e+03    3.66572e+03   -8.08149e+03    0.00000e+00   -4.63482e+04
        LJ (SR)   Coulomb (SR)   Coul. recip.      Potential Pressure (bar)
   -4.92113e+03   -2.50687e+04    7.80876e+03   -7.18427e+04    1.61236e+04

           Step           Time
            152      152.00000

           Step           Time
            153      153.00000

   Energies (kJ/mol)
           Bond          Angle Ryckaert-Bell.          LJ-14     Coulomb-14
    8.73948e+02    3.51108e+03   -8.08359e+03    0.00000e+00   -4.63469e+04
        LJ (SR)   Coulomb (SR)   Coul. recip.      Potential Pressure (bar)
   -4.93881e+03   -2.50182e+04    7.83821e+03   -7.21642e+04    1.61878e+04

           Step           Time
            154      154.00000

           Step           Time
            155      155.00000

   Energies (kJ/mol)
           Bond          Angle Ryckaert-Bell.          LJ-14     Coulomb-14
    9.40796e+02    3.56627e+03   -8.09295e+03    0.00000e+00   -4.63405e+04
        LJ (SR)   Coulomb (SR)   Coul. recip.      Potential Pressure (bar)
   -5.02505e+03   -2.51051e+04    7.76837e+03   -7.22882e+04    1.59642e+04

           Step           Time
            156      156.00000

   Energies (kJ/mol)
           Bond          Angle Ryckaert-Bell.          LJ-14     Coulomb-14
    8.68426e+02    3.48869e+03   -8.09549e+03    0.00000e+00   -4.63390e+04
        LJ (SR)   Coulomb (SR)   Coul. recip.      Potential Pressure (bar)
   -5.04652e+03   -2.50728e+04    7.78575e+03   -7.24109e+04    1.59686e+04

           Step           Time
            157      157.00000

   Energies (kJ/mol)
           Bond          Angle Ryckaert-Bell.          LJ-14     Coulomb-14
    9.75791e+02    3.57824e+03   -8.10166e+03    0.00000e+00   -4.63348e+04
        LJ (SR)   Coulomb (SR)   Coul. recip.      Potential Pressure (bar)
   -5.10559e+03   -2.51583e+04    7.72131e+03   -7.24250e+04    1.57948e+04

           Step           Time
            158      158.00000

   Energies (kJ/mol)
           Bond          Angle Ryckaert-Bell.          LJ-14     Coulomb-14
    8.82016e+02    3.47220e+03   -8.10448e+03    0.00000e+00   -4.63330e+04
        LJ (SR)   Coulomb (SR)   Coul. recip.      Potential Pressure (bar)
   -5.12827e+03   -2.51078e+04    7.74988e+03   -7.25695e+04    1.58111e+04

           Step           Time
            159      159.00000

           Step           Time
            160      160.00000

   Energies (kJ/mol)
           Bond          Angle Ryckaert-Bell.          LJ-14     Coulomb-14
    8.69769e+02    3.50543e+03   -8.10691e+03    0.00000e+00   -4.63313e+04
        LJ (SR)   Coulomb (SR)   Coul. recip.      Potential Pressure (bar)
   -5.15299e+03   -2.51594e+04    7.71245e+03   -7.26630e+04    1.57468e+04

           Step           Time
            161      161.00000

   Energies (kJ/mol)
           Bond          Angle Ryckaert-Bell.          LJ-14     Coulomb-14
    8.97261e+02    3.46160e+03   -8.11243e+03    0.00000e+00   -4.63277e+04
        LJ (SR)   Coulomb (SR)   Coul. recip.      Potential Pressure (bar)
   -5.19927e+03   -2.51411e+04    7.71656e+03   -7.27050e+04    1.56665e+04

           Step           Time
            162      162.00000

   Energies (kJ/mol)
           Bond          Angle Ryckaert-Bell.          LJ-14     Coulomb-14
    8.86619e+02    3.51190e+03   -8.11503e+03    0.00000e+00   -4.63259e+04
        LJ (SR)   Coulomb (SR)   Coul. recip.      Potential Pressure (bar)
   -5.22661e+03   -2.52098e+04    7.66784e+03   -7.28109e+04    1.55904e+04

           Step           Time
            163      163.00000

           Step           Time
            164      164.00000

   Energies (kJ/mol)
           Bond          Angle Ryckaert-Bell.          LJ-14     Coulomb-14
    8.43613e+02    3.45903e+03   -8.11741e+03    0.00000e+00   -4.63243e+04
        LJ (SR)   Coulomb (SR)   Coul. recip.      Potential Pressure (bar)
   -5.24624e+03   -2.51892e+04    7.67753e+03   -7.28970e+04    1.55795e+04

           Step           Time
            165      165.00000

   Energies (kJ/mol)
           Bond          Angle Ryckaert-Bell.          LJ-14     Coulomb-14
    9.02095e+02    3.51485e+03   -8.12346e+03    0.00000e+00   -4.63203e+04
        LJ (SR)   Coulomb (SR)   Coul. recip.      Potential Pressure (bar)
   -5.30164e+03   -2.52590e+04    7.62360e+03   -7.29638e+04    1.54306e+04

           Step           Time
            166      166.00000

   Energies (kJ/mol)
           Bond          Angle Ryckaert-Bell.          LJ-14     Coulomb-14
    8.45482e+02    3.44216e+03   -8.12609e+03    0.00000e+00   -4.63185e+04
        LJ (SR)   Coulomb (SR)   Coul. recip.      Potential Pressure (bar)
   -5.32272e+03   -2.52254e+04    7.64109e+03   -7.30640e+04    1.54287e+04

           Step           Time
            167      167.00000

   Energies (kJ/mol)
           Bond          Angle Ryckaert-Bell.          LJ-14     Coulomb-14
    9.37183e+02    3.52908e+03   -8.13087e+03    0.00000e+00   -4.63153e+04
        LJ (SR)   Coulomb (SR)   Coul. recip.      Potential Pressure (bar)
   -5.36754e+03   -2.53049e+04    7.58291e+03   -7.30694e+04    1.52855e+04

           Step           Time
            168      168.00000

   Energies (kJ/mol)
           Bond          Angle Ryckaert-Bell.          LJ-14     Coulomb-14
    8.66037e+02    3.42974e+03   -8.13375e+03    0.00000e+00   -4.63135e+04
        LJ (SR)   Coulomb (SR)   Coul. recip.      Potential Pressure (bar)
   -5.38933e+03   -2.52520e+04    7.61226e+03   -7.31806e+04    1.52963e+04

           Step           Time
            169      169.00000

           Step           Time
            170      170.00000

   Energies (kJ/mol)
           Bond          Angle Ryckaert-Bell.          LJ-14     Coulomb-14
    8.37631e+02    3.45856e+03   -8.13580e+03    0.00000e+00   -4.63121e+04
        LJ (SR)   Coulomb (SR)   Coul. recip.      Potential Pressure (bar)
   -5.41026e+03   -2.53028e+04    7.57625e+03   -7.32885e+04    1.52441e+04

           Step           Time
            171      171.00000

   Energies (kJ/mol)
           Bond          Angle Ryckaert-Bell.          LJ-14     Coulomb-14
    8.84807e+02    3.41985e+03   -8.14252e+03    0.00000e+00   -4.63077e+04
        LJ (SR)   Coulomb (SR)   Coul. recip.      Potential Pressure (bar)
   -5.46448e+03   -2.52878e+04    7.57573e+03   -7.33221e+04    1.51395e+04

           Step           Time
            172      172.00000

   Energies (kJ/mol)
           Bond          Angle Ryckaert-Bell.          LJ-14     Coulomb-14
    8.51960e+02    3.46374e+03   -8.14478e+03    0.00000e+00   -4.63061e+04
        LJ (SR)   Coulomb (SR)   Coul. recip.      Potential Pressure (bar)
   -5.48860e+03   -2.53562e+04    7.52817e+03   -7.34519e+04    1.50771e+04

           Step           Time
            173      173.00000

           Step           Time
            174      174.00000

   Energies (kJ/mol)
           Bond          Angle Ryckaert-Bell.          LJ-14     Coulomb-14
    8.19807e+02    3.41391e+03   -8.14737e+03    0.00000e+00   -4.63045e+04
        LJ (SR)   Coulomb (SR)   Coul. recip.      Potential Pressure (bar)
   -5.50914e+03   -2.53351e+04    7.53748e+03   -7.35249e+04    1.50610e+04

           Step           Time
            175      175.00000

   Energies (kJ/mol)
           Bond          Angle Ryckaert-Bell.          LJ-14     Coulomb-14
    8.68383e+02    3.46897e+03   -8.15183e+03    0.00000e+00   -4.63015e+04
        LJ (SR)   Coulomb (SR)   Coul. recip.      Potential Pressure (bar)
   -5.54953e+03   -2.53970e+04    7.49113e+03   -7.35714e+04    1.49461e+04

           Step           Time
            176      176.00000

   Energies (kJ/mol)
           Bond          Angle Ryckaert-Bell.          LJ-14     Coulomb-14
    8.27216e+02    3.40064e+03   -8.15462e+03    0.00000e+00   -4.62998e+04
        LJ (SR)   Coulomb (SR)   Coul. recip.      Potential Pressure (bar)
   -5.57086e+03   -2.53620e+04    7.50878e+03   -7.36506e+04    1.49385e+04

           Step           Time
            177      177.00000

   Energies (kJ/mol)
           Bond          Angle Ryckaert-Bell.          LJ-14     Coulomb-14
    9.04150e+02    3.48479e+03   -8.15855e+03    0.00000e+00   -4.62972e+04
        LJ (SR)   Coulomb (SR)   Coul. recip.      Potential Pressure (bar)
   -5.60757e+03   -2.54382e+04    7.45429e+03   -7.36582e+04    1.48158e+04

           Step           Time
            178      178.00000

   Energies (kJ/mol)
           Bond          Angle Ryckaert-Bell.          LJ-14     Coulomb-14
    8.55235e+02    3.39175e+03   -8.16151e+03    0.00000e+00   -4.62953e+04
        LJ (SR)   Coulomb (SR)   Coul. recip.      Potential Pressure (bar)
   -5.62893e+03   -2.53828e+04    7.48438e+03   -7.37372e+04    1.48204e+04

           Step           Time
            179      179.00000

           Step           Time
            180      180.00000

   Energies (kJ/mol)
           Bond          Angle Ryckaert-Bell.          LJ-14     Coulomb-14
    8.09207e+02    3.41559e+03   -8.16331e+03    0.00000e+00   -4.62941e+04
        LJ (SR)   Coulomb (SR)   Coul. recip.      Potential Pressure (bar)
   -5.64752e+03   -2.54334e+04    7.44920e+03   -7.38643e+04    1.47780e+04

           Step           Time
            181      181.00000

   Energies (kJ/mol)
           Bond          Angle Ryckaert-Bell.          LJ-14     Coulomb-14
    8.77505e+02    3.38202e+03   -8.17190e+03    0.00000e+00   -4.62885e+04
        LJ (SR)   Coulomb (SR)   Coul. recip.      Potential Pressure (bar)
   -5.71541e+03   -2.54244e+04    7.44096e+03   -7.38998e+04    1.46361e+04

           Step           Time
            182      182.00000

   Energies (kJ/mol)
           Bond          Angle Ryckaert-Bell.          LJ-14     Coulomb-14
    8.20800e+02    3.41871e+03   -8.17392e+03    0.00000e+00   -4.62873e+04
        LJ (SR)   Coulomb (SR)   Coul. recip.      Potential Pressure (bar)
   -5.73755e+03   -2.54930e+04    7.39408e+03   -7.40582e+04    1.45858e+04

           Step           Time
            183      183.00000

           Step           Time
            184      184.00000

   Energies (kJ/mol)
           Bond          Angle Ryckaert-Bell.          LJ-14     Coulomb-14
    7.99392e+02    3.37184e+03   -8.17674e+03    0.00000e+00   -4.62855e+04
        LJ (SR)   Coulomb (SR)   Coul. recip.      Potential Pressure (bar)
   -5.75953e+03   -2.54715e+04    7.40274e+03   -7.41193e+04    1.45639e+04

           Step           Time
            185      185.00000

   Energies (kJ/mol)
           Bond          Angle Ryckaert-Bell.          LJ-14     Coulomb-14
    8.37681e+02    3.42516e+03   -8.18029e+03    0.00000e+00   -4.62832e+04
        LJ (SR)   Coulomb (SR)   Coul. recip.      Potential Pressure (bar)
   -5.79174e+03   -2.55294e+04    7.36046e+03   -7.41613e+04    1.44692e+04

           Step           Time
            186      186.00000

   Energies (kJ/mol)
           Bond          Angle Ryckaert-Bell.          LJ-14     Coulomb-14
    8.12122e+02    3.36131e+03   -8.18322e+03    0.00000e+00   -4.62814e+04
        LJ (SR)   Coulomb (SR)   Coul. recip.      Potential Pressure (bar)
   -5.81359e+03   -2.54931e+04    7.37806e+03   -7.42198e+04    1.44557e+04

           Step           Time
            187      187.00000

   Energies (kJ/mol)
           Bond          Angle Ryckaert-Bell.          LJ-14     Coulomb-14
    8.74382e+02    3.44230e+03   -8.18656e+03    0.00000e+00   -4.62793e+04
        LJ (SR)   Coulomb (SR)   Coul. recip.      Potential Pressure (bar)
   -5.84511e+03   -2.55676e+04    7.32583e+03   -7.42361e+04    1.43479e+04

           Step           Time
            188      188.00000

   Energies (kJ/mol)
           Bond          Angle Ryckaert-Bell.          LJ-14     Coulomb-14
    8.48379e+02    3.35593e+03   -8.18958e+03    0.00000e+00   -4.62774e+04
        LJ (SR)   Coulomb (SR)   Coul. recip.      Potential Pressure (bar)
   -5.86614e+03   -2.55100e+04    7.35647e+03   -7.42823e+04    1.43462e+04

           Step           Time
            189      189.00000

           Step           Time
            190      190.00000

   Energies (kJ/mol)
           Bond          Angle Ryckaert-Bell.          LJ-14     Coulomb-14
    7.82610e+02    3.37384e+03   -8.19116e+03    0.00000e+00   -4.62764e+04
        LJ (SR)   Coulomb (SR)   Coul. recip.      Potential Pressure (bar)
   -5.88317e+03   -2.55608e+04    7.32173e+03   -7.44333e+04    1.43128e+04

           Step           Time
            191      191.00000

   Energies (kJ/mol)
           Bond          Angle Ryckaert-Bell.          LJ-14     Coulomb-14
    8.73603e+02    3.34518e+03   -8.20287e+03    0.00000e+00   -4.62689e+04
        LJ (SR)   Coulomb (SR)   Coul. recip.      Potential Pressure (bar)
   -5.97511e+03   -2.55643e+04    7.29941e+03   -7.44930e+04    1.41092e+04

           Step           Time
            192      192.00000

   Energies (kJ/mol)
           Bond          Angle Ryckaert-Bell.          LJ-14     Coulomb-14
    7.90595e+02    3.37335e+03   -8.20466e+03    0.00000e+00   -4.62678e+04
        LJ (SR)   Coulomb (SR)   Coul. recip.      Potential Pressure (bar)
   -5.99595e+03   -2.56334e+04    7.25302e+03   -7.46849e+04    1.40715e+04

           Step           Time
            193      193.00000

           Step           Time
            194      194.00000

   Energies (kJ/mol)
           Bond          Angle Ryckaert-Bell.          LJ-14     Coulomb-14
    7.80364e+02    3.32968e+03   -8.20772e+03    0.00000e+00   -4.62659e+04
        LJ (SR)   Coulomb (SR)   Coul. recip.      Potential Pressure (bar)
   -6.01958e+03   -2.56120e+04    7.26077e+03   -7.47344e+04    1.40443e+04

           Step           Time
            195      195.00000

   Energies (kJ/mol)
           Bond          Angle Ryckaert-Bell.          LJ-14     Coulomb-14
    8.07873e+02    3.38047e+03   -8.21061e+03    0.00000e+00   -4.62641e+04
        LJ (SR)   Coulomb (SR)   Coul. recip.      Potential Pressure (bar)
   -6.04652e+03   -2.56679e+04    7.22101e+03   -7.47798e+04    1.39644e+04

           Step           Time
            196      196.00000

   Energies (kJ/mol)
           Bond          Angle Ryckaert-Bell.          LJ-14     Coulomb-14
    7.98792e+02    3.32161e+03   -8.21365e+03    0.00000e+00   -4.62623e+04
        LJ (SR)   Coulomb (SR)   Coul. recip.      Potential Pressure (bar)
   -6.06871e+03   -2.56309e+04    7.23838e+03   -7.48167e+04    1.39452e+04

           Step           Time
            197      197.00000

   Energies (kJ/mol)
           Bond          Angle Ryckaert-Bell.          LJ-14     Coulomb-14
    8.45901e+02    3.39878e+03   -8.21650e+03    0.00000e+00   -4.62605e+04
        LJ (SR)   Coulomb (SR)   Coul. recip.      Potential Pressure (bar)
   -6.09636e+03   -2.57049e+04    7.18771e+03   -7.48458e+04    1.38500e+04

           Step           Time
            198      198.00000

   Energies (kJ/mol)
           Bond          Angle Ryckaert-Bell.          LJ-14     Coulomb-14
    8.44467e+02    3.31997e+03   -8.21952e+03    0.00000e+00   -4.62586e+04
        LJ (SR)   Coulomb (SR)   Coul. recip.      Potential Pressure (bar)
   -6.11669e+03   -2.56455e+04    7.21876e+03   -7.48571e+04    1.38421e+04

           Step           Time
            199      199.00000

           Step           Time
            200      200.00000

   Energies (kJ/mol)
           Bond          Angle Ryckaert-Bell.          LJ-14     Coulomb-14
    7.56175e+02    3.33064e+03   -8.22091e+03    0.00000e+00   -4.62578e+04
        LJ (SR)   Coulomb (SR)   Coul. recip.      Potential Pressure (bar)
   -6.13248e+03   -2.56969e+04    7.18435e+03   -7.50369e+04    1.38181e+04

           Step           Time
            201      201.00000

   Energies (kJ/mol)
           Bond          Angle Ryckaert-Bell.          LJ-14     Coulomb-14
    8.70155e+02    3.30484e+03   -8.23858e+03    0.00000e+00   -4.62462e+04
        LJ (SR)   Coulomb (SR)   Coul. recip.      Potential Pressure (bar)
   -6.27078e+03   -2.57309e+04    7.13240e+03   -7.51791e+04    1.34951e+04

           Step           Time
            202      202.00000

   Energies (kJ/mol)
           Bond          Angle Ryckaert-Bell.          LJ-14     Coulomb-14
    7.58208e+02    3.32266e+03   -8.24013e+03    0.00000e+00   -4.62454e+04
        LJ (SR)   Coulomb (SR)   Coul. recip.      Potential Pressure (bar)
   -6.29051e+03   -2.58005e+04    7.08675e+03   -7.54089e+04    1.34742e+04

           Step           Time
            203      203.00000

           Step           Time
            204      204.00000

   Energies (kJ/mol)
           Bond          Angle Ryckaert-Bell.          LJ-14     Coulomb-14
    7.59884e+02    3.28248e+03   -8.24324e+03    0.00000e+00   -4.62435e+04
        LJ (SR)   Coulomb (SR)   Coul. recip.      Potential Pressure (bar)
   -6.31501e+03   -2.57796e+04    7.09358e+03   -7.54454e+04    1.34466e+04

           Step           Time
            205      205.00000

   Energies (kJ/mol)
           Bond          Angle Ryckaert-Bell.          LJ-14     Coulomb-14
    7.76310e+02    3.32979e+03   -8.24559e+03    0.00000e+00   -4.62421e+04
        LJ (SR)   Coulomb (SR)   Coul. recip.      Potential Pressure (bar)
   -6.33764e+03   -2.58344e+04    7.05586e+03   -7.54978e+04    1.33798e+04

           Step           Time
            206      206.00000

   Energies (kJ/mol)
           Bond          Angle Ryckaert-Bell.          LJ-14     Coulomb-14
    7.84800e+02    3.27674e+03   -8.24855e+03    0.00000e+00   -4.62402e+04
        LJ (SR)   Coulomb (SR)   Coul. recip.      Potential Pressure (bar)
   -6.35905e+03   -2.57971e+04    7.07301e+03   -7.55104e+04    1.33572e+04

           Step           Time
            207      207.00000

   Energies (kJ/mol)
           Bond          Angle Ryckaert-Bell.          LJ-14     Coulomb-14
    8.16295e+02    3.34910e+03   -8.25093e+03    0.00000e+00   -4.62387e+04
        LJ (SR)   Coulomb (SR)   Coul. recip.      Potential Pressure (bar)
   -6.38306e+03   -2.58708e+04    7.02392e+03   -7.55542e+04    1.32747e+04

           Step           Time
            208      208.00000

           Step           Time
            209      209.00000

   Energies (kJ/mol)
           Bond          Angle Ryckaert-Bell.          LJ-14     Coulomb-14
    7.28221e+02    3.27669e+03   -8.25236e+03    0.00000e+00   -4.62378e+04
        LJ (SR)   Coulomb (SR)   Coul. recip.      Potential Pressure (bar)
   -6.39346e+03   -2.58418e+04    7.03867e+03   -7.56818e+04    1.32956e+04

           Step           Time
            210      210.00000

   Energies (kJ/mol)
           Bond          Angle Ryckaert-Bell.          LJ-14     Coulomb-14
    8.51168e+02    3.35733e+03   -8.26171e+03    0.00000e+00   -4.62317e+04
        LJ (SR)   Coulomb (SR)   Coul. recip.      Potential Pressure (bar)
   -6.47171e+03   -2.59337e+04    6.96627e+03   -7.57241e+04    1.30708e+04

           Step           Time
            211      211.00000

   Energies (kJ/mol)
           Bond          Angle Ryckaert-Bell.          LJ-14     Coulomb-14
    7.27997e+02    3.25549e+03   -8.26332e+03    0.00000e+00   -4.62307e+04
        LJ (SR)   Coulomb (SR)   Coul. recip.      Potential Pressure (bar)
   -6.48309e+03   -2.58892e+04    6.98964e+03   -7.58932e+04    1.31108e+04

           Step           Time
            212      212.00000

           Step           Time
            213      213.00000

   Energies (kJ/mol)
           Bond          Angle Ryckaert-Bell.          LJ-14     Coulomb-14
    7.49074e+02    3.29307e+03   -8.26581e+03    0.00000e+00   -4.62291e+04
        LJ (SR)   Coulomb (SR)   Coul. recip.      Potential Pressure (bar)
   -6.50602e+03   -2.59340e+04    6.95788e+03   -7.59349e+04    1.30452e+04

           Step           Time
            214      214.00000

   Energies (kJ/mol)
           Bond          Angle Ryckaert-Bell.          LJ-14     Coulomb-14
    7.37442e+02    3.24659e+03   -8.26824e+03    0.00000e+00   -4.62276e+04
        LJ (SR)   Coulomb (SR)   Coul. recip.      Potential Pressure (bar)
   -6.52410e+03   -2.59081e+04    6.96878e+03   -7.59752e+04    1.30284e+04

           Step           Time
            215      215.00000

   Energies (kJ/mol)
           Bond          Angle Ryckaert-Bell.          LJ-14     Coulomb-14
    7.73354e+02    3.30393e+03   -8.27068e+03    0.00000e+00   -4.62260e+04
        LJ (SR)   Coulomb (SR)   Coul. recip.      Potential Pressure (bar)
   -6.54741e+03   -2.59662e+04    6.92912e+03   -7.60039e+04    1.29514e+04

           Step           Time
            216      216.00000

   Energies (kJ/mol)
           Bond          Angle Ryckaert-Bell.          LJ-14     Coulomb-14
    7.63256e+02    3.24096e+03   -8.27309e+03    0.00000e+00   -4.62244e+04
        LJ (SR)   Coulomb (SR)   Coul. recip.      Potential Pressure (bar)
   -6.56429e+03   -2.59235e+04    6.95009e+03   -7.60310e+04    1.29436e+04

           Step           Time
            217      217.00000

   Energies (kJ/mol)
           Bond          Angle Ryckaert-Bell.          LJ-14     Coulomb-14
    8.24448e+02    3.32849e+03   -8.27545e+03    0.00000e+00   -4.62229e+04
        LJ (SR)   Coulomb (SR)   Coul. recip.      Potential Pressure (bar)
   -6.58843e+03   -2.60008e+04    6.89904e+03   -7.60356e+04    1.28494e+04

           Step           Time
            218      218.00000

           Step           Time
            219      219.00000

   Energies (kJ/mol)
           Bond          Angle Ryckaert-Bell.          LJ-14     Coulomb-14
    7.08607e+02    3.24336e+03   -8.27665e+03    0.00000e+00   -4.62221e+04
        LJ (SR)   Coulomb (SR)   Coul. recip.      Potential Pressure (bar)
   -6.59722e+03   -2.59687e+04    6.91565e+03   -7.61971e+04    1.28828e+04

           Step           Time
            220      220.00000

   Energies (kJ/mol)
           Bond          Angle Ryckaert-Bell.          LJ-14     Coulomb-14
    8.67594e+02    3.33063e+03   -8.29317e+03    0.00000e+00   -4.62106e+04
        LJ (SR)   Coulomb (SR)   Coul. recip.      Potential Pressure (bar)
   -6.73482e+03   -2.61024e+04    6.80422e+03   -7.63386e+04    1.25007e+04

           Step           Time
            221      221.00000

   Energies (kJ/mol)
           Bond          Angle Ryckaert-Bell.          LJ-14     Coulomb-14
    6.98951e+02    3.21036e+03   -8.29448e+03    0.00000e+00   -4.62099e+04
        LJ (SR)   Coulomb (SR)   Coul. recip.      Potential Pressure (bar)
   -6.74520e+03   -2.60528e+04    6.83022e+03   -7.65628e+04    1.25649e+04

           Step           Time
            222      222.00000

           Step           Time
            223      223.00000

   Energies (kJ/mol)
           Bond          Angle Ryckaert-Bell.          LJ-14     Coulomb-14
    7.39496e+02    3.25545e+03   -8.29724e+03    0.00000e+00   -4.62081e+04
        LJ (SR)   Coulomb (SR)   Coul. recip.      Potential Pressure (bar)
   -6.77300e+03   -2.61006e+04    6.79574e+03   -7.65883e+04    1.24925e+04

           Step           Time
            224      224.00000

   Energies (kJ/mol)
           Bond          Angle Ryckaert-Bell.          LJ-14     Coulomb-14
    7.08479e+02    3.20026e+03   -8.29908e+03    0.00000e+00   -4.62069e+04
        LJ (SR)   Coulomb (SR)   Coul. recip.      Potential Pressure (bar)
   -6.78740e+03   -2.60692e+04    6.81040e+03   -7.66434e+04    1.24916e+04

           Step           Time
            225      225.00000

           Step           Time
            226      226.00000

   Energies (kJ/mol)
           Bond          Angle Ryckaert-Bell.          LJ-14     Coulomb-14
    6.95348e+02    3.21866e+03   -8.30035e+03    0.00000e+00   -4.62061e+04
        LJ (SR)   Coulomb (SR)   Coul. recip.      Potential Pressure (bar)
   -6.80058e+03   -2.61004e+04    6.78904e+03   -7.67044e+04    1.24594e+04

           Step           Time
            227      227.00000

   Energies (kJ/mol)
           Bond          Angle Ryckaert-Bell.          LJ-14     Coulomb-14
    7.16408e+02    3.19107e+03   -8.30522e+03    0.00000e+00   -4.62028e+04
        LJ (SR)   Coulomb (SR)   Coul. recip.      Potential Pressure (bar)
   -6.84159e+03   -2.60961e+04    6.78144e+03   -7.67568e+04    1.23818e+04

           Step           Time
            228      228.00000

   Energies (kJ/mol)
           Bond          Angle Ryckaert-Bell.          LJ-14     Coulomb-14
    7.01260e+02    3.21915e+03   -8.30668e+03    0.00000e+00   -4.62018e+04
        LJ (SR)   Coulomb (SR)   Coul. recip.      Potential Pressure (bar)
   -6.85694e+03   -2.61387e+04    6.75300e+03   -7.68308e+04    1.23420e+04

           Step           Time
            229      229.00000

           Step           Time
            230      230.00000

   Energies (kJ/mol)
           Bond          Angle Ryckaert-Bell.          LJ-14     Coulomb-14
    6.86055e+02    3.19034e+03   -8.30842e+03    0.00000e+00   -4.62007e+04
        LJ (SR)   Coulomb (SR)   Coul. recip.      Potential Pressure (bar)
   -6.87100e+03   -2.61270e+04    6.75630e+03   -7.68744e+04    1.23267e+04

           Step           Time
            231      231.00000

   Energies (kJ/mol)
           Bond          Angle Ryckaert-Bell.          LJ-14     Coulomb-14
    7.08967e+02    3.22110e+03   -8.31115e+03    0.00000e+00   -4.61989e+04
        LJ (SR)   Coulomb (SR)   Coul. recip.      Potential Pressure (bar)
   -6.89597e+03   -2.61658e+04    6.72767e+03   -7.69141e+04    1.22584e+04

           Step           Time
            232      232.00000

   Energies (kJ/mol)
           Bond          Angle Ryckaert-Bell.          LJ-14     Coulomb-14
    6.88938e+02    3.18125e+03   -8.31300e+03    0.00000e+00   -4.61976e+04
        LJ (SR)   Coulomb (SR)   Coul. recip.      Potential Pressure (bar)
   -6.91024e+03   -2.61456e+04    6.73586e+03   -7.69604e+04    1.22481e+04

           Step           Time
            233      233.00000

   Energies (kJ/mol)
           Bond          Angle Ryckaert-Bell.          LJ-14     Coulomb-14
    7.26276e+02    3.22865e+03   -8.31555e+03    0.00000e+00   -4.61960e+04
        LJ (SR)   Coulomb (SR)   Coul. recip.      Potential Pressure (bar)
   -6.93389e+03   -2.61940e+04    6.70207e+03   -7.69824e+04    1.21740e+04

           Step           Time
            234      234.00000

   Energies (kJ/mol)
           Bond          Angle Ryckaert-Bell.          LJ-14     Coulomb-14
    7.01402e+02    3.17364e+03   -8.31751e+03    0.00000e+00   -4.61947e+04
        LJ (SR)   Coulomb (SR)   Coul. recip.      Potential Pressure (bar)
   -6.94798e+03   -2.61611e+04    6.71748e+03   -7.70288e+04    1.21710e+04

           Step           Time
            235      235.00000

           Step           Time
            236      236.00000

   Energies (kJ/mol)
           Bond          Angle Ryckaert-Bell.          LJ-14     Coulomb-14
    6.80281e+02    3.19080e+03   -8.31872e+03    0.00000e+00   -4.61939e+04
        LJ (SR)   Coulomb (SR)   Coul. recip.      Potential Pressure (bar)
   -6.96002e+03   -2.61932e+04    6.69596e+03   -7.70988e+04    1.21420e+04

           Step           Time
            237      237.00000

   Energies (kJ/mol)
           Bond          Angle Ryckaert-Bell.          LJ-14     Coulomb-14
    7.11069e+02    3.16490e+03   -8.32491e+03    0.00000e+00   -4.61899e+04
        LJ (SR)   Coulomb (SR)   Coul. recip.      Potential Pressure (bar)
   -7.00824e+03   -2.61934e+04    6.68379e+03   -7.71567e+04    1.20424e+04

