
################################################################################

 PACKMOL - Packing optimization for the automated generation of
 starting configurations for molecular dynamics simulations.
 
                                                              Version 20.3.2 

################################################################################

  Packmol must be run with: packmol < inputfile.inp 

  Userguide at: http://m3g.iqm.unicamp.br/packmol 

  Reading input file... (Control-C aborts)
  Will print BOX SIDE informations. 
  Will sum   0.50000000000000000       to each side length on print
  Seed for random number generator:           42
  Output file: conf.pdb
  Reading coordinate file: EC_UA.pdb
  Reading coordinate file: DMC_UA.pdb
  Number of independent structures:            2
  The structures are: 
  Structure            1 :EC_UA.pdb(           6  atoms)
  Structure            2 :DMC_UA.pdb(           6  atoms)
  Maximum number of GENCAN loops for all molecule packing:          400
  Maximum number of GENCAN loops for type:            1 :          500
  Maximum number of GENCAN loops for type:            2 :          500
  Total number of restrictions:            2
  Distance tolerance:    2.0000000000000000     
  Residue numbering set for structure            1 :           3
  Swap chains of molecules of structure            1 : F
  Residue numbering set for structure            2 :           3
  Swap chains of molecules of structure            2 : F
  Number of molecules of type            1 :          290
  Number of molecules of type            2 :          227
  Total number of atoms:         3102
  Total number of molecules:          517
  Number of fixed molecules:            0
  Number of free molecules:          517
  Number of variables:         3102
  Total number of fixed atoms:            0
  Maximum internal distance of type            1 :    3.4641873505917662     
  Maximum internal distance of type            2 :    4.7941631177923014     
  All atoms must be within these coordinates: 
   x: [   -997.40076971520534      ,    1002.5992302847947       ] 
   y: [   -997.98474564411163      ,    1002.0152543558884       ] 
   z: [   -996.79999999999995      ,    1003.2000000000000       ] 
  If the system is larger than this, increase the sidemax parameter. 

################################################################################

  Building initial approximation ... 

################################################################################

  Adjusting initial point to fit the constraints 

--------------------------------------------------------------------------------

--------------------------------------------------------------------------------

  Molecules of type:            1

  Packing:|0                                                             100%|
          |***********************************

  Restraint-only function value:    2.6079739893693540E-002
  Maximum violation of the restraints:    4.1276960640968200E-003

--------------------------------------------------------------------------------

  Molecules of type:            2

  Packing:|0                                                             100%|
          |******************************************

  Restraint-only function value:    1.7500392191042275E-003
  Maximum violation of the restraints:    1.2704114852529951E-003

--------------------------------------------------------------------------------

  Rescaling maximum and minimum coordinates... 
  Computing size of patches... 
  Add fixed molecules to permanent arrays... 
  Reseting center of mass... 

--------------------------------------------------------------------------------

  Setting initial trial coordinates ... 

--------------------------------------------------------------------------------

--------------------------------------------------------------------------------

  Molecules of type:            1
  Adjusting random positions to fit the constraints. 
  Packing:|0                                                             100%|
          |*******
  Restraint-only function value:    4.6105490110123792E-004
  Maximum violation of the restraints:    2.3204074245789907E-004

--------------------------------------------------------------------------------

  Molecules of type:            2
  Adjusting random positions to fit the constraints. 
  Packing:|0                                                             100%|
          |*********************
  Restraint-only function value:    0.0000000000000000     
  Maximum violation of the restraints:    0.0000000000000000     

################################################################################

  Objective function at initial point:    10311.252643142099     

################################################################################

  Packing molecules of type:            1

################################################################################


--------------------------------------------------------------------------------

  Starting GENCAN loop:            0
  Scaling radii by:    1.1000000000000001     

  Packing:|0                                                             100%|
          |********************************************************

  Function value from last GENCAN loop: f = .22481E-02
  Best function value before: f = .31081E+04
  Improvement from best function value:    99.99 %
  Improvement from last loop:    99.99 %
  Maximum violation of target distance:     0.000000
  Maximum violation of the constraints: .16860E-02
  Current structure written to file: conf.pdb
--------------------------------------------------------------------------------
  Packing solved for molecules of type           1
  Objective function value:    2.2480755846378286E-003
  Maximum violation of target distance:    0.0000000000000000     
  Max. constraint violation:    1.6860245141315428E-003
--------------------------------------------------------------------------------

################################################################################

  Packing molecules of type:            2

################################################################################


--------------------------------------------------------------------------------

  Starting GENCAN loop:            0
  Scaling radii by:    1.1000000000000001     

  Packing:|0                                                             100%|
          |*************************************************

  Function value from last GENCAN loop: f = .26502E-02
  Best function value before: f = .17584E+04
  Improvement from best function value:    99.99 %
  Improvement from last loop:    99.99 %
  Maximum violation of target distance:     0.000000
  Maximum violation of the constraints: .26502E-02
  Current structure written to file: conf.pdb
--------------------------------------------------------------------------------
  Packing solved for molecules of type           2
  Objective function value:    2.6501989586825542E-003
  Maximum violation of target distance:    0.0000000000000000     
  Max. constraint violation:    2.6501989586825542E-003
--------------------------------------------------------------------------------

################################################################################

  Packing all molecules together 

################################################################################


--------------------------------------------------------------------------------

  Starting GENCAN loop:            0
  Scaling radii by:    1.1000000000000001     

  Packing:|0                                                             100%|
          |******************************************************************|
          |*************************************************

  Function value from last GENCAN loop: f = .27409E-01
  Best function value before: f = .54599E+04
  Improvement from best function value:    99.99 %
  Improvement from last loop:    99.99 %
  Maximum violation of target distance:     0.000000
  Maximum violation of the constraints: .93546E-02

################################################################################

                                 Success! 
              Final objective function value: .27409E-01
              Maximum violation of target distance:   0.000000
              Maximum violation of the constraints: .93546E-02

--------------------------------------------------------------------------------

              Please cite this work if Packmol was useful: 

           L. Martinez, R. Andrade, E. G. Birgin, J. M. Martinez, 
         PACKMOL: A package for building initial configurations for
                   molecular dynamics simulations. 
          Journal of Computational Chemistry, 30:2157-2164,2009.

################################################################################

  Solution written to file: conf.pdb

--------------------------------------------------------------------------------

   Running time:   0.450125992      seconds. 

--------------------------------------------------------------------------------


