2026-02-19 12:13:38 — INFO — INPUT FILE: fsi.pdb
2026-02-19 12:13:38 — INFO — NUMBER OF OPTIMIZATIONS: 3
2026-02-19 12:13:38 — INFO — Parsing molecule from input: /home/hacortes/Li-EMDLab/chemi-info/FSI/fsi.pdb
2026-02-19 12:13:38 — INFO — Retreiving atom names form PDB:/home/hacortes/Li-EMDLab/chemi-info/FSI/fsi.pdb
2026-02-19 12:13:38 — INFO — Center of mass position:  3.874  0.188  0.650
2026-02-19 12:13:38 — INFO — Closest atom to the center of mass: N  4 with distance :  0.978  (A) 
2026-02-19 12:13:38 — WARNING — AUTO DETECTED CHARGE: 0  USER INPUT CHARGE: -1  (NOT MATCHING CHARGES)
2026-02-19 12:13:38 — INFO — MOLECULE CHARGE USED: -1
2026-02-19 12:13:38 — INFO — CHARGE ALGORITHM USED: CM1A
2026-02-19 12:13:38 — INFO — RESIDUE NAME USED: TFS
2026-02-19 12:13:38 — INFO — Parsing Bonds, Angles and dihedrals
2026-02-19 12:13:38 — INFO — Parsing Atoms
2026-02-19 12:13:38 — INFO — --- SUMMARY MOLECULE STRUCTURE ---
2026-02-19 12:13:38 — INFO — Number of Atoms: 12
2026-02-19 12:13:38 — INFO — Number of Variable Bonds: 8
2026-02-19 12:13:38 — INFO — Number of Additional Bonds: 0
2026-02-19 12:13:38 — INFO — Number of Variable Angles: 7
2026-02-19 12:13:38 — INFO — Number of Additional Angles: 6
2026-02-19 12:13:38 — INFO — Number of Variable Torsions: 5
2026-02-19 12:13:38 — INFO — Number of Additional Torsions: 1
2026-02-19 12:13:38 — INFO — Number of excluded Atoms: 0
2026-02-19 12:13:38 — INFO — Generating Zmat
2026-02-19 12:13:38 — INFO — Running BOSS
2026-02-19 12:13:42 — INFO — Running BOSS optimization ... 1
2026-02-19 12:13:43 — INFO — Running BOSS optimization ... 2
2026-02-19 12:13:44 — INFO — Running BOSS optimization ... 3
2026-02-19 12:13:45 — INFO — Parsing BOSS molecule outputs
2026-02-19 12:13:45 — WARNING — Duplicate names in input file found! Using new generated names
2026-02-19 12:13:45 — WARNING — Duplicate names in input file found! Using new generated names
2026-02-19 12:13:45 — WARNING — Duplicate names in input file found! Using new generated names
2026-02-19 12:13:45 — WARNING — Duplicate names in input file found! Using new generated names
2026-02-19 12:13:45 — WARNING — Duplicate names in input file found! Using new generated names
2026-02-19 12:13:45 — WARNING — Duplicate names in input file found! Using new generated names
2026-02-19 12:13:45 — WARNING — Duplicate names in input file found! Using new generated names
2026-02-19 12:13:45 — WARNING — Duplicate names in input file found! Using new generated names
2026-02-19 12:13:45 — WARNING — Duplicate names in input file found! Using new generated names
2026-02-19 12:13:45 — INFO — Generating Q inputs
2026-02-19 12:13:45 — INFO — Generating Gromacs inputs
2026-02-19 12:13:45 — INFO — Generating CHARMM/NAMD inputs
2026-02-19 12:13:45 — INFO — Generating TINKER inputs
2026-02-19 12:13:45 — INFO — Generating openMM inputs
2026-02-19 12:13:45 — INFO — Generating PQR inputs
2026-02-19 12:13:45 — INFO — Generating DESMOND inputs
2026-02-19 12:13:45 — INFO — Generating LAMMPS inputs
2026-02-19 12:13:45 — INFO — Generating XPLOR inputs
2026-02-19 12:13:45 — INFO —             
    
                    LigParGen finished succesfully!
    
    Please do not forget to cite the following references: 

        1. LigParGen web server: an automatic OPLS-AA parameter generator for organic ligands  
           Leela S. Dodda  Israel Cabeza de Vaca  Julian Tirado-Rives William L. Jorgensen 
           Nucleic Acids Research, Volume 45, Issue W1, 3 July 2017, Pages W331–W336

        2. 1.14*CM1A-LBCC: Localized Bond-Charge Corrected CM1A Charges for Condensed-Phase Simulations
    
