              :-) GROMACS - gmx mdrun, 2020.1-Ubuntu-2020.1-1 (-:

                            GROMACS is written by:
     Emile Apol      Rossen Apostolov      Paul Bauer     Herman J.C. Berendsen
    Par Bjelkmar      Christian Blau   Viacheslav Bolnykh     Kevin Boyd    
 Aldert van Buuren   Rudi van Drunen     Anton Feenstra       Alan Gray     
  Gerrit Groenhof     Anca Hamuraru    Vincent Hindriksen  M. Eric Irrgang  
  Aleksei Iupinov   Christoph Junghans     Joe Jordan     Dimitrios Karkoulis
    Peter Kasson        Jiri Kraus      Carsten Kutzner      Per Larsson    
  Justin A. Lemkul    Viveca Lindahl    Magnus Lundborg     Erik Marklund   
    Pascal Merz     Pieter Meulenhoff    Teemu Murtola       Szilard Pall   
    Sander Pronk      Roland Schulz      Michael Shirts    Alexey Shvetsov  
   Alfons Sijbers     Peter Tieleman      Jon Vincent      Teemu Virolainen 
 Christian Wennberg    Maarten Wolf      Artem Zhmurov   
                           and the project leaders:
        Mark Abraham, Berk Hess, Erik Lindahl, and David van der Spoel

Copyright (c) 1991-2000, University of Groningen, The Netherlands.
Copyright (c) 2001-2019, The GROMACS development team at
Uppsala University, Stockholm University and
the Royal Institute of Technology, Sweden.
check out http://www.gromacs.org for more information.

GROMACS is free software; you can redistribute it and/or modify it
under the terms of the GNU Lesser General Public License
as published by the Free Software Foundation; either version 2.1
of the License, or (at your option) any later version.

GROMACS:      gmx mdrun, version 2020.1-Ubuntu-2020.1-1
Executable:   /usr/bin/gmx
Data prefix:  /usr
Working dir:  /home/hacortes/Li-EMDLab/solvents
Process ID:   17413
Command line:
  gmx mdrun -deffnm npt_eq

GROMACS version:    2020.1-Ubuntu-2020.1-1
Precision:          single
Memory model:       64 bit
MPI library:        thread_mpi
OpenMP support:     enabled (GMX_OPENMP_MAX_THREADS = 64)
GPU support:        disabled
SIMD instructions:  SSE2
FFT library:        fftw-3.3.8-sse2-avx
RDTSCP usage:       disabled
TNG support:        enabled
Hwloc support:      hwloc-2.1.0
Tracing support:    disabled
C compiler:         /usr/bin/cc GNU 9.3.0
C compiler flags:   -msse2 -fexcess-precision=fast -funroll-all-loops
C++ compiler:       /usr/bin/c++ GNU 9.3.0
C++ compiler flags: -msse2 -fexcess-precision=fast -funroll-all-loops -fopenmp


Running on 1 node with total 4 cores, 8 logical cores
Hardware detected:
  CPU info:
    Vendor: Intel
    Brand:  Intel(R) Core(TM) i7-10510U CPU @ 1.80GHz
    Family: 6   Model: 142   Stepping: 12
    Features: aes apic avx avx2 clfsh cmov cx8 cx16 f16c fma htt intel lahf mmx msr nonstop_tsc pcid pclmuldq pdcm pdpe1gb popcnt pse rdrnd rdtscp sse2 sse3 sse4.1 sse4.2 ssse3 tdt x2apic
  Hardware topology: Full, with devices
    Sockets, cores, and logical processors:
      Socket  0: [   0   4] [   1   5] [   2   6] [   3   7]
    Numa nodes:
      Node  0 (16443695104 bytes mem):   0   4   1   5   2   6   3   7
      Latency:
               0
         0  1.00
    Caches:
      L1: 32768 bytes, linesize 64 bytes, assoc. 8, shared 2 ways
      L2: 262144 bytes, linesize 64 bytes, assoc. 4, shared 2 ways
      L3: 8388608 bytes, linesize 64 bytes, assoc. 16, shared 8 ways
    PCI devices:
      0000:00:02.0  Id: 8086:9b41  Class: 0x0300  Numa: 0
      0000:02:00.0  Id: 8086:2723  Class: 0x0280  Numa: 0
      0000:71:00.0  Id: 15b7:5006  Class: 0x0108  Numa: 0

Highest SIMD level requested by all nodes in run: AVX2_256
SIMD instructions selected at compile time:       SSE2
This program was compiled for different hardware than you are running on,
which could influence performance.
The current CPU can measure timings more accurately than the code in
gmx mdrun was configured to use. This might affect your simulation
speed as accurate timings are needed for load-balancing.
Please consider rebuilding gmx mdrun with the GMX_USE_RDTSCP=ON CMake option.

++++ PLEASE READ AND CITE THE FOLLOWING REFERENCE ++++
M. J. Abraham, T. Murtola, R. Schulz, S. Páll, J. C. Smith, B. Hess, E.
Lindahl
GROMACS: High performance molecular simulations through multi-level
parallelism from laptops to supercomputers
SoftwareX 1 (2015) pp. 19-25
-------- -------- --- Thank You --- -------- --------


++++ PLEASE READ AND CITE THE FOLLOWING REFERENCE ++++
S. Páll, M. J. Abraham, C. Kutzner, B. Hess, E. Lindahl
Tackling Exascale Software Challenges in Molecular Dynamics Simulations with
GROMACS
In S. Markidis & E. Laure (Eds.), Solving Software Challenges for Exascale 8759 (2015) pp. 3-27
-------- -------- --- Thank You --- -------- --------


++++ PLEASE READ AND CITE THE FOLLOWING REFERENCE ++++
S. Pronk, S. Páll, R. Schulz, P. Larsson, P. Bjelkmar, R. Apostolov, M. R.
Shirts, J. C. Smith, P. M. Kasson, D. van der Spoel, B. Hess, and E. Lindahl
GROMACS 4.5: a high-throughput and highly parallel open source molecular
simulation toolkit
Bioinformatics 29 (2013) pp. 845-54
-------- -------- --- Thank You --- -------- --------


++++ PLEASE READ AND CITE THE FOLLOWING REFERENCE ++++
B. Hess and C. Kutzner and D. van der Spoel and E. Lindahl
GROMACS 4: Algorithms for highly efficient, load-balanced, and scalable
molecular simulation
J. Chem. Theory Comput. 4 (2008) pp. 435-447
-------- -------- --- Thank You --- -------- --------


++++ PLEASE READ AND CITE THE FOLLOWING REFERENCE ++++
D. van der Spoel, E. Lindahl, B. Hess, G. Groenhof, A. E. Mark and H. J. C.
Berendsen
GROMACS: Fast, Flexible and Free
J. Comp. Chem. 26 (2005) pp. 1701-1719
-------- -------- --- Thank You --- -------- --------


++++ PLEASE READ AND CITE THE FOLLOWING REFERENCE ++++
E. Lindahl and B. Hess and D. van der Spoel
GROMACS 3.0: A package for molecular simulation and trajectory analysis
J. Mol. Mod. 7 (2001) pp. 306-317
-------- -------- --- Thank You --- -------- --------


++++ PLEASE READ AND CITE THE FOLLOWING REFERENCE ++++
H. J. C. Berendsen, D. van der Spoel and R. van Drunen
GROMACS: A message-passing parallel molecular dynamics implementation
Comp. Phys. Comm. 91 (1995) pp. 43-56
-------- -------- --- Thank You --- -------- --------

Input Parameters:
   integrator                     = md
   tinit                          = 0
   dt                             = 0.002
   nsteps                         = 2000000
   init-step                      = 0
   simulation-part                = 1
   comm-mode                      = Linear
   nstcomm                        = 100
   bd-fric                        = 0
   ld-seed                        = 169278933
   emtol                          = 10
   emstep                         = 0.01
   niter                          = 20
   fcstep                         = 0
   nstcgsteep                     = 1000
   nbfgscorr                      = 10
   rtpi                           = 0.05
   nstxout                        = 0
   nstvout                        = 0
   nstfout                        = 0
   nstlog                         = 1000
   nstcalcenergy                  = 100
   nstenergy                      = 1000
   nstxout-compressed             = 2000
   compressed-x-precision         = 1000
   cutoff-scheme                  = Verlet
   nstlist                        = 10
   pbc                            = xyz
   periodic-molecules             = false
   verlet-buffer-tolerance        = 0.005
   rlist                          = 1.4
   coulombtype                    = PME
   coulomb-modifier               = Potential-shift
   rcoulomb-switch                = 0
   rcoulomb                       = 1.4
   epsilon-r                      = 1
   epsilon-rf                     = inf
   vdw-type                       = Cut-off
   vdw-modifier                   = Potential-shift
   rvdw-switch                    = 0
   rvdw                           = 1.4
   DispCorr                       = EnerPres
   table-extension                = 1
   fourierspacing                 = 0.12
   fourier-nx                     = 36
   fourier-ny                     = 36
   fourier-nz                     = 36
   pme-order                      = 4
   ewald-rtol                     = 1e-05
   ewald-rtol-lj                  = 0.001
   lj-pme-comb-rule               = Geometric
   ewald-geometry                 = 0
   epsilon-surface                = 0
   tcoupl                         = V-rescale
   nsttcouple                     = 10
   nh-chain-length                = 0
   print-nose-hoover-chain-variables = false
   pcoupl                         = Berendsen
   pcoupltype                     = Isotropic
   nstpcouple                     = 10
   tau-p                          = 1
   compressibility (3x3):
      compressibility[    0]={ 5.00000e-05,  0.00000e+00,  0.00000e+00}
      compressibility[    1]={ 0.00000e+00,  5.00000e-05,  0.00000e+00}
      compressibility[    2]={ 0.00000e+00,  0.00000e+00,  5.00000e-05}
   ref-p (3x3):
      ref-p[    0]={ 1.00000e+00,  0.00000e+00,  0.00000e+00}
      ref-p[    1]={ 0.00000e+00,  1.00000e+00,  0.00000e+00}
      ref-p[    2]={ 0.00000e+00,  0.00000e+00,  1.00000e+00}
   refcoord-scaling               = No
   posres-com (3):
      posres-com[0]= 0.00000e+00
      posres-com[1]= 0.00000e+00
      posres-com[2]= 0.00000e+00
   posres-comB (3):
      posres-comB[0]= 0.00000e+00
      posres-comB[1]= 0.00000e+00
      posres-comB[2]= 0.00000e+00
   QMMM                           = false
   QMconstraints                  = 0
   QMMMscheme                     = 0
   MMChargeScaleFactor            = 1
qm-opts:
   ngQM                           = 0
   constraint-algorithm           = Lincs
   continuation                   = false
   Shake-SOR                      = false
   shake-tol                      = 0.0001
   lincs-order                    = 4
   lincs-iter                     = 1
   lincs-warnangle                = 30
   nwall                          = 0
   wall-type                      = 9-3
   wall-r-linpot                  = -1
   wall-atomtype[0]               = -1
   wall-atomtype[1]               = -1
   wall-density[0]                = 0
   wall-density[1]                = 0
   wall-ewald-zfac                = 3
   pull                           = false
   awh                            = false
   rotation                       = false
   interactiveMD                  = false
   disre                          = No
   disre-weighting                = Conservative
   disre-mixed                    = false
   dr-fc                          = 1000
   dr-tau                         = 0
   nstdisreout                    = 100
   orire-fc                       = 0
   orire-tau                      = 0
   nstorireout                    = 100
   free-energy                    = no
   cos-acceleration               = 0
   deform (3x3):
      deform[    0]={ 0.00000e+00,  0.00000e+00,  0.00000e+00}
      deform[    1]={ 0.00000e+00,  0.00000e+00,  0.00000e+00}
      deform[    2]={ 0.00000e+00,  0.00000e+00,  0.00000e+00}
   simulated-tempering            = false
   swapcoords                     = no
   userint1                       = 0
   userint2                       = 0
   userint3                       = 0
   userint4                       = 0
   userreal1                      = 0
   userreal2                      = 0
   userreal3                      = 0
   userreal4                      = 0
   applied-forces:
     electric-field:
       x:
         E0                       = 0
         omega                    = 0
         t0                       = 0
         sigma                    = 0
       y:
         E0                       = 0
         omega                    = 0
         t0                       = 0
         sigma                    = 0
       z:
         E0                       = 0
         omega                    = 0
         t0                       = 0
         sigma                    = 0
     density-guided-simulation:
       active                     = false
       group                      = protein
       similarity-measure         = inner-product
       atom-spreading-weight      = unity
       force-constant             = 1e+09
       gaussian-transform-spreading-width = 0.2
       gaussian-transform-spreading-range-in-multiples-of-width = 4
       reference-density-filename = reference.mrc
       nst                        = 1
       normalize-densities        = true
       adaptive-force-scaling     = false
       adaptive-force-scaling-time-constant = 4
grpopts:
   nrdf:        6428
   ref-t:         298
   tau-t:         0.1
annealing:          No
annealing-npoints:           0
   acc:	           0           0           0
   nfreeze:           N           N           N
   energygrp-flags[  0]: 0

Changing nstlist from 10 to 100, rlist from 1.4 to 1.419


Using 1 MPI thread

Non-default thread affinity set, disabling internal thread affinity

Using 8 OpenMP threads 

System total charge: -0.000
Will do PME sum in reciprocal space for electrostatic interactions.

++++ PLEASE READ AND CITE THE FOLLOWING REFERENCE ++++
U. Essmann, L. Perera, M. L. Berkowitz, T. Darden, H. Lee and L. G. Pedersen 
A smooth particle mesh Ewald method
J. Chem. Phys. 103 (1995) pp. 8577-8592
-------- -------- --- Thank You --- -------- --------

Using a Gaussian width (1/beta) of 0.448228 nm for Ewald
Potential shift: LJ r^-12: -1.764e-02 r^-6: -1.328e-01, Ewald -7.143e-06
Initialized non-bonded Coulomb Ewald tables, spacing: 1.10e-03 size: 1270

Generated table with 1209 data points for 1-4 COUL.
Tabscale = 500 points/nm
Generated table with 1209 data points for 1-4 LJ6.
Tabscale = 500 points/nm
Generated table with 1209 data points for 1-4 LJ12.
Tabscale = 500 points/nm

Using SIMD 4x4 nonbonded short-range kernels

Using a dual 4x4 pair-list setup updated with dynamic pruning:
  outer list: updated every 100 steps, buffer 0.019 nm, rlist 1.419 nm
  inner list: updated every  79 steps, buffer 0.001 nm, rlist 1.401 nm
At tolerance 0.005 kJ/mol/ps per atom, equivalent classical 1x1 list would be:
  outer list: updated every 100 steps, buffer 0.131 nm, rlist 1.531 nm
  inner list: updated every  79 steps, buffer 0.094 nm, rlist 1.494 nm

Using Lorentz-Berthelot Lennard-Jones combination rule

Long Range LJ corr.: <C6> 3.3632e-03

Removing pbc first time

Initializing LINear Constraint Solver

++++ PLEASE READ AND CITE THE FOLLOWING REFERENCE ++++
B. Hess and H. Bekker and H. J. C. Berendsen and J. G. E. M. Fraaije
LINCS: A Linear Constraint Solver for molecular simulations
J. Comp. Chem. 18 (1997) pp. 1463-1472
-------- -------- --- Thank You --- -------- --------

The number of constraints is 2875

++++ PLEASE READ AND CITE THE FOLLOWING REFERENCE ++++
G. Bussi, D. Donadio and M. Parrinello
Canonical sampling through velocity rescaling
J. Chem. Phys. 126 (2007) pp. 014101
-------- -------- --- Thank You --- -------- --------

There are: 3102 Atoms

Constraining the starting coordinates (step 0)

Constraining the coordinates at t0-dt (step 0)
Center of mass motion removal mode is Linear
We have the following groups for center of mass motion removal:
  0:  rest
RMS relative constraint deviation after constraining: 1.02e-05
Initial temperature: 296.471 K

Started mdrun on rank 0 Wed Jan 28 13:41:17 2026

           Step           Time
              0        0.00000

   Energies (kJ/mol)
          Angle Ryckaert-Bell.          LJ-14     Coulomb-14        LJ (SR)
    3.51957e+03   -9.54467e+03    0.00000e+00   -5.13702e+04   -1.05796e+04
  Disper. corr.   Coulomb (SR)   Coul. recip.      Potential    Kinetic En.
   -7.96041e+02   -5.20691e+02    9.99968e+02   -6.82916e+04    7.92638e+03
   Total Energy  Conserved En.    Temperature Pres. DC (bar) Pressure (bar)
   -6.03653e+04   -5.93184e+04    2.96616e+02   -2.13371e+02    1.73559e+04
   Constr. rmsd
    2.53399e-06

           Step           Time
           1000        2.00000

   Energies (kJ/mol)
          Angle Ryckaert-Bell.          LJ-14     Coulomb-14        LJ (SR)
    3.75749e+03   -9.29944e+03    0.00000e+00   -5.06204e+04   -1.39836e+04
  Disper. corr.   Coulomb (SR)   Coul. recip.      Potential    Kinetic En.
   -7.17304e+02   -2.90474e+03    2.87658e+02   -7.34803e+04    7.68671e+03
   Total Energy  Conserved En.    Temperature Pres. DC (bar) Pressure (bar)
   -6.57936e+04   -5.98165e+04    2.87647e+02   -1.73282e+02   -2.78900e+02
   Constr. rmsd
    3.00924e-06

           Step           Time
           2000        4.00000

   Energies (kJ/mol)
          Angle Ryckaert-Bell.          LJ-14     Coulomb-14        LJ (SR)
    3.91026e+03   -9.24609e+03    0.00000e+00   -5.05410e+04   -1.47520e+04
  Disper. corr.   Coulomb (SR)   Coul. recip.      Potential    Kinetic En.
   -7.42095e+02   -3.26713e+03    2.38193e+02   -7.43998e+04    8.33304e+03
   Total Energy  Conserved En.    Temperature Pres. DC (bar) Pressure (bar)
   -6.60667e+04   -5.98426e+04    3.11834e+02   -1.85455e+02   -5.69246e+02
   Constr. rmsd
    3.45203e-06

           Step           Time
           3000        6.00000

   Energies (kJ/mol)
          Angle Ryckaert-Bell.          LJ-14     Coulomb-14        LJ (SR)
    4.09849e+03   -9.24787e+03    0.00000e+00   -5.06636e+04   -1.50952e+04
  Disper. corr.   Coulomb (SR)   Coul. recip.      Potential    Kinetic En.
   -7.61650e+02   -3.58941e+03    2.40117e+02   -7.50191e+04    7.73842e+03
   Total Energy  Conserved En.    Temperature Pres. DC (bar) Pressure (bar)
   -6.72807e+04   -5.98639e+04    2.89583e+02   -1.95348e+02   -3.25727e+02
   Constr. rmsd
    3.31861e-06

           Step           Time
           4000        8.00000

   Energies (kJ/mol)
          Angle Ryckaert-Bell.          LJ-14     Coulomb-14        LJ (SR)
    4.35362e+03   -9.31110e+03    0.00000e+00   -5.06438e+04   -1.52615e+04
  Disper. corr.   Coulomb (SR)   Coul. recip.      Potential    Kinetic En.
   -7.70787e+02   -3.74676e+03    2.19140e+02   -7.51612e+04    8.03116e+03
   Total Energy  Conserved En.    Temperature Pres. DC (bar) Pressure (bar)
   -6.71300e+04   -5.98761e+04    3.00537e+02   -2.00059e+02   -1.00620e+02
   Constr. rmsd
    3.73612e-06

           Step           Time
           5000       10.00000

   Energies (kJ/mol)
          Angle Ryckaert-Bell.          LJ-14     Coulomb-14        LJ (SR)
    4.57789e+03   -9.32973e+03    0.00000e+00   -5.06704e+04   -1.54626e+04
  Disper. corr.   Coulomb (SR)   Coul. recip.      Potential    Kinetic En.
   -7.75192e+02   -3.86821e+03    2.15726e+02   -7.53125e+04    7.74448e+03
   Total Energy  Conserved En.    Temperature Pres. DC (bar) Pressure (bar)
   -6.75680e+04   -5.98827e+04    2.89809e+02   -2.02350e+02   -1.35764e+02
   Constr. rmsd
    3.49463e-06



Received the INT signal, stopping within 100 steps

           Step           Time
           5500       11.00000

Writing checkpoint, step 5500 at Wed Jan 28 13:41:27 2026


   Energies (kJ/mol)
          Angle Ryckaert-Bell.          LJ-14     Coulomb-14        LJ (SR)
    4.33943e+03   -9.29804e+03    0.00000e+00   -5.06244e+04   -1.55150e+04
  Disper. corr.   Coulomb (SR)   Coul. recip.      Potential    Kinetic En.
   -7.77887e+02   -3.83864e+03    2.07236e+02   -7.55073e+04    8.18308e+03
   Total Energy  Conserved En.    Temperature Pres. DC (bar) Pressure (bar)
   -6.73242e+04   -5.98889e+04    3.06222e+02   -2.03758e+02   -3.18398e+02
   Constr. rmsd
    3.44531e-06


	<======  ###############  ==>
	<====  A V E R A G E S  ====>
	<==  ###############  ======>

	Statistics over 5501 steps using 56 frames

   Energies (kJ/mol)
          Angle Ryckaert-Bell.          LJ-14     Coulomb-14        LJ (SR)
    4.13608e+03   -9.31608e+03    0.00000e+00   -5.06618e+04   -1.47082e+04
  Disper. corr.   Coulomb (SR)   Coul. recip.      Potential    Kinetic En.
   -7.50138e+02   -3.35238e+03    2.65186e+02   -7.43873e+04    7.98071e+03
   Total Energy  Conserved En.    Temperature Pres. DC (bar) Pressure (bar)
   -6.64066e+04   -5.98427e+04    2.98649e+02   -1.89709e+02    2.91257e+02
   Constr. rmsd
    0.00000e+00

          Box-X          Box-Y          Box-Z
    4.03913e+00    4.03811e+00    4.03709e+00

   Total Virial (kJ/mol)
    2.19517e+03    7.23090e+01   -4.47513e+01
    7.23085e+01    1.99326e+03   -4.25316e+01
   -4.47521e+01   -4.25319e+01    2.14637e+03

   Pressure (bar)
    2.45975e+02   -4.11023e+01    3.50573e+01
   -4.11020e+01    3.55166e+02    2.16052e+01
    3.50577e+01    2.16053e+01    2.72629e+02


	M E G A - F L O P S   A C C O U N T I N G

 NB=Group-cutoff nonbonded kernels    NxN=N-by-N cluster Verlet kernels
 RF=Reaction-Field  VdW=Van der Waals  QSTab=quadratic-spline table
 W3=SPC/TIP3p  W4=TIP4p (single or pairs)
 V&F=Potential and force  V=Potential only  F=Force only

 Computing:                               M-Number         M-Flops  % Flops
-----------------------------------------------------------------------------
 Pair Search distance check              52.694844         474.254     0.1
 NxN QSTab Elec. + LJ [F]              8296.477992      340155.598    77.5
 NxN QSTab Elec. + LJ [V&F]              85.371760        5036.934     1.1
 NxN QSTab Elec. [F]                    258.216552        8779.363     2.0
 NxN QSTab Elec. [V&F]                    2.659168         109.026     0.0
 1,4 nonbonded interactions               8.185488         736.694     0.2
 Calc Weights                            51.192306        1842.923     0.4
 Spread Q Bspline                      1092.102528        2184.205     0.5
 Gather F Bspline                      1092.102528        6552.615     1.5
 3D-FFT                                7961.311248       63690.490    14.5
 Solve PME                                7.129296         456.275     0.1
 Shift-X                                  0.173712           1.042     0.0
 Angles                                  17.410665        2924.992     0.7
 RB-Dihedrals                            16.161938        3991.999     0.9
 Virial                                   1.733997          31.212     0.0
 Stop-CM                                  0.176814           1.768     0.0
 P-Coupling                               1.709202          10.255     0.0
 Calc-Ekin                                3.418404          92.297     0.0
 Lincs                                   15.821125         949.267     0.2
 Lincs-Mat                              209.003940         836.016     0.2
 Constraint-V                            31.636500         253.092     0.1
 Constraint-Vir                           1.584125          38.019     0.0
-----------------------------------------------------------------------------
 Total                                                  439148.335   100.0
-----------------------------------------------------------------------------


     R E A L   C Y C L E   A N D   T I M E   A C C O U N T I N G

On 1 MPI rank, each using 8 OpenMP threads

 Computing:          Num   Num      Call    Wall time         Giga-Cycles
                     Ranks Threads  Count      (s)         total sum    %
-----------------------------------------------------------------------------
 Neighbor search        1    8         56       0.128          2.362   1.2
 Force                  1    8       5501       7.947        146.470  73.0
 PME mesh               1    8       5501       2.086         38.445  19.2
 NB X/F buffer ops.     1    8      10946       0.249          4.589   2.3
 Write traj.            1    8          4       0.017          0.306   0.2
 Update                 1    8       5501       0.046          0.853   0.4
 Constraints            1    8       5503       0.378          6.975   3.5
 Rest                                           0.036          0.658   0.3
-----------------------------------------------------------------------------
 Total                                         10.886        200.657 100.0
-----------------------------------------------------------------------------
 Breakdown of PME mesh computation
-----------------------------------------------------------------------------
 PME spread             1    8       5501       0.519          9.571   4.8
 PME gather             1    8       5501       0.507          9.338   4.7
 PME 3D-FFT             1    8      11002       0.875         16.128   8.0
 PME solve Elec         1    8       5501       0.175          3.217   1.6
-----------------------------------------------------------------------------

               Core t (s)   Wall t (s)        (%)
       Time:       87.091       10.886      800.0
                 (ns/day)    (hour/ns)
Performance:       87.317        0.275
Finished mdrun on rank 0 Wed Jan 28 13:41:27 2026

