              :-) GROMACS - gmx mdrun, 2020.1-Ubuntu-2020.1-1 (-:

                            GROMACS is written by:
     Emile Apol      Rossen Apostolov      Paul Bauer     Herman J.C. Berendsen
    Par Bjelkmar      Christian Blau   Viacheslav Bolnykh     Kevin Boyd    
 Aldert van Buuren   Rudi van Drunen     Anton Feenstra       Alan Gray     
  Gerrit Groenhof     Anca Hamuraru    Vincent Hindriksen  M. Eric Irrgang  
  Aleksei Iupinov   Christoph Junghans     Joe Jordan     Dimitrios Karkoulis
    Peter Kasson        Jiri Kraus      Carsten Kutzner      Per Larsson    
  Justin A. Lemkul    Viveca Lindahl    Magnus Lundborg     Erik Marklund   
    Pascal Merz     Pieter Meulenhoff    Teemu Murtola       Szilard Pall   
    Sander Pronk      Roland Schulz      Michael Shirts    Alexey Shvetsov  
   Alfons Sijbers     Peter Tieleman      Jon Vincent      Teemu Virolainen 
 Christian Wennberg    Maarten Wolf      Artem Zhmurov   
                           and the project leaders:
        Mark Abraham, Berk Hess, Erik Lindahl, and David van der Spoel

Copyright (c) 1991-2000, University of Groningen, The Netherlands.
Copyright (c) 2001-2019, The GROMACS development team at
Uppsala University, Stockholm University and
the Royal Institute of Technology, Sweden.
check out http://www.gromacs.org for more information.

GROMACS is free software; you can redistribute it and/or modify it
under the terms of the GNU Lesser General Public License
as published by the Free Software Foundation; either version 2.1
of the License, or (at your option) any later version.

GROMACS:      gmx mdrun, version 2020.1-Ubuntu-2020.1-1
Executable:   /usr/bin/gmx
Data prefix:  /usr
Working dir:  /home/hacortes/Li-EMDLab/solvents
Process ID:   16074
Command line:
  gmx mdrun -deffnm nvt_prod_wrap

GROMACS version:    2020.1-Ubuntu-2020.1-1
Precision:          single
Memory model:       64 bit
MPI library:        thread_mpi
OpenMP support:     enabled (GMX_OPENMP_MAX_THREADS = 64)
GPU support:        disabled
SIMD instructions:  SSE2
FFT library:        fftw-3.3.8-sse2-avx
RDTSCP usage:       disabled
TNG support:        enabled
Hwloc support:      hwloc-2.1.0
Tracing support:    disabled
C compiler:         /usr/bin/cc GNU 9.3.0
C compiler flags:   -msse2 -fexcess-precision=fast -funroll-all-loops
C++ compiler:       /usr/bin/c++ GNU 9.3.0
C++ compiler flags: -msse2 -fexcess-precision=fast -funroll-all-loops -fopenmp


Running on 1 node with total 4 cores, 8 logical cores
Hardware detected:
  CPU info:
    Vendor: Intel
    Brand:  Intel(R) Core(TM) i7-10510U CPU @ 1.80GHz
    Family: 6   Model: 142   Stepping: 12
    Features: aes apic avx avx2 clfsh cmov cx8 cx16 f16c fma htt intel lahf mmx msr nonstop_tsc pcid pclmuldq pdcm pdpe1gb popcnt pse rdrnd rdtscp sse2 sse3 sse4.1 sse4.2 ssse3 tdt x2apic
  Hardware topology: Full, with devices
    Sockets, cores, and logical processors:
      Socket  0: [   0   4] [   1   5] [   2   6] [   3   7]
    Numa nodes:
      Node  0 (16443695104 bytes mem):   0   4   1   5   2   6   3   7
      Latency:
               0
         0  1.00
    Caches:
      L1: 32768 bytes, linesize 64 bytes, assoc. 8, shared 2 ways
      L2: 262144 bytes, linesize 64 bytes, assoc. 4, shared 2 ways
      L3: 8388608 bytes, linesize 64 bytes, assoc. 16, shared 8 ways
    PCI devices:
      0000:00:02.0  Id: 8086:9b41  Class: 0x0300  Numa: 0
      0000:02:00.0  Id: 8086:2723  Class: 0x0280  Numa: 0
      0000:71:00.0  Id: 15b7:5006  Class: 0x0108  Numa: 0

Highest SIMD level requested by all nodes in run: AVX2_256
SIMD instructions selected at compile time:       SSE2
This program was compiled for different hardware than you are running on,
which could influence performance.
The current CPU can measure timings more accurately than the code in
gmx mdrun was configured to use. This might affect your simulation
speed as accurate timings are needed for load-balancing.
Please consider rebuilding gmx mdrun with the GMX_USE_RDTSCP=ON CMake option.

++++ PLEASE READ AND CITE THE FOLLOWING REFERENCE ++++
M. J. Abraham, T. Murtola, R. Schulz, S. Páll, J. C. Smith, B. Hess, E.
Lindahl
GROMACS: High performance molecular simulations through multi-level
parallelism from laptops to supercomputers
SoftwareX 1 (2015) pp. 19-25
-------- -------- --- Thank You --- -------- --------


++++ PLEASE READ AND CITE THE FOLLOWING REFERENCE ++++
S. Páll, M. J. Abraham, C. Kutzner, B. Hess, E. Lindahl
Tackling Exascale Software Challenges in Molecular Dynamics Simulations with
GROMACS
In S. Markidis & E. Laure (Eds.), Solving Software Challenges for Exascale 8759 (2015) pp. 3-27
-------- -------- --- Thank You --- -------- --------


++++ PLEASE READ AND CITE THE FOLLOWING REFERENCE ++++
S. Pronk, S. Páll, R. Schulz, P. Larsson, P. Bjelkmar, R. Apostolov, M. R.
Shirts, J. C. Smith, P. M. Kasson, D. van der Spoel, B. Hess, and E. Lindahl
GROMACS 4.5: a high-throughput and highly parallel open source molecular
simulation toolkit
Bioinformatics 29 (2013) pp. 845-54
-------- -------- --- Thank You --- -------- --------


++++ PLEASE READ AND CITE THE FOLLOWING REFERENCE ++++
B. Hess and C. Kutzner and D. van der Spoel and E. Lindahl
GROMACS 4: Algorithms for highly efficient, load-balanced, and scalable
molecular simulation
J. Chem. Theory Comput. 4 (2008) pp. 435-447
-------- -------- --- Thank You --- -------- --------


++++ PLEASE READ AND CITE THE FOLLOWING REFERENCE ++++
D. van der Spoel, E. Lindahl, B. Hess, G. Groenhof, A. E. Mark and H. J. C.
Berendsen
GROMACS: Fast, Flexible and Free
J. Comp. Chem. 26 (2005) pp. 1701-1719
-------- -------- --- Thank You --- -------- --------


++++ PLEASE READ AND CITE THE FOLLOWING REFERENCE ++++
E. Lindahl and B. Hess and D. van der Spoel
GROMACS 3.0: A package for molecular simulation and trajectory analysis
J. Mol. Mod. 7 (2001) pp. 306-317
-------- -------- --- Thank You --- -------- --------


++++ PLEASE READ AND CITE THE FOLLOWING REFERENCE ++++
H. J. C. Berendsen, D. van der Spoel and R. van Drunen
GROMACS: A message-passing parallel molecular dynamics implementation
Comp. Phys. Comm. 91 (1995) pp. 43-56
-------- -------- --- Thank You --- -------- --------

Input Parameters:
   integrator                     = md
   tinit                          = 0
   dt                             = 0.002
   nsteps                         = 100000
   init-step                      = 0
   simulation-part                = 1
   comm-mode                      = Linear
   nstcomm                        = 100
   bd-fric                        = 0
   ld-seed                        = 562985081
   emtol                          = 10
   emstep                         = 0.01
   niter                          = 20
   fcstep                         = 0
   nstcgsteep                     = 1000
   nbfgscorr                      = 10
   rtpi                           = 0.05
   nstxout                        = 0
   nstvout                        = 0
   nstfout                        = 0
   nstlog                         = 1000
   nstcalcenergy                  = 100
   nstenergy                      = 1000
   nstxout-compressed             = 2000
   compressed-x-precision         = 1000
   cutoff-scheme                  = Verlet
   nstlist                        = 10
   pbc                            = xyz
   periodic-molecules             = false
   verlet-buffer-tolerance        = 0.005
   rlist                          = 1.4
   coulombtype                    = PME
   coulomb-modifier               = Potential-shift
   rcoulomb-switch                = 0
   rcoulomb                       = 1.4
   epsilon-r                      = 1
   epsilon-rf                     = inf
   vdw-type                       = Cut-off
   vdw-modifier                   = Potential-shift
   rvdw-switch                    = 0
   rvdw                           = 1.4
   DispCorr                       = EnerPres
   table-extension                = 1
   fourierspacing                 = 0.12
   fourier-nx                     = 36
   fourier-ny                     = 36
   fourier-nz                     = 36
   pme-order                      = 4
   ewald-rtol                     = 1e-05
   ewald-rtol-lj                  = 0.001
   lj-pme-comb-rule               = Geometric
   ewald-geometry                 = 0
   epsilon-surface                = 0
   tcoupl                         = V-rescale
   nsttcouple                     = 10
   nh-chain-length                = 0
   print-nose-hoover-chain-variables = false
   pcoupl                         = No
   pcoupltype                     = Isotropic
   nstpcouple                     = -1
   tau-p                          = 1
   compressibility (3x3):
      compressibility[    0]={ 0.00000e+00,  0.00000e+00,  0.00000e+00}
      compressibility[    1]={ 0.00000e+00,  0.00000e+00,  0.00000e+00}
      compressibility[    2]={ 0.00000e+00,  0.00000e+00,  0.00000e+00}
   ref-p (3x3):
      ref-p[    0]={ 0.00000e+00,  0.00000e+00,  0.00000e+00}
      ref-p[    1]={ 0.00000e+00,  0.00000e+00,  0.00000e+00}
      ref-p[    2]={ 0.00000e+00,  0.00000e+00,  0.00000e+00}
   refcoord-scaling               = No
   posres-com (3):
      posres-com[0]= 0.00000e+00
      posres-com[1]= 0.00000e+00
      posres-com[2]= 0.00000e+00
   posres-comB (3):
      posres-comB[0]= 0.00000e+00
      posres-comB[1]= 0.00000e+00
      posres-comB[2]= 0.00000e+00
   QMMM                           = false
   QMconstraints                  = 0
   QMMMscheme                     = 0
   MMChargeScaleFactor            = 1
qm-opts:
   ngQM                           = 0
   constraint-algorithm           = Lincs
   continuation                   = false
   Shake-SOR                      = false
   shake-tol                      = 0.0001
   lincs-order                    = 4
   lincs-iter                     = 1
   lincs-warnangle                = 30
   nwall                          = 0
   wall-type                      = 9-3
   wall-r-linpot                  = -1
   wall-atomtype[0]               = -1
   wall-atomtype[1]               = -1
   wall-density[0]                = 0
   wall-density[1]                = 0
   wall-ewald-zfac                = 3
   pull                           = false
   awh                            = false
   rotation                       = false
   interactiveMD                  = false
   disre                          = No
   disre-weighting                = Conservative
   disre-mixed                    = false
   dr-fc                          = 1000
   dr-tau                         = 0
   nstdisreout                    = 100
   orire-fc                       = 0
   orire-tau                      = 0
   nstorireout                    = 100
   free-energy                    = no
   cos-acceleration               = 0
   deform (3x3):
      deform[    0]={ 0.00000e+00,  0.00000e+00,  0.00000e+00}
      deform[    1]={ 0.00000e+00,  0.00000e+00,  0.00000e+00}
      deform[    2]={ 0.00000e+00,  0.00000e+00,  0.00000e+00}
   simulated-tempering            = false
   swapcoords                     = no
   userint1                       = 0
   userint2                       = 0
   userint3                       = 0
   userint4                       = 0
   userreal1                      = 0
   userreal2                      = 0
   userreal3                      = 0
   userreal4                      = 0
   applied-forces:
     electric-field:
       x:
         E0                       = 0
         omega                    = 0
         t0                       = 0
         sigma                    = 0
       y:
         E0                       = 0
         omega                    = 0
         t0                       = 0
         sigma                    = 0
       z:
         E0                       = 0
         omega                    = 0
         t0                       = 0
         sigma                    = 0
     density-guided-simulation:
       active                     = false
       group                      = protein
       similarity-measure         = inner-product
       atom-spreading-weight      = unity
       force-constant             = 1e+09
       gaussian-transform-spreading-width = 0.2
       gaussian-transform-spreading-range-in-multiples-of-width = 4
       reference-density-filename = reference.mrc
       nst                        = 1
       normalize-densities        = true
       adaptive-force-scaling     = false
       adaptive-force-scaling-time-constant = 4
grpopts:
   nrdf:        6428
   ref-t:         298
   tau-t:         0.1
annealing:          No
annealing-npoints:           0
   acc:	           0           0           0
   nfreeze:           N           N           N
   energygrp-flags[  0]: 0

Changing nstlist from 10 to 100, rlist from 1.4 to 1.419


Using 1 MPI thread

Non-default thread affinity set, disabling internal thread affinity

Using 8 OpenMP threads 

System total charge: -0.000
Will do PME sum in reciprocal space for electrostatic interactions.

++++ PLEASE READ AND CITE THE FOLLOWING REFERENCE ++++
U. Essmann, L. Perera, M. L. Berkowitz, T. Darden, H. Lee and L. G. Pedersen 
A smooth particle mesh Ewald method
J. Chem. Phys. 103 (1995) pp. 8577-8592
-------- -------- --- Thank You --- -------- --------

Using a Gaussian width (1/beta) of 0.448228 nm for Ewald
Potential shift: LJ r^-12: -1.764e-02 r^-6: -1.328e-01, Ewald -7.143e-06
Initialized non-bonded Coulomb Ewald tables, spacing: 1.10e-03 size: 1270

Generated table with 1209 data points for 1-4 COUL.
Tabscale = 500 points/nm
Generated table with 1209 data points for 1-4 LJ6.
Tabscale = 500 points/nm
Generated table with 1209 data points for 1-4 LJ12.
Tabscale = 500 points/nm

Using SIMD 4x4 nonbonded short-range kernels

Using a dual 4x4 pair-list setup updated with dynamic pruning:
  outer list: updated every 100 steps, buffer 0.019 nm, rlist 1.419 nm
  inner list: updated every  80 steps, buffer 0.001 nm, rlist 1.401 nm
At tolerance 0.005 kJ/mol/ps per atom, equivalent classical 1x1 list would be:
  outer list: updated every 100 steps, buffer 0.131 nm, rlist 1.531 nm
  inner list: updated every  80 steps, buffer 0.095 nm, rlist 1.495 nm

Using Lorentz-Berthelot Lennard-Jones combination rule

Long Range LJ corr.: <C6> 3.3632e-03

Removing pbc first time

Initializing LINear Constraint Solver

++++ PLEASE READ AND CITE THE FOLLOWING REFERENCE ++++
B. Hess and H. Bekker and H. J. C. Berendsen and J. G. E. M. Fraaije
LINCS: A Linear Constraint Solver for molecular simulations
J. Comp. Chem. 18 (1997) pp. 1463-1472
-------- -------- --- Thank You --- -------- --------

The number of constraints is 2875

++++ PLEASE READ AND CITE THE FOLLOWING REFERENCE ++++
G. Bussi, D. Donadio and M. Parrinello
Canonical sampling through velocity rescaling
J. Chem. Phys. 126 (2007) pp. 014101
-------- -------- --- Thank You --- -------- --------

There are: 3102 Atoms

Constraining the starting coordinates (step 0)

Constraining the coordinates at t0-dt (step 0)
Center of mass motion removal mode is Linear
We have the following groups for center of mass motion removal:
  0:  rest
RMS relative constraint deviation after constraining: 3.95e-06
Initial temperature: 299.065 K

Started mdrun on rank 0 Wed Jan 28 12:33:33 2026

           Step           Time
              0        0.00000

   Energies (kJ/mol)
          Angle Ryckaert-Bell.          LJ-14     Coulomb-14        LJ (SR)
    4.52343e+03   -9.43918e+03    0.00000e+00   -5.05841e+04   -1.57233e+04
  Disper. corr.   Coulomb (SR)   Coul. recip.      Potential    Kinetic En.
   -7.87021e+02   -3.95859e+03    2.00797e+02   -7.57679e+04    7.98533e+03
   Total Energy  Conserved En.    Temperature Pres. DC (bar) Pressure (bar)
   -6.77826e+04   -6.77826e+04    2.98822e+02   -2.08567e+02   -4.58800e+02
   Constr. rmsd
    3.67590e-06

           Step           Time
           1000        2.00000

   Energies (kJ/mol)
          Angle Ryckaert-Bell.          LJ-14     Coulomb-14        LJ (SR)
    4.57031e+03   -9.18075e+03    0.00000e+00   -5.06811e+04   -1.57109e+04
  Disper. corr.   Coulomb (SR)   Coul. recip.      Potential    Kinetic En.
   -7.87021e+02   -3.84810e+03    1.86740e+02   -7.54509e+04    8.10611e+03
   Total Energy  Conserved En.    Temperature Pres. DC (bar) Pressure (bar)
   -6.73448e+04   -6.77874e+04    3.03342e+02   -2.08567e+02   -1.87044e+02
   Constr. rmsd
    3.90903e-06

           Step           Time
           2000        4.00000

   Energies (kJ/mol)
          Angle Ryckaert-Bell.          LJ-14     Coulomb-14        LJ (SR)
    4.68475e+03   -9.54079e+03    0.00000e+00   -5.06605e+04   -1.57217e+04
  Disper. corr.   Coulomb (SR)   Coul. recip.      Potential    Kinetic En.
   -7.87021e+02   -4.00551e+03    2.01024e+02   -7.58297e+04    7.98927e+03
   Total Energy  Conserved En.    Temperature Pres. DC (bar) Pressure (bar)
   -6.78404e+04   -6.77916e+04    2.98970e+02   -2.08567e+02    2.19323e+02
   Constr. rmsd
    3.32031e-06

           Step           Time
           3000        6.00000

   Energies (kJ/mol)
          Angle Ryckaert-Bell.          LJ-14     Coulomb-14        LJ (SR)
    4.48117e+03   -9.25454e+03    0.00000e+00   -5.06820e+04   -1.56818e+04
  Disper. corr.   Coulomb (SR)   Coul. recip.      Potential    Kinetic En.
   -7.87021e+02   -3.93211e+03    2.21119e+02   -7.56352e+04    8.05342e+03
   Total Energy  Conserved En.    Temperature Pres. DC (bar) Pressure (bar)
   -6.75818e+04   -6.77990e+04    3.01370e+02   -2.08567e+02    2.76289e+02
   Constr. rmsd
    3.53665e-06

           Step           Time
           4000        8.00000

   Energies (kJ/mol)
          Angle Ryckaert-Bell.          LJ-14     Coulomb-14        LJ (SR)
    4.49706e+03   -9.21600e+03    0.00000e+00   -5.06968e+04   -1.56239e+04
  Disper. corr.   Coulomb (SR)   Coul. recip.      Potential    Kinetic En.
   -7.87021e+02   -4.02142e+03    2.11458e+02   -7.56366e+04    8.18966e+03
   Total Energy  Conserved En.    Temperature Pres. DC (bar) Pressure (bar)
   -6.74470e+04   -6.78043e+04    3.06468e+02   -2.08567e+02    3.34325e+02
   Constr. rmsd
    3.64482e-06

           Step           Time
           5000       10.00000

   Energies (kJ/mol)
          Angle Ryckaert-Bell.          LJ-14     Coulomb-14        LJ (SR)
    4.59114e+03   -9.31568e+03    0.00000e+00   -5.06953e+04   -1.54370e+04
  Disper. corr.   Coulomb (SR)   Coul. recip.      Potential    Kinetic En.
   -7.87021e+02   -3.94131e+03    2.11207e+02   -7.53740e+04    7.99434e+03
   Total Energy  Conserved En.    Temperature Pres. DC (bar) Pressure (bar)
   -6.73797e+04   -6.78111e+04    2.99159e+02   -2.08567e+02    7.20279e+02
   Constr. rmsd
    3.31178e-06

           Step           Time
           6000       12.00000

   Energies (kJ/mol)
          Angle Ryckaert-Bell.          LJ-14     Coulomb-14        LJ (SR)
    4.67053e+03   -9.39425e+03    0.00000e+00   -5.06348e+04   -1.56707e+04
  Disper. corr.   Coulomb (SR)   Coul. recip.      Potential    Kinetic En.
   -7.87021e+02   -3.99359e+03    1.91399e+02   -7.56184e+04    7.83113e+03
   Total Energy  Conserved En.    Temperature Pres. DC (bar) Pressure (bar)
   -6.77873e+04   -6.78136e+04    2.93052e+02   -2.08567e+02   -2.04170e+02
   Constr. rmsd
    3.44968e-06

           Step           Time
           7000       14.00000

   Energies (kJ/mol)
          Angle Ryckaert-Bell.          LJ-14     Coulomb-14        LJ (SR)
    4.68098e+03   -9.31308e+03    0.00000e+00   -5.07148e+04   -1.56154e+04
  Disper. corr.   Coulomb (SR)   Coul. recip.      Potential    Kinetic En.
   -7.87021e+02   -3.89922e+03    2.26053e+02   -7.54225e+04    7.92996e+03
   Total Energy  Conserved En.    Temperature Pres. DC (bar) Pressure (bar)
   -6.74925e+04   -6.78184e+04    2.96750e+02   -2.08567e+02    2.14381e+02
   Constr. rmsd
    3.49211e-06

           Step           Time
           8000       16.00000

   Energies (kJ/mol)
          Angle Ryckaert-Bell.          LJ-14     Coulomb-14        LJ (SR)
    4.54251e+03   -9.22916e+03    0.00000e+00   -5.06316e+04   -1.56073e+04
  Disper. corr.   Coulomb (SR)   Coul. recip.      Potential    Kinetic En.
   -7.87021e+02   -4.05104e+03    2.09334e+02   -7.55543e+04    8.04614e+03
   Total Energy  Conserved En.    Temperature Pres. DC (bar) Pressure (bar)
   -6.75082e+04   -6.78257e+04    3.01098e+02   -2.08567e+02   -1.27528e+02
   Constr. rmsd
    3.31356e-06

           Step           Time
           9000       18.00000

   Energies (kJ/mol)
          Angle Ryckaert-Bell.          LJ-14     Coulomb-14        LJ (SR)
    4.74608e+03   -9.36385e+03    0.00000e+00   -5.06686e+04   -1.56207e+04
  Disper. corr.   Coulomb (SR)   Coul. recip.      Potential    Kinetic En.
   -7.87021e+02   -4.03663e+03    2.00680e+02   -7.55300e+04    8.18546e+03
   Total Energy  Conserved En.    Temperature Pres. DC (bar) Pressure (bar)
   -6.73446e+04   -6.78312e+04    3.06311e+02   -2.08567e+02    7.31366e+01
   Constr. rmsd
    3.54708e-06

           Step           Time
          10000       20.00000

   Energies (kJ/mol)
          Angle Ryckaert-Bell.          LJ-14     Coulomb-14        LJ (SR)
    4.29138e+03   -9.30278e+03    0.00000e+00   -5.06292e+04   -1.57328e+04
  Disper. corr.   Coulomb (SR)   Coul. recip.      Potential    Kinetic En.
   -7.87021e+02   -3.96182e+03    2.10627e+02   -7.59116e+04    7.77227e+03
   Total Energy  Conserved En.    Temperature Pres. DC (bar) Pressure (bar)
   -6.81393e+04   -6.78355e+04    2.90849e+02   -2.08567e+02    1.41098e+02
   Constr. rmsd
    3.37520e-06

           Step           Time
          11000       22.00000

   Energies (kJ/mol)
          Angle Ryckaert-Bell.          LJ-14     Coulomb-14        LJ (SR)
    4.56931e+03   -9.34861e+03    0.00000e+00   -5.06764e+04   -1.56588e+04
  Disper. corr.   Coulomb (SR)   Coul. recip.      Potential    Kinetic En.
   -7.87021e+02   -3.97713e+03    1.98381e+02   -7.56803e+04    7.96342e+03
   Total Energy  Conserved En.    Temperature Pres. DC (bar) Pressure (bar)
   -6.77169e+04   -6.78402e+04    2.98002e+02   -2.08567e+02   -1.35972e+02
   Constr. rmsd
    3.68297e-06

           Step           Time
          12000       24.00000

   Energies (kJ/mol)
          Angle Ryckaert-Bell.          LJ-14     Coulomb-14        LJ (SR)
    4.60459e+03   -9.31372e+03    0.00000e+00   -5.05861e+04   -1.57444e+04
  Disper. corr.   Coulomb (SR)   Coul. recip.      Potential    Kinetic En.
   -7.87021e+02   -3.93035e+03    1.94895e+02   -7.55621e+04    8.12969e+03
   Total Energy  Conserved En.    Temperature Pres. DC (bar) Pressure (bar)
   -6.74324e+04   -6.78452e+04    3.04224e+02   -2.08567e+02   -1.38978e+02
   Constr. rmsd
    3.71063e-06

           Step           Time
          13000       26.00000

   Energies (kJ/mol)
          Angle Ryckaert-Bell.          LJ-14     Coulomb-14        LJ (SR)
    4.65244e+03   -9.42582e+03    0.00000e+00   -5.06292e+04   -1.56212e+04
  Disper. corr.   Coulomb (SR)   Coul. recip.      Potential    Kinetic En.
   -7.87021e+02   -4.13503e+03    1.92986e+02   -7.57528e+04    7.99083e+03
   Total Energy  Conserved En.    Temperature Pres. DC (bar) Pressure (bar)
   -6.77620e+04   -6.78513e+04    2.99028e+02   -2.08567e+02   -1.98315e+02
   Constr. rmsd
    3.76294e-06

           Step           Time
          14000       28.00000

   Energies (kJ/mol)
          Angle Ryckaert-Bell.          LJ-14     Coulomb-14        LJ (SR)
    4.66454e+03   -9.38991e+03    0.00000e+00   -5.06381e+04   -1.58970e+04
  Disper. corr.   Coulomb (SR)   Coul. recip.      Potential    Kinetic En.
   -7.87021e+02   -4.08797e+03    2.17942e+02   -7.59174e+04    8.14167e+03
   Total Energy  Conserved En.    Temperature Pres. DC (bar) Pressure (bar)
   -6.77758e+04   -6.78550e+04    3.04673e+02   -2.08567e+02   -6.21841e+02
   Constr. rmsd
    3.58543e-06

           Step           Time
          15000       30.00000

   Energies (kJ/mol)
          Angle Ryckaert-Bell.          LJ-14     Coulomb-14        LJ (SR)
    4.38503e+03   -9.26224e+03    0.00000e+00   -5.06233e+04   -1.56831e+04
  Disper. corr.   Coulomb (SR)   Coul. recip.      Potential    Kinetic En.
   -7.87021e+02   -4.10130e+03    2.00460e+02   -7.58715e+04    8.23879e+03
   Total Energy  Conserved En.    Temperature Pres. DC (bar) Pressure (bar)
   -6.76327e+04   -6.78632e+04    3.08307e+02   -2.08567e+02   -3.88145e+02
   Constr. rmsd
    3.95273e-06

           Step           Time
          16000       32.00000

   Energies (kJ/mol)
          Angle Ryckaert-Bell.          LJ-14     Coulomb-14        LJ (SR)
    4.60650e+03   -9.35344e+03    0.00000e+00   -5.06750e+04   -1.56580e+04
  Disper. corr.   Coulomb (SR)   Coul. recip.      Potential    Kinetic En.
   -7.87021e+02   -3.92592e+03    2.08778e+02   -7.55841e+04    7.97194e+03
   Total Energy  Conserved En.    Temperature Pres. DC (bar) Pressure (bar)
   -6.76122e+04   -6.78671e+04    2.98321e+02   -2.08567e+02    2.94679e+02
   Constr. rmsd
    3.51571e-06

           Step           Time
          17000       34.00000

   Energies (kJ/mol)
          Angle Ryckaert-Bell.          LJ-14     Coulomb-14        LJ (SR)
    4.62543e+03   -9.37756e+03    0.00000e+00   -5.07171e+04   -1.56796e+04
  Disper. corr.   Coulomb (SR)   Coul. recip.      Potential    Kinetic En.
   -7.87021e+02   -4.01944e+03    2.11804e+02   -7.57435e+04    7.91022e+03
   Total Energy  Conserved En.    Temperature Pres. DC (bar) Pressure (bar)
   -6.78332e+04   -6.78716e+04    2.96012e+02   -2.08567e+02    2.06442e+02
   Constr. rmsd
    3.21754e-06

           Step           Time
          18000       36.00000

   Energies (kJ/mol)
          Angle Ryckaert-Bell.          LJ-14     Coulomb-14        LJ (SR)
    4.25732e+03   -9.15240e+03    0.00000e+00   -5.06451e+04   -1.55657e+04
  Disper. corr.   Coulomb (SR)   Coul. recip.      Potential    Kinetic En.
   -7.87021e+02   -3.88841e+03    2.02119e+02   -7.55792e+04    8.13035e+03
   Total Energy  Conserved En.    Temperature Pres. DC (bar) Pressure (bar)
   -6.74489e+04   -6.78796e+04    3.04249e+02   -2.08567e+02    7.41468e+01
   Constr. rmsd
    3.47952e-06

           Step           Time
          19000       38.00000

   Energies (kJ/mol)
          Angle Ryckaert-Bell.          LJ-14     Coulomb-14        LJ (SR)
    4.58267e+03   -9.23105e+03    0.00000e+00   -5.06565e+04   -1.56867e+04
  Disper. corr.   Coulomb (SR)   Coul. recip.      Potential    Kinetic En.
   -7.87021e+02   -3.84699e+03    2.04306e+02   -7.54213e+04    7.91787e+03
   Total Energy  Conserved En.    Temperature Pres. DC (bar) Pressure (bar)
   -6.75035e+04   -6.78821e+04    2.96298e+02   -2.08567e+02   -6.17899e+01
   Constr. rmsd
    3.70232e-06

           Step           Time
          20000       40.00000

   Energies (kJ/mol)
          Angle Ryckaert-Bell.          LJ-14     Coulomb-14        LJ (SR)
    4.58606e+03   -9.29930e+03    0.00000e+00   -5.06468e+04   -1.54476e+04
  Disper. corr.   Coulomb (SR)   Coul. recip.      Potential    Kinetic En.
   -7.87021e+02   -3.99683e+03    2.11402e+02   -7.53800e+04    8.04539e+03
   Total Energy  Conserved En.    Temperature Pres. DC (bar) Pressure (bar)
   -6.73347e+04   -6.78852e+04    3.01070e+02   -2.08567e+02    6.54692e+02
   Constr. rmsd
    3.48331e-06

           Step           Time
          21000       42.00000

   Energies (kJ/mol)
          Angle Ryckaert-Bell.          LJ-14     Coulomb-14        LJ (SR)
    4.51883e+03   -9.33607e+03    0.00000e+00   -5.07093e+04   -1.55698e+04
  Disper. corr.   Coulomb (SR)   Coul. recip.      Potential    Kinetic En.
   -7.87021e+02   -3.94548e+03    2.15662e+02   -7.56132e+04    7.98378e+03
   Total Energy  Conserved En.    Temperature Pres. DC (bar) Pressure (bar)
   -6.76294e+04   -6.78903e+04    2.98764e+02   -2.08567e+02    4.11325e+02
   Constr. rmsd
    3.36984e-06

           Step           Time
          22000       44.00000

   Energies (kJ/mol)
          Angle Ryckaert-Bell.          LJ-14     Coulomb-14        LJ (SR)
    4.50956e+03   -9.44795e+03    0.00000e+00   -5.06282e+04   -1.55669e+04
  Disper. corr.   Coulomb (SR)   Coul. recip.      Potential    Kinetic En.
   -7.87021e+02   -4.01351e+03    2.21794e+02   -7.57122e+04    7.94262e+03
   Total Energy  Conserved En.    Temperature Pres. DC (bar) Pressure (bar)
   -6.77696e+04   -6.78953e+04    2.97224e+02   -2.08567e+02    7.28165e+01
   Constr. rmsd
    3.31197e-06

           Step           Time
          23000       46.00000

   Energies (kJ/mol)
          Angle Ryckaert-Bell.          LJ-14     Coulomb-14        LJ (SR)
    4.61927e+03   -9.24272e+03    0.00000e+00   -5.06584e+04   -1.56317e+04
  Disper. corr.   Coulomb (SR)   Coul. recip.      Potential    Kinetic En.
   -7.87021e+02   -4.07361e+03    1.84961e+02   -7.55893e+04    7.93373e+03
   Total Energy  Conserved En.    Temperature Pres. DC (bar) Pressure (bar)
   -6.76555e+04   -6.78988e+04    2.96891e+02   -2.08567e+02    1.24364e+02
   Constr. rmsd
    3.74693e-06

           Step           Time
          24000       48.00000

   Energies (kJ/mol)
          Angle Ryckaert-Bell.          LJ-14     Coulomb-14        LJ (SR)
    4.47677e+03   -9.23734e+03    0.00000e+00   -5.06874e+04   -1.56275e+04
  Disper. corr.   Coulomb (SR)   Coul. recip.      Potential    Kinetic En.
   -7.87021e+02   -4.03071e+03    1.88294e+02   -7.57049e+04    7.82565e+03
   Total Energy  Conserved En.    Temperature Pres. DC (bar) Pressure (bar)
   -6.78793e+04   -6.79052e+04    2.92847e+02   -2.08567e+02    1.53924e+02
   Constr. rmsd
    3.65857e-06

           Step           Time
          25000       50.00000

   Energies (kJ/mol)
          Angle Ryckaert-Bell.          LJ-14     Coulomb-14        LJ (SR)
    4.55682e+03   -9.26605e+03    0.00000e+00   -5.06858e+04   -1.57312e+04
  Disper. corr.   Coulomb (SR)   Coul. recip.      Potential    Kinetic En.
   -7.87021e+02   -3.96771e+03    2.27056e+02   -7.56540e+04    7.99483e+03
   Total Energy  Conserved En.    Temperature Pres. DC (bar) Pressure (bar)
   -6.76591e+04   -6.79120e+04    2.99178e+02   -2.08567e+02   -7.03582e+01
   Constr. rmsd
    3.30504e-06

           Step           Time
          26000       52.00000

   Energies (kJ/mol)
          Angle Ryckaert-Bell.          LJ-14     Coulomb-14        LJ (SR)
    4.49384e+03   -9.21622e+03    0.00000e+00   -5.05283e+04   -1.56530e+04
  Disper. corr.   Coulomb (SR)   Coul. recip.      Potential    Kinetic En.
   -7.87021e+02   -4.07252e+03    2.02821e+02   -7.55604e+04    7.78282e+03
   Total Energy  Conserved En.    Temperature Pres. DC (bar) Pressure (bar)
   -6.77776e+04   -6.79141e+04    2.91244e+02   -2.08567e+02   -2.93953e+01
   Constr. rmsd
    3.40402e-06

           Step           Time
          27000       54.00000

   Energies (kJ/mol)
          Angle Ryckaert-Bell.          LJ-14     Coulomb-14        LJ (SR)
    4.64197e+03   -9.48808e+03    0.00000e+00   -5.06312e+04   -1.56087e+04
  Disper. corr.   Coulomb (SR)   Coul. recip.      Potential    Kinetic En.
   -7.87021e+02   -4.15850e+03    2.04222e+02   -7.58273e+04    7.95582e+03
   Total Energy  Conserved En.    Temperature Pres. DC (bar) Pressure (bar)
   -6.78715e+04   -6.79220e+04    2.97718e+02   -2.08567e+02    1.80698e+02
   Constr. rmsd
    3.63340e-06

           Step           Time
          28000       56.00000

   Energies (kJ/mol)
          Angle Ryckaert-Bell.          LJ-14     Coulomb-14        LJ (SR)
    4.39294e+03   -9.33736e+03    0.00000e+00   -5.05913e+04   -1.55777e+04
  Disper. corr.   Coulomb (SR)   Coul. recip.      Potential    Kinetic En.
   -7.87021e+02   -4.02521e+03    2.18305e+02   -7.57074e+04    8.00745e+03
   Total Energy  Conserved En.    Temperature Pres. DC (bar) Pressure (bar)
   -6.76999e+04   -6.79298e+04    2.99650e+02   -2.08567e+02    3.48438e+01
   Constr. rmsd
    3.33725e-06

           Step           Time
          29000       58.00000

   Energies (kJ/mol)
          Angle Ryckaert-Bell.          LJ-14     Coulomb-14        LJ (SR)
    4.49049e+03   -9.11973e+03    0.00000e+00   -5.06566e+04   -1.57485e+04
  Disper. corr.   Coulomb (SR)   Coul. recip.      Potential    Kinetic En.
   -7.87021e+02   -3.80039e+03    2.06525e+02   -7.54152e+04    7.96396e+03
   Total Energy  Conserved En.    Temperature Pres. DC (bar) Pressure (bar)
   -6.74512e+04   -6.79330e+04    2.98023e+02   -2.08567e+02   -9.49163e+01
   Constr. rmsd
    3.35857e-06

           Step           Time
          30000       60.00000

   Energies (kJ/mol)
          Angle Ryckaert-Bell.          LJ-14     Coulomb-14        LJ (SR)
    4.35016e+03   -9.30650e+03    0.00000e+00   -5.06239e+04   -1.56712e+04
  Disper. corr.   Coulomb (SR)   Coul. recip.      Potential    Kinetic En.
   -7.87021e+02   -3.87461e+03    2.01715e+02   -7.57113e+04    8.13837e+03
   Total Energy  Conserved En.    Temperature Pres. DC (bar) Pressure (bar)
   -6.75729e+04   -6.79399e+04    3.04549e+02   -2.08567e+02    1.36257e+02
   Constr. rmsd
    3.50671e-06

           Step           Time
          31000       62.00000

   Energies (kJ/mol)
          Angle Ryckaert-Bell.          LJ-14     Coulomb-14        LJ (SR)
    4.55925e+03   -9.32406e+03    0.00000e+00   -5.06398e+04   -1.55374e+04
  Disper. corr.   Coulomb (SR)   Coul. recip.      Potential    Kinetic En.
   -7.87021e+02   -4.07951e+03    1.81722e+02   -7.56269e+04    8.00703e+03
   Total Energy  Conserved En.    Temperature Pres. DC (bar) Pressure (bar)
   -6.76198e+04   -6.79423e+04    2.99634e+02   -2.08567e+02    3.00563e+02
   Constr. rmsd
    3.78044e-06

           Step           Time
          32000       64.00000

   Energies (kJ/mol)
          Angle Ryckaert-Bell.          LJ-14     Coulomb-14        LJ (SR)
    4.69708e+03   -9.41226e+03    0.00000e+00   -5.05911e+04   -1.55519e+04
  Disper. corr.   Coulomb (SR)   Coul. recip.      Potential    Kinetic En.
   -7.87021e+02   -4.15823e+03    1.98943e+02   -7.56044e+04    7.88462e+03
   Total Energy  Conserved En.    Temperature Pres. DC (bar) Pressure (bar)
   -6.77198e+04   -6.79452e+04    2.95054e+02   -2.08567e+02   -1.05008e+02
   Constr. rmsd
    3.31517e-06

           Step           Time
          33000       66.00000

   Energies (kJ/mol)
          Angle Ryckaert-Bell.          LJ-14     Coulomb-14        LJ (SR)
    4.34955e+03   -9.09254e+03    0.00000e+00   -5.06019e+04   -1.56124e+04
  Disper. corr.   Coulomb (SR)   Coul. recip.      Potential    Kinetic En.
   -7.87021e+02   -3.90508e+03    2.46632e+02   -7.54028e+04    7.96490e+03
   Total Energy  Conserved En.    Temperature Pres. DC (bar) Pressure (bar)
   -6.74379e+04   -6.79520e+04    2.98058e+02   -2.08567e+02    3.70776e+00
   Constr. rmsd
    3.51308e-06

           Step           Time
          34000       68.00000

   Energies (kJ/mol)
          Angle Ryckaert-Bell.          LJ-14     Coulomb-14        LJ (SR)
    4.63254e+03   -9.43801e+03    0.00000e+00   -5.06039e+04   -1.57310e+04
  Disper. corr.   Coulomb (SR)   Coul. recip.      Potential    Kinetic En.
   -7.87021e+02   -3.90319e+03    2.13573e+02   -7.56170e+04    7.94626e+03
   Total Energy  Conserved En.    Temperature Pres. DC (bar) Pressure (bar)
   -6.76707e+04   -6.79580e+04    2.97360e+02   -2.08567e+02   -8.55162e+01
   Constr. rmsd
    3.54593e-06

           Step           Time
          35000       70.00000

   Energies (kJ/mol)
          Angle Ryckaert-Bell.          LJ-14     Coulomb-14        LJ (SR)
    4.59369e+03   -9.23717e+03    0.00000e+00   -5.06964e+04   -1.56628e+04
  Disper. corr.   Coulomb (SR)   Coul. recip.      Potential    Kinetic En.
   -7.87021e+02   -3.97421e+03    1.88848e+02   -7.55750e+04    7.89741e+03
   Total Energy  Conserved En.    Temperature Pres. DC (bar) Pressure (bar)
   -6.76776e+04   -6.79621e+04    2.95532e+02   -2.08567e+02    6.21541e+00
   Constr. rmsd
    3.49063e-06

           Step           Time
          36000       72.00000

   Energies (kJ/mol)
          Angle Ryckaert-Bell.          LJ-14     Coulomb-14        LJ (SR)
    4.46489e+03   -9.40081e+03    0.00000e+00   -5.05686e+04   -1.55734e+04
  Disper. corr.   Coulomb (SR)   Coul. recip.      Potential    Kinetic En.
   -7.87021e+02   -4.19517e+03    2.04946e+02   -7.58551e+04    8.25064e+03
   Total Energy  Conserved En.    Temperature Pres. DC (bar) Pressure (bar)
   -6.76045e+04   -6.79691e+04    3.08750e+02   -2.08567e+02   -1.31337e+02
   Constr. rmsd
    3.74840e-06

           Step           Time
          37000       74.00000

   Energies (kJ/mol)
          Angle Ryckaert-Bell.          LJ-14     Coulomb-14        LJ (SR)
    4.67066e+03   -9.33599e+03    0.00000e+00   -5.06913e+04   -1.55974e+04
  Disper. corr.   Coulomb (SR)   Coul. recip.      Potential    Kinetic En.
   -7.87021e+02   -4.06734e+03    2.06497e+02   -7.56019e+04    7.85605e+03
   Total Energy  Conserved En.    Temperature Pres. DC (bar) Pressure (bar)
   -6.77458e+04   -6.79714e+04    2.93984e+02   -2.08567e+02    3.86955e+02
   Constr. rmsd
    3.68433e-06

           Step           Time
          38000       76.00000

   Energies (kJ/mol)
          Angle Ryckaert-Bell.          LJ-14     Coulomb-14        LJ (SR)
    4.46752e+03   -9.31315e+03    0.00000e+00   -5.06295e+04   -1.55525e+04
  Disper. corr.   Coulomb (SR)   Coul. recip.      Potential    Kinetic En.
   -7.87021e+02   -4.02731e+03    2.29244e+02   -7.56128e+04    8.31281e+03
   Total Energy  Conserved En.    Temperature Pres. DC (bar) Pressure (bar)
   -6.73000e+04   -6.79803e+04    3.11077e+02   -2.08567e+02    1.24433e+02
   Constr. rmsd
    3.74237e-06

           Step           Time
          39000       78.00000

   Energies (kJ/mol)
          Angle Ryckaert-Bell.          LJ-14     Coulomb-14        LJ (SR)
    4.54881e+03   -9.19401e+03    0.00000e+00   -5.06608e+04   -1.55885e+04
  Disper. corr.   Coulomb (SR)   Coul. recip.      Potential    Kinetic En.
   -7.87021e+02   -3.88358e+03    2.22103e+02   -7.53430e+04    7.84853e+03
   Total Energy  Conserved En.    Temperature Pres. DC (bar) Pressure (bar)
   -6.74945e+04   -6.79852e+04    2.93703e+02   -2.08567e+02    1.24500e+02
   Constr. rmsd
    3.49134e-06

           Step           Time
          40000       80.00000

   Energies (kJ/mol)
          Angle Ryckaert-Bell.          LJ-14     Coulomb-14        LJ (SR)
    4.33080e+03   -9.27946e+03    0.00000e+00   -5.05684e+04   -1.57524e+04
  Disper. corr.   Coulomb (SR)   Coul. recip.      Potential    Kinetic En.
   -7.87021e+02   -3.88098e+03    2.00606e+02   -7.57368e+04    7.72227e+03
   Total Energy  Conserved En.    Temperature Pres. DC (bar) Pressure (bar)
   -6.80146e+04   -6.79888e+04    2.88978e+02   -2.08567e+02   -4.02551e+02
   Constr. rmsd
    3.59521e-06

           Step           Time
          41000       82.00000

   Energies (kJ/mol)
          Angle Ryckaert-Bell.          LJ-14     Coulomb-14        LJ (SR)
    4.40274e+03   -9.35419e+03    0.00000e+00   -5.05682e+04   -1.55826e+04
  Disper. corr.   Coulomb (SR)   Coul. recip.      Potential    Kinetic En.
   -7.87021e+02   -4.11753e+03    2.19498e+02   -7.57873e+04    7.96364e+03
   Total Energy  Conserved En.    Temperature Pres. DC (bar) Pressure (bar)
   -6.78237e+04   -6.79956e+04    2.98011e+02   -2.08567e+02   -1.74422e+02
   Constr. rmsd
    3.62228e-06

           Step           Time
          42000       84.00000

   Energies (kJ/mol)
          Angle Ryckaert-Bell.          LJ-14     Coulomb-14        LJ (SR)
    4.51410e+03   -9.26123e+03    0.00000e+00   -5.06411e+04   -1.56581e+04
  Disper. corr.   Coulomb (SR)   Coul. recip.      Potential    Kinetic En.
   -7.87021e+02   -3.88131e+03    2.14302e+02   -7.55004e+04    7.93792e+03
   Total Energy  Conserved En.    Temperature Pres. DC (bar) Pressure (bar)
   -6.75625e+04   -6.80006e+04    2.97048e+02   -2.08567e+02   -7.69072e+01
   Constr. rmsd
    3.46380e-06

           Step           Time
          43000       86.00000

   Energies (kJ/mol)
          Angle Ryckaert-Bell.          LJ-14     Coulomb-14        LJ (SR)
    4.37354e+03   -9.33565e+03    0.00000e+00   -5.06126e+04   -1.55812e+04
  Disper. corr.   Coulomb (SR)   Coul. recip.      Potential    Kinetic En.
   -7.87021e+02   -4.04403e+03    1.94974e+02   -7.57920e+04    7.97587e+03
   Total Energy  Conserved En.    Temperature Pres. DC (bar) Pressure (bar)
   -6.78161e+04   -6.80079e+04    2.98468e+02   -2.08567e+02    6.33123e+01
   Constr. rmsd
    3.34256e-06

           Step           Time
          44000       88.00000

   Energies (kJ/mol)
          Angle Ryckaert-Bell.          LJ-14     Coulomb-14        LJ (SR)
    4.51199e+03   -9.30372e+03    0.00000e+00   -5.06029e+04   -1.56460e+04
  Disper. corr.   Coulomb (SR)   Coul. recip.      Potential    Kinetic En.
   -7.87021e+02   -4.12699e+03    1.87680e+02   -7.57670e+04    8.02758e+03
   Total Energy  Conserved En.    Temperature Pres. DC (bar) Pressure (bar)
   -6.77394e+04   -6.80097e+04    3.00403e+02   -2.08567e+02    1.04018e+02
   Constr. rmsd
    3.52264e-06

           Step           Time
          45000       90.00000

   Energies (kJ/mol)
          Angle Ryckaert-Bell.          LJ-14     Coulomb-14        LJ (SR)
    4.31674e+03   -9.18904e+03    0.00000e+00   -5.06216e+04   -1.56300e+04
  Disper. corr.   Coulomb (SR)   Coul. recip.      Potential    Kinetic En.
   -7.87021e+02   -3.93645e+03    1.95277e+02   -7.56520e+04    7.95569e+03
   Total Energy  Conserved En.    Temperature Pres. DC (bar) Pressure (bar)
   -6.76964e+04   -6.80153e+04    2.97713e+02   -2.08567e+02    5.30428e+01
   Constr. rmsd
    3.37802e-06

           Step           Time
          46000       92.00000

   Energies (kJ/mol)
          Angle Ryckaert-Bell.          LJ-14     Coulomb-14        LJ (SR)
    4.49430e+03   -9.27510e+03    0.00000e+00   -5.07193e+04   -1.57656e+04
  Disper. corr.   Coulomb (SR)   Coul. recip.      Potential    Kinetic En.
   -7.87021e+02   -3.92548e+03    2.19431e+02   -7.57587e+04    7.91487e+03
   Total Energy  Conserved En.    Temperature Pres. DC (bar) Pressure (bar)
   -6.78439e+04   -6.80191e+04    2.96186e+02   -2.08567e+02    1.35065e+02
   Constr. rmsd
    3.38593e-06

           Step           Time
          47000       94.00000

   Energies (kJ/mol)
          Angle Ryckaert-Bell.          LJ-14     Coulomb-14        LJ (SR)
    4.50344e+03   -9.22882e+03    0.00000e+00   -5.07421e+04   -1.57251e+04
  Disper. corr.   Coulomb (SR)   Coul. recip.      Potential    Kinetic En.
   -7.87021e+02   -3.94808e+03    2.05185e+02   -7.57226e+04    7.85929e+03
   Total Energy  Conserved En.    Temperature Pres. DC (bar) Pressure (bar)
   -6.78633e+04   -6.80243e+04    2.94105e+02   -2.08567e+02    1.90056e+02
   Constr. rmsd
    3.45229e-06

           Step           Time
          48000       96.00000

   Energies (kJ/mol)
          Angle Ryckaert-Bell.          LJ-14     Coulomb-14        LJ (SR)
    4.60472e+03   -9.30198e+03    0.00000e+00   -5.06191e+04   -1.57573e+04
  Disper. corr.   Coulomb (SR)   Coul. recip.      Potential    Kinetic En.
   -7.87021e+02   -4.01929e+03    2.16697e+02   -7.56633e+04    7.60477e+03
   Total Energy  Conserved En.    Temperature Pres. DC (bar) Pressure (bar)
   -6.80586e+04   -6.80275e+04    2.84581e+02   -2.08567e+02    1.12537e+02
   Constr. rmsd
    3.50422e-06

           Step           Time
          49000       98.00000

   Energies (kJ/mol)
          Angle Ryckaert-Bell.          LJ-14     Coulomb-14        LJ (SR)
    4.73894e+03   -9.38125e+03    0.00000e+00   -5.08491e+04   -1.57809e+04
  Disper. corr.   Coulomb (SR)   Coul. recip.      Potential    Kinetic En.
   -7.87021e+02   -3.93233e+03    2.06194e+02   -7.57855e+04    7.93263e+03
   Total Energy  Conserved En.    Temperature Pres. DC (bar) Pressure (bar)
   -6.78529e+04   -6.80342e+04    2.96850e+02   -2.08567e+02    3.05803e+02
   Constr. rmsd
    3.68440e-06

           Step           Time
          50000      100.00000

   Energies (kJ/mol)
          Angle Ryckaert-Bell.          LJ-14     Coulomb-14        LJ (SR)
    4.60126e+03   -9.32219e+03    0.00000e+00   -5.07122e+04   -1.55429e+04
  Disper. corr.   Coulomb (SR)   Coul. recip.      Potential    Kinetic En.
   -7.87021e+02   -4.06150e+03    2.06287e+02   -7.56182e+04    8.01047e+03
   Total Energy  Conserved En.    Temperature Pres. DC (bar) Pressure (bar)
   -6.76077e+04   -6.80386e+04    2.99763e+02   -2.08567e+02    7.71926e+02
   Constr. rmsd
    3.15555e-06

           Step           Time
          51000      102.00000

   Energies (kJ/mol)
          Angle Ryckaert-Bell.          LJ-14     Coulomb-14        LJ (SR)
    4.39731e+03   -9.30085e+03    0.00000e+00   -5.05695e+04   -1.56423e+04
  Disper. corr.   Coulomb (SR)   Coul. recip.      Potential    Kinetic En.
   -7.87021e+02   -3.91622e+03    1.90130e+02   -7.56285e+04    7.96787e+03
   Total Energy  Conserved En.    Temperature Pres. DC (bar) Pressure (bar)
   -6.76607e+04   -6.80441e+04    2.98169e+02   -2.08567e+02    7.69057e+01
   Constr. rmsd
    3.53135e-06

           Step           Time
          52000      104.00000

   Energies (kJ/mol)
          Angle Ryckaert-Bell.          LJ-14     Coulomb-14        LJ (SR)
    4.48579e+03   -9.30876e+03    0.00000e+00   -5.06391e+04   -1.55228e+04
  Disper. corr.   Coulomb (SR)   Coul. recip.      Potential    Kinetic En.
   -7.87021e+02   -3.91964e+03    2.10183e+02   -7.54814e+04    7.89705e+03
   Total Energy  Conserved En.    Temperature Pres. DC (bar) Pressure (bar)
   -6.75843e+04   -6.80493e+04    2.95519e+02   -2.08567e+02    1.54464e+02
   Constr. rmsd
    3.22688e-06

           Step           Time
          53000      106.00000

   Energies (kJ/mol)
          Angle Ryckaert-Bell.          LJ-14     Coulomb-14        LJ (SR)
    4.48512e+03   -9.36654e+03    0.00000e+00   -5.06104e+04   -1.58294e+04
  Disper. corr.   Coulomb (SR)   Coul. recip.      Potential    Kinetic En.
   -7.87021e+02   -3.96133e+03    2.28572e+02   -7.58410e+04    8.10505e+03
   Total Energy  Conserved En.    Temperature Pres. DC (bar) Pressure (bar)
   -6.77359e+04   -6.80554e+04    3.03302e+02   -2.08567e+02   -2.95863e+02
   Constr. rmsd
    3.72178e-06

           Step           Time
          54000      108.00000

   Energies (kJ/mol)
          Angle Ryckaert-Bell.          LJ-14     Coulomb-14        LJ (SR)
    4.41282e+03   -9.06965e+03    0.00000e+00   -5.07154e+04   -1.55825e+04
  Disper. corr.   Coulomb (SR)   Coul. recip.      Potential    Kinetic En.
   -7.87021e+02   -3.91103e+03    2.18249e+02   -7.54345e+04    8.11575e+03
   Total Energy  Conserved En.    Temperature Pres. DC (bar) Pressure (bar)
   -6.73188e+04   -6.80618e+04    3.03703e+02   -2.08567e+02    2.23937e+02
   Constr. rmsd
    3.39335e-06

           Step           Time
          55000      110.00000

   Energies (kJ/mol)
          Angle Ryckaert-Bell.          LJ-14     Coulomb-14        LJ (SR)
    4.62889e+03   -9.33778e+03    0.00000e+00   -5.06200e+04   -1.56200e+04
  Disper. corr.   Coulomb (SR)   Coul. recip.      Potential    Kinetic En.
   -7.87021e+02   -4.18051e+03    1.88875e+02   -7.57275e+04    7.94165e+03
   Total Energy  Conserved En.    Temperature Pres. DC (bar) Pressure (bar)
   -6.77859e+04   -6.80632e+04    2.97188e+02   -2.08567e+02   -8.68967e+01
   Constr. rmsd
    3.44351e-06

           Step           Time
          56000      112.00000

   Energies (kJ/mol)
          Angle Ryckaert-Bell.          LJ-14     Coulomb-14        LJ (SR)
    4.39567e+03   -9.12867e+03    0.00000e+00   -5.06025e+04   -1.56599e+04
  Disper. corr.   Coulomb (SR)   Coul. recip.      Potential    Kinetic En.
   -7.87021e+02   -4.00263e+03    2.17756e+02   -7.55673e+04    7.90690e+03
   Total Energy  Conserved En.    Temperature Pres. DC (bar) Pressure (bar)
   -6.76604e+04   -6.80705e+04    2.95887e+02   -2.08567e+02    4.37376e+00
   Constr. rmsd
    3.66245e-06

           Step           Time
          57000      114.00000

   Energies (kJ/mol)
          Angle Ryckaert-Bell.          LJ-14     Coulomb-14        LJ (SR)
    4.47372e+03   -9.12545e+03    0.00000e+00   -5.06531e+04   -1.54141e+04
  Disper. corr.   Coulomb (SR)   Coul. recip.      Potential    Kinetic En.
   -7.87021e+02   -4.07429e+03    1.96654e+02   -7.53836e+04    8.03399e+03
   Total Energy  Conserved En.    Temperature Pres. DC (bar) Pressure (bar)
   -6.73496e+04   -6.80763e+04    3.00643e+02   -2.08567e+02    4.30520e+02
   Constr. rmsd
    3.48656e-06

           Step           Time
          58000      116.00000

   Energies (kJ/mol)
          Angle Ryckaert-Bell.          LJ-14     Coulomb-14        LJ (SR)
    4.46955e+03   -9.34420e+03    0.00000e+00   -5.05508e+04   -1.56379e+04
  Disper. corr.   Coulomb (SR)   Coul. recip.      Potential    Kinetic En.
   -7.87021e+02   -4.03196e+03    1.93320e+02   -7.56890e+04    7.87145e+03
   Total Energy  Conserved En.    Temperature Pres. DC (bar) Pressure (bar)
   -6.78175e+04   -6.80787e+04    2.94561e+02   -2.08567e+02   -2.80121e+02
   Constr. rmsd
    3.36424e-06

           Step           Time
          59000      118.00000

   Energies (kJ/mol)
          Angle Ryckaert-Bell.          LJ-14     Coulomb-14        LJ (SR)
    4.47420e+03   -9.37187e+03    0.00000e+00   -5.06204e+04   -1.56345e+04
  Disper. corr.   Coulomb (SR)   Coul. recip.      Potential    Kinetic En.
   -7.87021e+02   -4.00475e+03    1.90590e+02   -7.57538e+04    7.79291e+03
   Total Energy  Conserved En.    Temperature Pres. DC (bar) Pressure (bar)
   -6.79609e+04   -6.80839e+04    2.91622e+02   -2.08567e+02   -1.24396e+02
   Constr. rmsd
    3.47904e-06

           Step           Time
          60000      120.00000

   Energies (kJ/mol)
          Angle Ryckaert-Bell.          LJ-14     Coulomb-14        LJ (SR)
    4.60288e+03   -9.36226e+03    0.00000e+00   -5.06527e+04   -1.55429e+04
  Disper. corr.   Coulomb (SR)   Coul. recip.      Potential    Kinetic En.
   -7.87021e+02   -4.05606e+03    2.17557e+02   -7.55805e+04    7.69434e+03
   Total Energy  Conserved En.    Temperature Pres. DC (bar) Pressure (bar)
   -6.78862e+04   -6.80897e+04    2.87933e+02   -2.08567e+02    5.07346e+02
   Constr. rmsd
    3.42850e-06

           Step           Time
          61000      122.00000

   Energies (kJ/mol)
          Angle Ryckaert-Bell.          LJ-14     Coulomb-14        LJ (SR)
    4.58890e+03   -9.42820e+03    0.00000e+00   -5.06143e+04   -1.56724e+04
  Disper. corr.   Coulomb (SR)   Coul. recip.      Potential    Kinetic En.
   -7.87021e+02   -4.03932e+03    2.05165e+02   -7.57472e+04    7.85221e+03
   Total Energy  Conserved En.    Temperature Pres. DC (bar) Pressure (bar)
   -6.78950e+04   -6.80963e+04    2.93841e+02   -2.08567e+02   -4.29194e+01
   Constr. rmsd
    3.36887e-06

           Step           Time
          62000      124.00000

   Energies (kJ/mol)
          Angle Ryckaert-Bell.          LJ-14     Coulomb-14        LJ (SR)
    4.56194e+03   -9.30041e+03    0.00000e+00   -5.06759e+04   -1.58098e+04
  Disper. corr.   Coulomb (SR)   Coul. recip.      Potential    Kinetic En.
   -7.87021e+02   -3.95359e+03    2.14082e+02   -7.57507e+04    7.83851e+03
   Total Energy  Conserved En.    Temperature Pres. DC (bar) Pressure (bar)
   -6.79122e+04   -6.81007e+04    2.93328e+02   -2.08567e+02   -1.13581e+02
   Constr. rmsd
    3.43797e-06

           Step           Time
          63000      126.00000

   Energies (kJ/mol)
          Angle Ryckaert-Bell.          LJ-14     Coulomb-14        LJ (SR)
    4.66266e+03   -9.27838e+03    0.00000e+00   -5.06932e+04   -1.57118e+04
  Disper. corr.   Coulomb (SR)   Coul. recip.      Potential    Kinetic En.
   -7.87021e+02   -4.03599e+03    1.88286e+02   -7.56554e+04    8.17288e+03
   Total Energy  Conserved En.    Temperature Pres. DC (bar) Pressure (bar)
   -6.74826e+04   -6.81070e+04    3.05840e+02   -2.08567e+02   -7.99167e+01
   Constr. rmsd
    3.60736e-06

           Step           Time
          64000      128.00000

   Energies (kJ/mol)
          Angle Ryckaert-Bell.          LJ-14     Coulomb-14        LJ (SR)
    4.63938e+03   -9.29004e+03    0.00000e+00   -5.07088e+04   -1.56777e+04
  Disper. corr.   Coulomb (SR)   Coul. recip.      Potential    Kinetic En.
   -7.87021e+02   -4.00294e+03    2.11307e+02   -7.56159e+04    7.97821e+03
   Total Energy  Conserved En.    Temperature Pres. DC (bar) Pressure (bar)
   -6.76376e+04   -6.81112e+04    2.98556e+02   -2.08567e+02    2.12474e+02
   Constr. rmsd
    3.72910e-06

           Step           Time
          65000      130.00000

   Energies (kJ/mol)
          Angle Ryckaert-Bell.          LJ-14     Coulomb-14        LJ (SR)
    4.48898e+03   -9.13842e+03    0.00000e+00   -5.07285e+04   -1.56537e+04
  Disper. corr.   Coulomb (SR)   Coul. recip.      Potential    Kinetic En.
   -7.87021e+02   -4.05904e+03    2.04087e+02   -7.56736e+04    7.90516e+03
   Total Energy  Conserved En.    Temperature Pres. DC (bar) Pressure (bar)
   -6.77684e+04   -6.81169e+04    2.95822e+02   -2.08567e+02    5.42303e+01
   Constr. rmsd
    3.69366e-06

           Step           Time
          66000      132.00000

   Energies (kJ/mol)
          Angle Ryckaert-Bell.          LJ-14     Coulomb-14        LJ (SR)
    4.37682e+03   -9.28150e+03    0.00000e+00   -5.06532e+04   -1.56087e+04
  Disper. corr.   Coulomb (SR)   Coul. recip.      Potential    Kinetic En.
   -7.87021e+02   -3.96799e+03    2.09310e+02   -7.57123e+04    8.00888e+03
   Total Energy  Conserved En.    Temperature Pres. DC (bar) Pressure (bar)
   -6.77035e+04   -6.81239e+04    2.99703e+02   -2.08567e+02    1.71568e+02
   Constr. rmsd
    3.25176e-06

           Step           Time
          67000      134.00000

   Energies (kJ/mol)
          Angle Ryckaert-Bell.          LJ-14     Coulomb-14        LJ (SR)
    4.33027e+03   -9.15981e+03    0.00000e+00   -5.06878e+04   -1.57139e+04
  Disper. corr.   Coulomb (SR)   Coul. recip.      Potential    Kinetic En.
   -7.87021e+02   -4.02956e+03    2.07729e+02   -7.58401e+04    8.06016e+03
   Total Energy  Conserved En.    Temperature Pres. DC (bar) Pressure (bar)
   -6.77799e+04   -6.81280e+04    3.01623e+02   -2.08567e+02    3.02347e+01
   Constr. rmsd
    3.34037e-06

           Step           Time
          68000      136.00000

   Energies (kJ/mol)
          Angle Ryckaert-Bell.          LJ-14     Coulomb-14        LJ (SR)
    4.56862e+03   -9.25765e+03    0.00000e+00   -5.06784e+04   -1.56188e+04
  Disper. corr.   Coulomb (SR)   Coul. recip.      Potential    Kinetic En.
   -7.87021e+02   -4.01441e+03    2.11136e+02   -7.55765e+04    7.88129e+03
   Total Energy  Conserved En.    Temperature Pres. DC (bar) Pressure (bar)
   -6.76952e+04   -6.81322e+04    2.94929e+02   -2.08567e+02    2.99339e+02
   Constr. rmsd
    3.50080e-06

           Step           Time
          69000      138.00000

   Energies (kJ/mol)
          Angle Ryckaert-Bell.          LJ-14     Coulomb-14        LJ (SR)
    4.50835e+03   -9.37895e+03    0.00000e+00   -5.05928e+04   -1.57482e+04
  Disper. corr.   Coulomb (SR)   Coul. recip.      Potential    Kinetic En.
   -7.87021e+02   -3.96701e+03    2.00273e+02   -7.57654e+04    7.82511e+03
   Total Energy  Conserved En.    Temperature Pres. DC (bar) Pressure (bar)
   -6.79403e+04   -6.81368e+04    2.92827e+02   -2.08567e+02   -8.52734e+01
   Constr. rmsd
    3.53679e-06

           Step           Time
          70000      140.00000

   Energies (kJ/mol)
          Angle Ryckaert-Bell.          LJ-14     Coulomb-14        LJ (SR)
    4.60688e+03   -9.21202e+03    0.00000e+00   -5.07127e+04   -1.56438e+04
  Disper. corr.   Coulomb (SR)   Coul. recip.      Potential    Kinetic En.
   -7.87021e+02   -3.97618e+03    2.18754e+02   -7.55061e+04    8.04159e+03
   Total Energy  Conserved En.    Temperature Pres. DC (bar) Pressure (bar)
   -6.74645e+04   -6.81433e+04    3.00927e+02   -2.08567e+02    4.23592e+02
   Constr. rmsd
    3.63800e-06

           Step           Time
          71000      142.00000

   Energies (kJ/mol)
          Angle Ryckaert-Bell.          LJ-14     Coulomb-14        LJ (SR)
    4.32950e+03   -9.27244e+03    0.00000e+00   -5.06373e+04   -1.55985e+04
  Disper. corr.   Coulomb (SR)   Coul. recip.      Potential    Kinetic En.
   -7.87021e+02   -4.11406e+03    2.08076e+02   -7.58717e+04    8.18372e+03
   Total Energy  Conserved En.    Temperature Pres. DC (bar) Pressure (bar)
   -6.76880e+04   -6.81500e+04    3.06246e+02   -2.08567e+02    1.98481e+02
   Constr. rmsd
    3.66578e-06

           Step           Time
          72000      144.00000

   Energies (kJ/mol)
          Angle Ryckaert-Bell.          LJ-14     Coulomb-14        LJ (SR)
    4.41555e+03   -9.35383e+03    0.00000e+00   -5.06068e+04   -1.57477e+04
  Disper. corr.   Coulomb (SR)   Coul. recip.      Potential    Kinetic En.
   -7.87021e+02   -3.86379e+03    1.90990e+02   -7.57526e+04    7.78614e+03
   Total Energy  Conserved En.    Temperature Pres. DC (bar) Pressure (bar)
   -6.79665e+04   -6.81524e+04    2.91368e+02   -2.08567e+02    7.33329e+01
   Constr. rmsd
    3.49646e-06

           Step           Time
          73000      146.00000

   Energies (kJ/mol)
          Angle Ryckaert-Bell.          LJ-14     Coulomb-14        LJ (SR)
    4.47015e+03   -9.25590e+03    0.00000e+00   -5.06618e+04   -1.56697e+04
  Disper. corr.   Coulomb (SR)   Coul. recip.      Potential    Kinetic En.
   -7.87021e+02   -3.89823e+03    1.99649e+02   -7.56029e+04    7.88919e+03
   Total Energy  Conserved En.    Temperature Pres. DC (bar) Pressure (bar)
   -6.77137e+04   -6.81582e+04    2.95225e+02   -2.08567e+02    4.15154e+02
   Constr. rmsd
    3.38984e-06

           Step           Time
          74000      148.00000

   Energies (kJ/mol)
          Angle Ryckaert-Bell.          LJ-14     Coulomb-14        LJ (SR)
    4.80930e+03   -9.43166e+03    0.00000e+00   -5.06617e+04   -1.56336e+04
  Disper. corr.   Coulomb (SR)   Coul. recip.      Potential    Kinetic En.
   -7.87021e+02   -4.12295e+03    2.12621e+02   -7.56151e+04    7.87104e+03
   Total Energy  Conserved En.    Temperature Pres. DC (bar) Pressure (bar)
   -6.77440e+04   -6.81619e+04    2.94545e+02   -2.08567e+02    3.04066e+02
   Constr. rmsd
    3.64549e-06

           Step           Time
          75000      150.00000

   Energies (kJ/mol)
          Angle Ryckaert-Bell.          LJ-14     Coulomb-14        LJ (SR)
    4.65373e+03   -9.32837e+03    0.00000e+00   -5.06831e+04   -1.56577e+04
  Disper. corr.   Coulomb (SR)   Coul. recip.      Potential    Kinetic En.
   -7.87021e+02   -3.93750e+03    2.18359e+02   -7.55216e+04    8.07854e+03
   Total Energy  Conserved En.    Temperature Pres. DC (bar) Pressure (bar)
   -6.74430e+04   -6.81675e+04    3.02310e+02   -2.08567e+02    1.94066e+02
   Constr. rmsd
    3.63319e-06

           Step           Time
          76000      152.00000

   Energies (kJ/mol)
          Angle Ryckaert-Bell.          LJ-14     Coulomb-14        LJ (SR)
    4.56478e+03   -9.15304e+03    0.00000e+00   -5.06588e+04   -1.55517e+04
  Disper. corr.   Coulomb (SR)   Coul. recip.      Potential    Kinetic En.
   -7.87021e+02   -4.07527e+03    2.07939e+02   -7.54531e+04    7.83628e+03
   Total Energy  Conserved En.    Temperature Pres. DC (bar) Pressure (bar)
   -6.76169e+04   -6.81720e+04    2.93244e+02   -2.08567e+02    4.51704e+02
   Constr. rmsd
    3.67629e-06

           Step           Time
          77000      154.00000

   Energies (kJ/mol)
          Angle Ryckaert-Bell.          LJ-14     Coulomb-14        LJ (SR)
    4.60293e+03   -9.24805e+03    0.00000e+00   -5.06847e+04   -1.57653e+04
  Disper. corr.   Coulomb (SR)   Coul. recip.      Potential    Kinetic En.
   -7.87021e+02   -4.07374e+03    2.04504e+02   -7.57514e+04    7.96505e+03
   Total Energy  Conserved En.    Temperature Pres. DC (bar) Pressure (bar)
   -6.77864e+04   -6.81786e+04    2.98063e+02   -2.08567e+02   -3.29327e+01
   Constr. rmsd
    3.55351e-06

           Step           Time
          78000      156.00000

   Energies (kJ/mol)
          Angle Ryckaert-Bell.          LJ-14     Coulomb-14        LJ (SR)
    4.42044e+03   -9.29824e+03    0.00000e+00   -5.06557e+04   -1.55764e+04
  Disper. corr.   Coulomb (SR)   Coul. recip.      Potential    Kinetic En.
   -7.87021e+02   -4.02577e+03    1.93143e+02   -7.57296e+04    7.95136e+03
   Total Energy  Conserved En.    Temperature Pres. DC (bar) Pressure (bar)
   -6.77782e+04   -6.81836e+04    2.97551e+02   -2.08567e+02   -1.27899e+02
   Constr. rmsd
    3.56003e-06

           Step           Time
          79000      158.00000

   Energies (kJ/mol)
          Angle Ryckaert-Bell.          LJ-14     Coulomb-14        LJ (SR)
    4.33928e+03   -9.29183e+03    0.00000e+00   -5.05937e+04   -1.57617e+04
  Disper. corr.   Coulomb (SR)   Coul. recip.      Potential    Kinetic En.
   -7.87021e+02   -4.01075e+03    2.06325e+02   -7.58994e+04    7.84471e+03
   Total Energy  Conserved En.    Temperature Pres. DC (bar) Pressure (bar)
   -6.80547e+04   -6.81893e+04    2.93560e+02   -2.08567e+02   -2.12363e+02
   Constr. rmsd
    3.37653e-06

           Step           Time
          80000      160.00000

   Energies (kJ/mol)
          Angle Ryckaert-Bell.          LJ-14     Coulomb-14        LJ (SR)
    4.49459e+03   -9.24457e+03    0.00000e+00   -5.06474e+04   -1.57498e+04
  Disper. corr.   Coulomb (SR)   Coul. recip.      Potential    Kinetic En.
   -7.87021e+02   -3.91573e+03    2.03889e+02   -7.56460e+04    7.87706e+03
   Total Energy  Conserved En.    Temperature Pres. DC (bar) Pressure (bar)
   -6.77690e+04   -6.81942e+04    2.94770e+02   -2.08567e+02    9.01051e+01
   Constr. rmsd
    3.31407e-06

           Step           Time
          81000      162.00000

   Energies (kJ/mol)
          Angle Ryckaert-Bell.          LJ-14     Coulomb-14        LJ (SR)
    4.53224e+03   -9.46444e+03    0.00000e+00   -5.06891e+04   -1.55244e+04
  Disper. corr.   Coulomb (SR)   Coul. recip.      Potential    Kinetic En.
   -7.87021e+02   -4.04642e+03    2.09946e+02   -7.57692e+04    8.12253e+03
   Total Energy  Conserved En.    Temperature Pres. DC (bar) Pressure (bar)
   -6.76467e+04   -6.82018e+04    3.03956e+02   -2.08567e+02    2.43523e+02
   Constr. rmsd
    3.45186e-06

           Step           Time
          82000      164.00000

   Energies (kJ/mol)
          Angle Ryckaert-Bell.          LJ-14     Coulomb-14        LJ (SR)
    4.42687e+03   -9.29061e+03    0.00000e+00   -5.05569e+04   -1.54837e+04
  Disper. corr.   Coulomb (SR)   Coul. recip.      Potential    Kinetic En.
   -7.87021e+02   -3.97908e+03    1.78640e+02   -7.54919e+04    7.91846e+03
   Total Energy  Conserved En.    Temperature Pres. DC (bar) Pressure (bar)
   -6.75734e+04   -6.82063e+04    2.96320e+02   -2.08567e+02    1.71870e+02
   Constr. rmsd
    3.64848e-06

           Step           Time
          83000      166.00000

   Energies (kJ/mol)
          Angle Ryckaert-Bell.          LJ-14     Coulomb-14        LJ (SR)
    4.59481e+03   -9.29932e+03    0.00000e+00   -5.06765e+04   -1.57078e+04
  Disper. corr.   Coulomb (SR)   Coul. recip.      Potential    Kinetic En.
   -7.87021e+02   -4.04479e+03    2.01416e+02   -7.57192e+04    8.20708e+03
   Total Energy  Conserved En.    Temperature Pres. DC (bar) Pressure (bar)
   -6.75121e+04   -6.82134e+04    3.07120e+02   -2.08567e+02    2.69067e+02
   Constr. rmsd
    3.75819e-06

           Step           Time
          84000      168.00000

   Energies (kJ/mol)
          Angle Ryckaert-Bell.          LJ-14     Coulomb-14        LJ (SR)
    4.51264e+03   -9.21026e+03    0.00000e+00   -5.05613e+04   -1.55772e+04
  Disper. corr.   Coulomb (SR)   Coul. recip.      Potential    Kinetic En.
   -7.87021e+02   -3.93675e+03    2.00323e+02   -7.53596e+04    7.92077e+03
   Total Energy  Conserved En.    Temperature Pres. DC (bar) Pressure (bar)
   -6.74388e+04   -6.82137e+04    2.96406e+02   -2.08567e+02   -5.20042e+00
   Constr. rmsd
    3.39503e-06

           Step           Time
          85000      170.00000

   Energies (kJ/mol)
          Angle Ryckaert-Bell.          LJ-14     Coulomb-14        LJ (SR)
    4.57738e+03   -9.26792e+03    0.00000e+00   -5.06380e+04   -1.57614e+04
  Disper. corr.   Coulomb (SR)   Coul. recip.      Potential    Kinetic En.
   -7.87021e+02   -4.10524e+03    1.99623e+02   -7.57826e+04    7.96759e+03
   Total Energy  Conserved En.    Temperature Pres. DC (bar) Pressure (bar)
   -6.78150e+04   -6.82171e+04    2.98158e+02   -2.08567e+02   -2.31728e+02
   Constr. rmsd
    3.32884e-06

           Step           Time
          86000      172.00000

   Energies (kJ/mol)
          Angle Ryckaert-Bell.          LJ-14     Coulomb-14        LJ (SR)
    4.60995e+03   -9.35448e+03    0.00000e+00   -5.06540e+04   -1.56293e+04
  Disper. corr.   Coulomb (SR)   Coul. recip.      Potential    Kinetic En.
   -7.87021e+02   -4.05743e+03    2.14142e+02   -7.56581e+04    7.90939e+03
   Total Energy  Conserved En.    Temperature Pres. DC (bar) Pressure (bar)
   -6.77488e+04   -6.82259e+04    2.95980e+02   -2.08567e+02    6.59334e+01
   Constr. rmsd
    3.80768e-06

           Step           Time
          87000      174.00000

   Energies (kJ/mol)
          Angle Ryckaert-Bell.          LJ-14     Coulomb-14        LJ (SR)
    4.51643e+03   -9.19418e+03    0.00000e+00   -5.06565e+04   -1.57858e+04
  Disper. corr.   Coulomb (SR)   Coul. recip.      Potential    Kinetic En.
   -7.87021e+02   -3.96084e+03    1.99922e+02   -7.56680e+04    7.59179e+03
   Total Energy  Conserved En.    Temperature Pres. DC (bar) Pressure (bar)
   -6.80762e+04   -6.82297e+04    2.84095e+02   -2.08567e+02   -1.57638e+02
   Constr. rmsd
    3.31534e-06

           Step           Time
          88000      176.00000

   Energies (kJ/mol)
          Angle Ryckaert-Bell.          LJ-14     Coulomb-14        LJ (SR)
    4.52288e+03   -9.29134e+03    0.00000e+00   -5.06967e+04   -1.56978e+04
  Disper. corr.   Coulomb (SR)   Coul. recip.      Potential    Kinetic En.
   -7.87021e+02   -3.92587e+03    1.95200e+02   -7.56807e+04    8.00556e+03
   Total Energy  Conserved En.    Temperature Pres. DC (bar) Pressure (bar)
   -6.76751e+04   -6.82381e+04    2.99579e+02   -2.08567e+02    7.84549e+01
   Constr. rmsd
    3.58381e-06

           Step           Time
          89000      178.00000

   Energies (kJ/mol)
          Angle Ryckaert-Bell.          LJ-14     Coulomb-14        LJ (SR)
    4.47510e+03   -9.23529e+03    0.00000e+00   -5.06404e+04   -1.56671e+04
  Disper. corr.   Coulomb (SR)   Coul. recip.      Potential    Kinetic En.
   -7.87021e+02   -4.03930e+03    2.07339e+02   -7.56867e+04    8.00700e+03
   Total Energy  Conserved En.    Temperature Pres. DC (bar) Pressure (bar)
   -6.76797e+04   -6.82400e+04    2.99633e+02   -2.08567e+02   -3.64094e+02
   Constr. rmsd
    4.04314e-06

           Step           Time
          90000      180.00000

   Energies (kJ/mol)
          Angle Ryckaert-Bell.          LJ-14     Coulomb-14        LJ (SR)
    4.62471e+03   -9.34439e+03    0.00000e+00   -5.06813e+04   -1.57358e+04
  Disper. corr.   Coulomb (SR)   Coul. recip.      Potential    Kinetic En.
   -7.87021e+02   -4.05719e+03    2.00940e+02   -7.57801e+04    7.99335e+03
   Total Energy  Conserved En.    Temperature Pres. DC (bar) Pressure (bar)
   -6.77868e+04   -6.82469e+04    2.99122e+02   -2.08567e+02    1.63784e+02
   Constr. rmsd
    3.62082e-06

           Step           Time
          91000      182.00000

   Energies (kJ/mol)
          Angle Ryckaert-Bell.          LJ-14     Coulomb-14        LJ (SR)
    4.50600e+03   -9.35813e+03    0.00000e+00   -5.06245e+04   -1.55294e+04
  Disper. corr.   Coulomb (SR)   Coul. recip.      Potential    Kinetic En.
   -7.87021e+02   -3.97865e+03    2.28856e+02   -7.55429e+04    8.14964e+03
   Total Energy  Conserved En.    Temperature Pres. DC (bar) Pressure (bar)
   -6.73932e+04   -6.82528e+04    3.04971e+02   -2.08567e+02    5.32884e+02
   Constr. rmsd
    3.71618e-06

           Step           Time
          92000      184.00000

   Energies (kJ/mol)
          Angle Ryckaert-Bell.          LJ-14     Coulomb-14        LJ (SR)
    4.42442e+03   -9.35258e+03    0.00000e+00   -5.06115e+04   -1.55877e+04
  Disper. corr.   Coulomb (SR)   Coul. recip.      Potential    Kinetic En.
   -7.87021e+02   -3.96407e+03    1.96317e+02   -7.56821e+04    8.17873e+03
   Total Energy  Conserved En.    Temperature Pres. DC (bar) Pressure (bar)
   -6.75034e+04   -6.82576e+04    3.06059e+02   -2.08567e+02    1.01474e+02
   Constr. rmsd
    3.50821e-06

           Step           Time
          93000      186.00000

   Energies (kJ/mol)
          Angle Ryckaert-Bell.          LJ-14     Coulomb-14        LJ (SR)
    4.61113e+03   -9.26689e+03    0.00000e+00   -5.05754e+04   -1.55708e+04
  Disper. corr.   Coulomb (SR)   Coul. recip.      Potential    Kinetic En.
   -7.87021e+02   -3.96238e+03    2.14645e+02   -7.53367e+04    7.89690e+03
   Total Energy  Conserved En.    Temperature Pres. DC (bar) Pressure (bar)
   -6.74398e+04   -6.82582e+04    2.95513e+02   -2.08567e+02    2.05811e+02
   Constr. rmsd
    3.28603e-06

           Step           Time
          94000      188.00000

   Energies (kJ/mol)
          Angle Ryckaert-Bell.          LJ-14     Coulomb-14        LJ (SR)
    4.57369e+03   -9.24018e+03    0.00000e+00   -5.06671e+04   -1.58902e+04
  Disper. corr.   Coulomb (SR)   Coul. recip.      Potential    Kinetic En.
   -7.87021e+02   -3.83499e+03    2.19841e+02   -7.56260e+04    7.85878e+03
   Total Energy  Conserved En.    Temperature Pres. DC (bar) Pressure (bar)
   -6.77672e+04   -6.82640e+04    2.94086e+02   -2.08567e+02   -2.87112e+02
   Constr. rmsd
    3.47467e-06

           Step           Time
          95000      190.00000

   Energies (kJ/mol)
          Angle Ryckaert-Bell.          LJ-14     Coulomb-14        LJ (SR)
    4.42992e+03   -9.16540e+03    0.00000e+00   -5.06122e+04   -1.57525e+04
  Disper. corr.   Coulomb (SR)   Coul. recip.      Potential    Kinetic En.
   -7.87021e+02   -3.88163e+03    1.99014e+02   -7.55699e+04    8.12132e+03
   Total Energy  Conserved En.    Temperature Pres. DC (bar) Pressure (bar)
   -6.74486e+04   -6.82695e+04    3.03911e+02   -2.08567e+02   -1.12881e+02
   Constr. rmsd
    3.36176e-06

           Step           Time
          96000      192.00000

   Energies (kJ/mol)
          Angle Ryckaert-Bell.          LJ-14     Coulomb-14        LJ (SR)
    4.58902e+03   -9.35451e+03    0.00000e+00   -5.06524e+04   -1.57271e+04
  Disper. corr.   Coulomb (SR)   Coul. recip.      Potential    Kinetic En.
   -7.87021e+02   -3.95629e+03    2.03235e+02   -7.56851e+04    7.81389e+03
   Total Energy  Conserved En.    Temperature Pres. DC (bar) Pressure (bar)
   -6.78712e+04   -6.82719e+04    2.92406e+02   -2.08567e+02    2.22276e+02
   Constr. rmsd
    3.55833e-06

           Step           Time
          97000      194.00000

   Energies (kJ/mol)
          Angle Ryckaert-Bell.          LJ-14     Coulomb-14        LJ (SR)
    4.61515e+03   -9.26810e+03    0.00000e+00   -5.06271e+04   -1.55945e+04
  Disper. corr.   Coulomb (SR)   Coul. recip.      Potential    Kinetic En.
   -7.87021e+02   -4.16439e+03    1.84739e+02   -7.56412e+04    7.82984e+03
   Total Energy  Conserved En.    Temperature Pres. DC (bar) Pressure (bar)
   -6.78114e+04   -6.82773e+04    2.93003e+02   -2.08567e+02    3.23853e+01
   Constr. rmsd
    3.23019e-06

           Step           Time
          98000      196.00000

   Energies (kJ/mol)
          Angle Ryckaert-Bell.          LJ-14     Coulomb-14        LJ (SR)
    4.47629e+03   -9.26879e+03    0.00000e+00   -5.06519e+04   -1.57382e+04
  Disper. corr.   Coulomb (SR)   Coul. recip.      Potential    Kinetic En.
   -7.87021e+02   -4.07316e+03    2.04640e+02   -7.58381e+04    7.99378e+03
   Total Energy  Conserved En.    Temperature Pres. DC (bar) Pressure (bar)
   -6.78443e+04   -6.82861e+04    2.99138e+02   -2.08567e+02   -1.96170e+02
   Constr. rmsd
    3.34048e-06

           Step           Time
          99000      198.00000

   Energies (kJ/mol)
          Angle Ryckaert-Bell.          LJ-14     Coulomb-14        LJ (SR)
    4.41619e+03   -9.15232e+03    0.00000e+00   -5.07510e+04   -1.56415e+04
  Disper. corr.   Coulomb (SR)   Coul. recip.      Potential    Kinetic En.
   -7.87021e+02   -4.11528e+03    1.97649e+02   -7.58333e+04    7.71840e+03
   Total Energy  Conserved En.    Temperature Pres. DC (bar) Pressure (bar)
   -6.81149e+04   -6.82893e+04    2.88833e+02   -2.08567e+02    1.62812e+01
   Constr. rmsd
    3.36492e-06

           Step           Time
         100000      200.00000

Writing checkpoint, step 100000 at Wed Jan 28 12:36:46 2026


   Energies (kJ/mol)
          Angle Ryckaert-Bell.          LJ-14     Coulomb-14        LJ (SR)
    4.57186e+03   -9.24377e+03    0.00000e+00   -5.07371e+04   -1.56767e+04
  Disper. corr.   Coulomb (SR)   Coul. recip.      Potential    Kinetic En.
   -7.87021e+02   -4.11399e+03    2.04353e+02   -7.57824e+04    8.17725e+03
   Total Energy  Conserved En.    Temperature Pres. DC (bar) Pressure (bar)
   -6.76051e+04   -6.82961e+04    3.06004e+02   -2.08567e+02   -6.66253e+01
   Constr. rmsd
    3.34772e-06


	<======  ###############  ==>
	<====  A V E R A G E S  ====>
	<==  ###############  ======>

	Statistics over 100001 steps using 1001 frames

   Energies (kJ/mol)
          Angle Ryckaert-Bell.          LJ-14     Coulomb-14        LJ (SR)
    4.56508e+03   -9.31015e+03    0.00000e+00   -5.06611e+04   -1.56544e+04
  Disper. corr.   Coulomb (SR)   Coul. recip.      Potential    Kinetic En.
   -7.87021e+02   -3.99136e+03    2.06651e+02   -7.56323e+04    7.95997e+03
   Total Energy  Conserved En.    Temperature Pres. DC (bar) Pressure (bar)
   -6.76723e+04   -6.80400e+04    2.97873e+02   -2.08567e+02    1.05552e+02
   Constr. rmsd
    0.00000e+00

   Total Virial (kJ/mol)
    2.48272e+03   -1.96961e+00   -1.17579e+01
   -1.96958e+00    2.45574e+03    1.19462e+01
   -1.17578e+01    1.19464e+01    2.42354e+03

   Pressure (bar)
    8.94602e+01    7.63811e-01    8.17873e+00
    7.63795e-01    1.04956e+02   -6.08016e+00
    8.17864e+00   -6.08026e+00    1.22240e+02


	M E G A - F L O P S   A C C O U N T I N G

 NB=Group-cutoff nonbonded kernels    NxN=N-by-N cluster Verlet kernels
 RF=Reaction-Field  VdW=Van der Waals  QSTab=quadratic-spline table
 W3=SPC/TIP3p  W4=TIP4p (single or pairs)
 V&F=Potential and force  V=Potential only  F=Force only

 Computing:                               M-Number         M-Flops  % Flops
-----------------------------------------------------------------------------
 Pair Search distance check             972.808992        8755.281     0.1
 NxN QSTab Elec. + LJ [F]            156694.782024     6424486.063    78.0
 NxN QSTab Elec. + LJ [V&F]            1584.358672       93477.162     1.1
 NxN QSTab Elec. [F]                   4906.448712      166819.256     2.0
 NxN QSTab Elec. [V&F]                   49.610288        2034.022     0.0
 1,4 nonbonded interactions             148.801488       13392.134     0.2
 Calc Weights                           930.609306       33501.935     0.4
 Spread Q Bspline                     19852.998528       39705.997     0.5
 Gather F Bspline                     19852.998528      119117.991     1.4
 3D-FFT                              144726.247248     1157809.978    14.1
 Solve PME                              129.601296        8294.483     0.1
 Shift-X                                  3.105102          18.631     0.0
 Angles                                 316.503165       53172.532     0.6
 RB-Dihedrals                           293.802938       72569.326     0.9
 Virial                                   3.150147          56.703     0.0
 Stop-CM                                  3.108204          31.082     0.0
 Calc-Ekin                               62.046204        1675.248     0.0
 Lincs                                  287.508625       17250.517     0.2
 Lincs-Mat                             3798.113940       15192.456     0.2
 Constraint-V                           575.011500        4600.092     0.1
 Constraint-Vir                           2.877875          69.069     0.0
-----------------------------------------------------------------------------
 Total                                                 8232029.956   100.0
-----------------------------------------------------------------------------


     R E A L   C Y C L E   A N D   T I M E   A C C O U N T I N G

On 1 MPI rank, each using 8 OpenMP threads

 Computing:          Num   Num      Call    Wall time         Giga-Cycles
                     Ranks Threads  Count      (s)         total sum    %
-----------------------------------------------------------------------------
 Neighbor search        1    8       1001       1.885         34.739   1.0
 Force                  1    8     100001     143.706       2648.748  74.3
 PME mesh               1    8     100001      36.680        676.077  19.0
 NB X/F buffer ops.     1    8     199001       2.723         50.187   1.4
 Write traj.            1    8         51       0.096          1.777   0.0
 Update                 1    8     100001       0.781         14.401   0.4
 Constraints            1    8     100003       6.968        128.436   3.6
 Rest                                           0.561         10.340   0.3
-----------------------------------------------------------------------------
 Total                                        193.400       3564.705 100.0
-----------------------------------------------------------------------------
 Breakdown of PME mesh computation
-----------------------------------------------------------------------------
 PME spread             1    8     100001       9.473        174.610   4.9
 PME gather             1    8     100001       8.869        163.464   4.6
 PME 3D-FFT             1    8     200002      15.246        281.017   7.9
 PME solve Elec         1    8     100001       2.843         52.410   1.5
-----------------------------------------------------------------------------

               Core t (s)   Wall t (s)        (%)
       Time:     1547.200      193.400      800.0
                 (ns/day)    (hour/ns)
Performance:       89.349        0.269
Finished mdrun on rank 0 Wed Jan 28 12:36:46 2026

