
################################################################################

 PACKMOL - Packing optimization for the automated generation of
 starting configurations for molecular dynamics simulations.
 
                                                              Version 20.3.2 

################################################################################

  Packmol must be run with: packmol < inputfile.inp 

  Userguide at: http://m3g.iqm.unicamp.br/packmol 

  Reading input file... (Control-C aborts)
  Seed for random number generator:      1234567
  Output file: conf.pdb
  Reading coordinate file: Li.pdb
  Reading coordinate file: PF6.pdb
  Reading coordinate file: EC_UA.pdb
  Reading coordinate file: DMC_UA.pdb
  Number of independent structures:            4
  The structures are: 
  Structure            1 :Li.pdb(           1  atoms)
  Structure            2 :PF6.pdb(           7  atoms)
  Structure            3 :EC_UA.pdb(           6  atoms)
  Structure            4 :DMC_UA.pdb(           6  atoms)
  Maximum number of GENCAN loops for all molecule packing:          800
  Total number of restrictions:            4
  Distance tolerance:    2.0000000000000000     
  Warning: Type of residue numbering not set for structure            1
  Residue numbering set for structure            1 :           0
  Swap chains of molecules of structure            1 : F
  Warning: Type of residue numbering not set for structure            2
  Residue numbering set for structure            2 :           0
  Swap chains of molecules of structure            2 : F
  Warning: Type of residue numbering not set for structure            3
  Residue numbering set for structure            3 :           0
  Swap chains of molecules of structure            3 : F
  Warning: Type of residue numbering not set for structure            4
  Residue numbering set for structure            4 :           0
  Swap chains of molecules of structure            4 : F
  Number of molecules of type            1 :           39
  Number of molecules of type            2 :           39
  Number of molecules of type            3 :          260
  Number of molecules of type            4 :          204
  Total number of atoms:         3096
  Total number of molecules:          542
  Number of fixed molecules:            0
  Number of free molecules:          542
  Number of variables:         3252
  Total number of fixed atoms:            0
  Maximum internal distance of type            1 :    0.0000000000000000     
  Maximum internal distance of type            2 :    3.4362325299665035     
  Maximum internal distance of type            3 :    3.4641873505917662     
  Maximum internal distance of type            4 :    4.7941631177923014     
  All atoms must be within these coordinates: 
   x: [   -999.20000000000005      ,    1000.8000000000000       ] 
   y: [   -999.20000000000005      ,    1000.8000000000000       ] 
   z: [   -999.20000000000005      ,    1000.8000000000000       ] 
  If the system is larger than this, increase the sidemax parameter. 

################################################################################

  Building initial approximation ... 

################################################################################

  Adjusting initial point to fit the constraints 

--------------------------------------------------------------------------------

--------------------------------------------------------------------------------

  Molecules of type:            1

  Packing:|0                                                             100%|
          |*******

  Restraint-only function value:    4.6769217280921805E-013
  Maximum violation of the restraints:    7.1806543851603617E-014

--------------------------------------------------------------------------------

  Molecules of type:            2

  Packing:|0                                                             100%|
          |******************************************

  Restraint-only function value:    2.7880739782871089E-004
  Maximum violation of the restraints:    2.7877383212667281E-004

--------------------------------------------------------------------------------

  Molecules of type:            3

  Packing:|0                                                             100%|
          |********************************************************

  Restraint-only function value:    1.4049980074496340E-004
  Maximum violation of the restraints:    6.0025916217296146E-005

--------------------------------------------------------------------------------

  Molecules of type:            4

  Packing:|0                                                             100%|
          |******************************************************************|
          |

  Restraint-only function value:    6.1563238727146646E-006
  Maximum violation of the restraints:    6.1563238727146646E-006

--------------------------------------------------------------------------------

  Rescaling maximum and minimum coordinates... 
  Computing size of patches... 
  Add fixed molecules to permanent arrays... 
  Reseting center of mass... 

--------------------------------------------------------------------------------

  Setting initial trial coordinates ... 

--------------------------------------------------------------------------------

--------------------------------------------------------------------------------

  Molecules of type:            1
  Adjusting random positions to fit the constraints. 
  Restraint-only function value:    0.0000000000000000     
  Maximum violation of the restraints:    0.0000000000000000     

--------------------------------------------------------------------------------

  Molecules of type:            2
  Adjusting random positions to fit the constraints. 
  Restraint-only function value:    0.0000000000000000     
  Maximum violation of the restraints:    0.0000000000000000     

--------------------------------------------------------------------------------

  Molecules of type:            3
  Adjusting random positions to fit the constraints. 
  Packing:|0                                                             100%|
          |*******
  Restraint-only function value:    2.0101108732137649E-005
  Maximum violation of the restraints:    2.0101108732137649E-005

--------------------------------------------------------------------------------

  Molecules of type:            4
  Adjusting random positions to fit the constraints. 
  Packing:|0                                                             100%|
          |*******
  Restraint-only function value:    2.8409976201964351E-003
  Maximum violation of the restraints:    2.4935840167914086E-003

################################################################################

  Objective function at initial point:    12023.190477842496     

################################################################################

  Packing molecules of type:            1

################################################################################


--------------------------------------------------------------------------------

  Starting GENCAN loop:            0
  Scaling radii by:    1.1000000000000001     

  Packing:|0                                                             100%|
          |*******

  Function value from last GENCAN loop: f = .28758E-18
  Best function value before: f = .46276E+01
  Improvement from best function value:    99.99 %
  Improvement from last loop:    99.99 %
  Maximum violation of target distance:     0.000000
  Maximum violation of the constraints: .28758E-18
  Current structure written to file: conf.pdb
--------------------------------------------------------------------------------
  Packing solved for molecules of type           1
  Objective function value:    2.8758328090592553E-019
  Maximum violation of target distance:    0.0000000000000000     
  Max. constraint violation:    2.8758328090592553E-019
--------------------------------------------------------------------------------

################################################################################

  Packing molecules of type:            2

################################################################################


--------------------------------------------------------------------------------

  Starting GENCAN loop:            0
  Scaling radii by:    1.1000000000000001     

  Packing:|0                                                             100%|
          |**************

  Function value from last GENCAN loop: f = .00000E+00
  Best function value before: f = .47337E+02
  Improvement from best function value:    99.99 %
  Improvement from last loop:    99.99 %
  Maximum violation of target distance:     0.000000
  Maximum violation of the constraints: .00000E+00
  Current structure written to file: conf.pdb
--------------------------------------------------------------------------------
  Packing solved for molecules of type           2
  Objective function value:    0.0000000000000000     
  Maximum violation of target distance:    0.0000000000000000     
  Max. constraint violation:    0.0000000000000000     
--------------------------------------------------------------------------------

################################################################################

  Packing molecules of type:            3

################################################################################


--------------------------------------------------------------------------------

  Starting GENCAN loop:            0
  Scaling radii by:    1.1000000000000001     

  Packing:|0                                                             100%|
          |******************************************

  Function value from last GENCAN loop: f = .10950E-01
  Best function value before: f = .29208E+04
  Improvement from best function value:    99.99 %
  Improvement from last loop:    99.99 %
  Maximum violation of target distance:     0.000000
  Maximum violation of the constraints: .80026E-02
  Current structure written to file: conf.pdb
--------------------------------------------------------------------------------
  Packing solved for molecules of type           3
  Objective function value:    1.0949618362097790E-002
  Maximum violation of target distance:    0.0000000000000000     
  Max. constraint violation:    8.0026322098290074E-003
--------------------------------------------------------------------------------

################################################################################

  Packing molecules of type:            4

################################################################################


--------------------------------------------------------------------------------

  Starting GENCAN loop:            0
  Scaling radii by:    1.1000000000000001     

  Packing:|0                                                             100%|
          |******************************************************************|
          |**************

  Function value from last GENCAN loop: f = .27925E-05
  Best function value before: f = .16593E+04
  Improvement from best function value:    99.99 %
  Improvement from last loop:    99.99 %
  Maximum violation of target distance:     0.000000
  Maximum violation of the constraints: .10500E-05
  Current structure written to file: conf.pdb
--------------------------------------------------------------------------------
  Packing solved for molecules of type           4
  Objective function value:    2.7925483148360618E-006
  Maximum violation of target distance:    0.0000000000000000     
  Max. constraint violation:    1.0499945073835808E-006
--------------------------------------------------------------------------------

################################################################################

  Packing all molecules together 

################################################################################


--------------------------------------------------------------------------------

  Starting GENCAN loop:            0
  Scaling radii by:    1.1000000000000001     

  Packing:|0                                                             100%|
          |******************************************************************|
          |******************************************************************|

  Function value from last GENCAN loop: f = .60857E-01
  Best function value before: f = .65753E+04
  Improvement from best function value:    99.99 %
  Improvement from last loop:    99.99 %
  Maximum violation of target distance:     0.000000
  Maximum violation of the constraints: .37657E-01

--------------------------------------------------------------------------------


--------------------------------------------------------------------------------

  Starting GENCAN loop:            1
  Scaling radii by:    1.1000000000000001     

  Packing:|0                                                             100%|
          |****************************

  Function value from last GENCAN loop: f = .11517E-03
  Best function value before: f = .60857E-01
  Improvement from best function value:    99.81 %
  Improvement from last loop:    99.81 %
  Maximum violation of target distance:     0.000000
  Maximum violation of the constraints: .10332E-03

################################################################################

                                 Success! 
              Final objective function value: .11517E-03
              Maximum violation of target distance:   0.000000
              Maximum violation of the constraints: .10332E-03

--------------------------------------------------------------------------------

              Please cite this work if Packmol was useful: 

           L. Martinez, R. Andrade, E. G. Birgin, J. M. Martinez, 
         PACKMOL: A package for building initial configurations for
                   molecular dynamics simulations. 
          Journal of Computational Chemistry, 30:2157-2164,2009.

################################################################################

  Solution written to file: conf.pdb

--------------------------------------------------------------------------------

   Running time:   0.722275019      seconds. 

--------------------------------------------------------------------------------


