2026-02-14 16:40:56 — INFO — INPUT SMILE: F[P-](F)(F)(F)(F)F
2026-02-14 16:40:56 — INFO — NUMBER OF OPTIMIZATIONS: 0
2026-02-14 16:40:56 — INFO — Generating molecule from input SMILES: F[P-](F)(F)(F)(F)F
2026-02-14 16:40:56 — WARNING — RDkit FAILS to generate the coordinates from the SMILES for F[P-](F)(F)(F)(F)F. Trying new RDkit approach...
2026-02-14 16:40:57 — INFO — 3D coordinates generated with PYBEL (openBabel)
2026-02-14 16:40:57 — INFO — Center of mass position:  2.983  0.127  0.401
2026-02-14 16:40:57 — INFO — Closest atom to the center of mass: P  1 with distance :  0.017  (A) 
2026-02-14 16:40:57 — WARNING — AUTO DETECTED CHARGE: 0  USER INPUT CHARGE: -1  (NOT MATCHING CHARGES)
2026-02-14 16:40:57 — INFO — MOLECULE CHARGE USED: -1
2026-02-14 16:40:57 — INFO — CHARGE ALGORITHM USED: CM1A
2026-02-14 16:40:57 — INFO — RESIDUE NAME USED: PF6
2026-02-14 16:40:57 — INFO — Parsing Bonds, Angles and dihedrals
2026-02-14 16:40:57 — INFO — Parsing Atoms
2026-02-14 16:40:57 — INFO — --- SUMMARY MOLECULE STRUCTURE ---
2026-02-14 16:40:57 — INFO — Number of Atoms: 10
2026-02-14 16:40:57 — INFO — Number of Variable Bonds: 6
2026-02-14 16:40:57 — INFO — Number of Additional Bonds: 0
2026-02-14 16:40:57 — INFO — Number of Variable Angles: 5
2026-02-14 16:40:57 — INFO — Number of Additional Angles: 10
2026-02-14 16:40:57 — INFO — Number of Variable Torsions: 0
2026-02-14 16:40:57 — INFO — Number of Additional Torsions: 0
2026-02-14 16:40:57 — INFO — Number of excluded Atoms: 0
2026-02-14 16:40:57 — INFO — Generating Zmat
2026-02-14 16:40:57 — INFO — Running BOSS
2026-02-14 16:41:00 — INFO — Parsing BOSS molecule outputs
2026-02-14 16:41:00 — INFO — Generating Q inputs
2026-02-14 16:41:00 — INFO — Generating Gromacs inputs
2026-02-14 16:41:00 — INFO — Generating CHARMM/NAMD inputs
2026-02-14 16:41:00 — INFO — Generating TINKER inputs
2026-02-14 16:41:00 — INFO — Generating openMM inputs
2026-02-14 16:41:00 — INFO — Generating PQR inputs
2026-02-14 16:41:00 — INFO — Generating DESMOND inputs
2026-02-14 16:41:00 — INFO — Generating LAMMPS inputs
2026-02-14 16:41:00 — INFO — Generating XPLOR inputs
2026-02-14 16:41:00 — INFO —             
    
                    LigParGen finished succesfully!
    
    Please do not forget to cite the following references: 

        1. LigParGen web server: an automatic OPLS-AA parameter generator for organic ligands  
           Leela S. Dodda  Israel Cabeza de Vaca  Julian Tirado-Rives William L. Jorgensen 
           Nucleic Acids Research, Volume 45, Issue W1, 3 July 2017, Pages W331–W336

        2. 1.14*CM1A-LBCC: Localized Bond-Charge Corrected CM1A Charges for Condensed-Phase Simulations
    
